<html>
<body>
<pre>
<h1>µVision Build Log</h1>
<h2>Tool Versions:</h2>
IDE-Version: ¦ÌVision V5.37.0.0
Copyright (C) 2022 ARM Ltd and ARM Germany GmbH. All rights reserved.
License Information: 111 11212, 1212, LIC=0VRJ7-EVSYL-GQ50H-W9CZL-6FJ8Q-GFI09
 
Tool Versions:
Toolchain:       MDK-ARM Professional  Version: 5.37.0.0
Toolchain Path:  D:\Office\Keil5\Core\ARM\ARMCC\Bin
C Compiler:      Armcc.exe V5.06 update 7 (build 960)
Assembler:       Armasm.exe V5.06 update 7 (build 960)
Linker/Locator:  ArmLink.exe V5.06 update 7 (build 960)
Library Manager: ArmAr.exe V5.06 update 7 (build 960)
Hex Converter:   FromElf.exe V5.06 update 7 (build 960)
CPU DLL:         SARMCM3.DLL V5.37.0.0
Dialog DLL:      DCM.DLL V1.17.5.0
Target DLL:      STLink\ST-LINKIII-KEIL_SWO.dll V3.0.9.0
Dialog DLL:      TCM.DLL V1.56.1.0
 
<h2>Project:</h2>
D:\Office\GitHub\2025-MCU32\9175WQW4320\STM32_IR\STM32_IR.uvprojx
Project File Date:  10/12/2025

<h2>Output:</h2>
*** Using Compiler 'V5.06 update 7 (build 960)', folder: 'D:\Office\Keil5\Core\ARM\ARMCC\Bin'
Rebuild target 'default'
compiling App_Timer.c...
compiling main.c...
compiling LED_Blink.c...
compiling GreedySnake.c...
compiling GuessMine.c...
compiling remote_nec_driver.c...
compiling ps2_ADC_DMA.c...
compiling serov_driver.c...
compiling arm_control.c...
compiling GuessNum.c...
compiling Contact.c...
compiling rtc_driver.c...
compiling menu.c...
compiling system_stm32f10x.c...
compiling stm32f10x_it.c...
assembling startup_stm32f10x_md.s...
compiling Ps2_Key.c...
compiling Alarm.c...
compiling STM32_slave.c...
compiling usart_frame_handler.c...
compiling stm32f10x_pal.c...
compiling stm32f10x_pal_adc.c...
compiling stm32f10x_pal_exti.c...
compiling stm32f10x_pal_spi.c...
compiling stm32f10x_pal_button.c...
compiling stm32f10x_pal_usart.c...
compiling pal_str_codec.c...
compiling stm32f10x_pal_can.c...
compiling stm32f10x_pal_i2c.c...
compiling stm32f10x_pal_device_uid.c...
compiling pal_bin_codec.c...
compiling stm32f10x_pal_mpu6050.c...
compiling stm32f10x_pal_oled.c...
compiling stm32f10x_pal_hcsr04.c...
compiling stm32f10x_pal_ir_nec.c...
compiling pal_pid.c...
compiling inv_mpu_dmp_motion_driver.c...
compiling stm32f10x_pal_w25q64.c...
compiling inv_mpu.c...
compiling pal_iir_filter.c...
compiling stm32f10x_pal_ec600.c...
compiling pal_foc.c...
compiling pal_crc.c...
compiling pal_lpf.c...
compiling misc.c...
compiling pal_byte_queue.c...
compiling pal_object_queue.c...
compiling pal_math.c...
compiling stm32f10x_adc.c...
compiling stm32f10x_bkp.c...
compiling stm32f10x_can.c...
compiling stm32f10x_cec.c...
compiling stm32f10x_crc.c...
compiling stm32f10x_dbgmcu.c...
compiling stm32f10x_dac.c...
compiling stm32f10x_dma.c...
compiling stm32f10x_exti.c...
compiling stm32f10x_fsmc.c...
compiling stm32f10x_gpio.c...
compiling stm32f10x_flash.c...
compiling stm32f10x_iwdg.c...
compiling stm32f10x_pwr.c...
compiling stm32f10x_i2c.c...
compiling OLED_Data.c...
compiling stm32f10x_rtc.c...
compiling stm32f10x_rcc.c...
compiling stm32f10x_sdio.c...
compiling stm32f10x_spi.c...
compiling stm32f10x_wwdg.c...
compiling stm32f10x_usart.c...
compiling stm32f10x_tim.c...
compiling OLED.c...
compiling Active_Buzzer.c...
linking...
Program Size: Code=18844 RO-data=4204 RW-data=320 ZI-data=6920  
FromELF: creating hex file...
".\Objects\template.axf" - 0 Error(s), 0 Warning(s).

<h2>Software Packages used:</h2>

Package Vendor: Keil
                http://www.keil.com/pack/Keil.STM32F1xx_DFP.2.4.0.pack
                Keil.STM32F1xx_DFP.2.4.0
                STMicroelectronics STM32F1 Series Device Support, Drivers and Examples

<h2>Collection of Component include folders:</h2>
  D:/Office/Keil5/Pack/Keil/STM32F1xx_DFP/2.4.0/Device/Include

<h2>Collection of Component Files used:</h2>
Build Time Elapsed:  00:00:04
</pre>
</body>
</html>
