Component: ARM Compiler 5.06 update 7 (build 960) Tool: armlink [4d3601]

==============================================================================

Section Cross References

    main.o(i.main) refers to oled.o(i.OLED_Init) for OLED_Init
    main.o(i.main) refers to stm32f10x_pal.o(i.PAL_Init) for PAL_Init
    main.o(i.main) refers to rtc_driver.o(i.Rtc_Init) for Rtc_Init
    main.o(i.main) refers to remote_nec_driver.o(i.Capture_Config) for Capture_Config
    main.o(i.main) refers to guessmine.o(i.MineBoard_Init) for MineBoard_Init
    main.o(i.main) refers to contact.o(i.Contact_Init) for Contact_Init
    main.o(i.main) refers to led_blink.o(i.Led_BlinkInit) for Led_BlinkInit
    main.o(i.main) refers to ps2_adc_dma.o(i.ps2_ADCInit) for ps2_ADCInit
    main.o(i.main) refers to serov_driver.o(i.Arm_Init) for Arm_Init
    main.o(i.main) refers to arm_control.o(i.Arm_Reset) for Arm_Reset
    main.o(i.main) refers to app_timer.o(i.App_Timer_Init) for App_Timer_Init
    main.o(i.main) refers to app_timer.o(i.App_Timer_GetTick) for App_Timer_GetTick
    main.o(i.main) refers to menu.o(i.Menu_Proc) for Menu_Proc
    main.o(i.main) refers to guessnum.o(i.GuessNum_Proc) for GuessNum_Proc
    main.o(i.main) refers to guessmine.o(i.GuessMine_Proc) for GuessMine_Proc
    main.o(i.main) refers to contact.o(i.Contact_Proc) for Contact_Proc
    main.o(i.main) refers to greedysnake.o(i.GreedySnake_Proc) for GreedySnake_Proc
    main.o(i.main) refers to arm_control.o(i.Arm_Proc) for Arm_Proc
    main.o(i.main) refers to alarm.o(i.Alarm_Proc) for Alarm_Proc
    main.o(i.main) refers to led_blink.o(i.Led_Blink_Proc) for Led_Blink_Proc
    main.o(i.main) refers to main.o(.data) for .data
    system_stm32f10x.o(i.SetSysClock) refers to system_stm32f10x.o(i.SetSysClockTo72) for SetSysClockTo72
    system_stm32f10x.o(i.SystemCoreClockUpdate) refers to system_stm32f10x.o(.data) for .data
    system_stm32f10x.o(i.SystemInit) refers to system_stm32f10x.o(i.SetSysClock) for SetSysClock
    stm32f10x_it.o(i.SysTick_Handler) refers to stm32f10x_pal.o(i.PAL_Systick_IRQHandler) for PAL_Systick_IRQHandler
    remote_nec_driver.o(i.Capture_Config) refers to stm32f10x_rcc.o(i.RCC_APB2PeriphClockCmd) for RCC_APB2PeriphClockCmd
    remote_nec_driver.o(i.Capture_Config) refers to stm32f10x_gpio.o(i.GPIO_Init) for GPIO_Init
    remote_nec_driver.o(i.Capture_Config) refers to stm32f10x_rcc.o(i.RCC_APB2PeriphResetCmd) for RCC_APB2PeriphResetCmd
    remote_nec_driver.o(i.Capture_Config) refers to stm32f10x_tim.o(i.TIM_ARRPreloadConfig) for TIM_ARRPreloadConfig
    remote_nec_driver.o(i.Capture_Config) refers to stm32f10x_tim.o(i.TIM_TimeBaseInit) for TIM_TimeBaseInit
    remote_nec_driver.o(i.Capture_Config) refers to stm32f10x_tim.o(i.TIM_GenerateEvent) for TIM_GenerateEvent
    remote_nec_driver.o(i.Capture_Config) refers to stm32f10x_tim.o(i.TIM_SelectHallSensor) for TIM_SelectHallSensor
    remote_nec_driver.o(i.Capture_Config) refers to stm32f10x_tim.o(i.TIM_SetClockDivision) for TIM_SetClockDivision
    remote_nec_driver.o(i.Capture_Config) refers to stm32f10x_tim.o(i.TIM_ICInit) for TIM_ICInit
    remote_nec_driver.o(i.Capture_Config) refers to stm32f10x_tim.o(i.TIM_Cmd) for TIM_Cmd
    remote_nec_driver.o(i.Capture_Config) refers to stm32f10x_tim.o(i.TIM_CCxCmd) for TIM_CCxCmd
    remote_nec_driver.o(i.Capture_Config) refers to stm32f10x_tim.o(i.TIM_ITConfig) for TIM_ITConfig
    remote_nec_driver.o(i.Capture_Config) refers to stm32f10x_tim.o(i.TIM_ClearFlag) for TIM_ClearFlag
    remote_nec_driver.o(i.Capture_Config) refers to misc.o(i.NVIC_Init) for NVIC_Init
    remote_nec_driver.o(i.IR_GetKey) refers to remote_nec_driver.o(.data) for .data
    remote_nec_driver.o(i.TIM1_CC_IRQHandler) refers to stm32f10x_tim.o(i.TIM_GetITStatus) for TIM_GetITStatus
    remote_nec_driver.o(i.TIM1_CC_IRQHandler) refers to stm32f10x_tim.o(i.TIM_ClearITPendingBit) for TIM_ClearITPendingBit
    remote_nec_driver.o(i.TIM1_CC_IRQHandler) refers to stm32f10x_tim.o(i.TIM_GetCapture1) for TIM_GetCapture1
    remote_nec_driver.o(i.TIM1_CC_IRQHandler) refers to remote_nec_driver.o(.data) for .data
    remote_nec_driver.o(i.TIM1_CC_IRQHandler) refers to alarm.o(.data) for Alarm_count
    remote_nec_driver.o(i.TIM1_UP_IRQHandler) refers to stm32f10x_tim.o(i.TIM_GetITStatus) for TIM_GetITStatus
    remote_nec_driver.o(i.TIM1_UP_IRQHandler) refers to stm32f10x_tim.o(i.TIM_ClearITPendingBit) for TIM_ClearITPendingBit
    remote_nec_driver.o(i.TIM1_UP_IRQHandler) refers to stm32f10x_gpio.o(i.GPIO_ReadInputDataBit) for GPIO_ReadInputDataBit
    remote_nec_driver.o(i.TIM1_UP_IRQHandler) refers to remote_nec_driver.o(.data) for .data
    menu.o(i.GetRandom) refers to stm32f10x_tim.o(i.TIM_GetCounter) for TIM_GetCounter
    menu.o(i.GetRandom) refers to rand.o(.text) for srand
    menu.o(i.GetRandom) refers to menu.o(.data) for .data
    menu.o(i.Menu_HomeShow) refers to oled.o(i.OLED_Clear) for OLED_Clear
[...]
    i.RTC_SetPrescaler                       0x08003144   Section        0  stm32f10x_rtc.o(i.RTC_SetPrescaler)
    i.RTC_SetTime                            0x08003164   Section        0  rtc_driver.o(i.RTC_SetTime)
    i.RTC_WaitForLastTask                    0x080031a4   Section        0  stm32f10x_rtc.o(i.RTC_WaitForLastTask)
    i.RTC_WaitForSynchro                     0x080031b4   Section        0  stm32f10x_rtc.o(i.RTC_WaitForSynchro)
    i.Rtc_Init                               0x080031cc   Section        0  rtc_driver.o(i.Rtc_Init)
    i.SVC_Handler                            0x08003244   Section        0  stm32f10x_it.o(i.SVC_Handler)
    i.SetSysClock                            0x08003246   Section        0  system_stm32f10x.o(i.SetSysClock)
    SetSysClock                              0x08003247   Thumb Code     4  system_stm32f10x.o(i.SetSysClock)
    i.SetSysClockTo72                        0x0800324c   Section        0  system_stm32f10x.o(i.SetSysClockTo72)
    SetSysClockTo72                          0x0800324d   Thumb Code   166  system_stm32f10x.o(i.SetSysClockTo72)
    i.Set_Alarm                              0x080032fc   Section        0  alarm.o(i.Set_Alarm)
    i.Set_RTC_Time                           0x08003444   Section        0  alarm.o(i.Set_RTC_Time)
    i.SnakeDeInit                            0x0800356c   Section        0  greedysnake.o(i.SnakeDeInit)
    i.SnakeGame_Init                         0x08003574   Section        0  greedysnake.o(i.SnakeGame_Init)
    i.SnakeInit                              0x0800359c   Section        0  greedysnake.o(i.SnakeInit)
    i.Snake_CreateTmp                        0x080035b2   Section        0  greedysnake.o(i.Snake_CreateTmp)
    i.Snake_DeleteTail                       0x0800364a   Section        0  greedysnake.o(i.Snake_DeleteTail)
    i.Snake_GameOver                         0x08003668   Section        0  greedysnake.o(i.Snake_GameOver)
    i.Snake_GameVictory                      0x080036a8   Section        0  greedysnake.o(i.Snake_GameVictory)
    i.Snake_GenerateFood                     0x080036e8   Section        0  greedysnake.o(i.Snake_GenerateFood)
    i.Snake_IsDead                           0x08003748   Section        0  greedysnake.o(i.Snake_IsDead)
    i.Snake_Move                             0x080037a8   Section        0  greedysnake.o(i.Snake_Move)
    i.Snake_PushHead                         0x08003824   Section        0  greedysnake.o(i.Snake_PushHead)
    i.SysTick_Handler                        0x08003856   Section        0  stm32f10x_it.o(i.SysTick_Handler)
    i.SystemInit                             0x0800385c   Section        0  system_stm32f10x.o(i.SystemInit)
    i.Systick_Init                           0x080038ac   Section        0  stm32f10x_pal.o(i.Systick_Init)
    Systick_Init                             0x080038ad   Thumb Code   134  stm32f10x_pal.o(i.Systick_Init)
    i.TI1_Config                             0x08003940   Section        0  stm32f10x_tim.o(i.TI1_Config)
    TI1_Config                               0x08003941   Thumb Code    94  stm32f10x_tim.o(i.TI1_Config)
    i.TI2_Config                             0x080039b4   Section        0  stm32f10x_tim.o(i.TI2_Config)
    TI2_Config                               0x080039b5   Thumb Code   102  stm32f10x_tim.o(i.TI2_Config)
    i.TI3_Config                             0x08003a30   Section        0  stm32f10x_tim.o(i.TI3_Config)
    TI3_Config                               0x08003a31   Thumb Code    98  stm32f10x_tim.o(i.TI3_Config)
    i.TI4_Config                             0x08003aa8   Section        0  stm32f10x_tim.o(i.TI4_Config)
    TI4_Config                               0x08003aa9   Thumb Code   102  stm32f10x_tim.o(i.TI4_Config)
    i.TIM1_CC_IRQHandler                     0x08003b24   Section        0  remote_nec_driver.o(i.TIM1_CC_IRQHandler)
    i.TIM1_UP_IRQHandler                     0x08003c10   Section        0  remote_nec_driver.o(i.TIM1_UP_IRQHandler)
    i.TIM3_IRQHandler                        0x08003c5c   Section        0  app_timer.o(i.TIM3_IRQHandler)
    i.TIM_ARRPreloadConfig                   0x08003c90   Section        0  stm32f10x_tim.o(i.TIM_ARRPreloadConfig)
    i.TIM_CCxCmd                             0x08003ca8   Section        0  stm32f10x_tim.o(i.TIM_CCxCmd)
    i.TIM_ClearFlag                          0x08003cbe   Section        0  stm32f10x_tim.o(i.TIM_ClearFlag)
    i.TIM_ClearITPendingBit                  0x08003cc4   Section        0  stm32f10x_tim.o(i.TIM_ClearITPendingBit)
    i.TIM_Cmd                                0x08003cca   Section        0  stm32f10x_tim.o(i.TIM_Cmd)
    i.TIM_GenerateEvent                      0x08003ce2   Section        0  stm32f10x_tim.o(i.TIM_GenerateEvent)
    i.TIM_GetCapture1                        0x08003ce6   Section        0  stm32f10x_tim.o(i.TIM_GetCapture1)
    i.TIM_GetCounter                         0x08003cea   Section        0  stm32f10x_tim.o(i.TIM_GetCounter)
    i.TIM_GetFlagStatus                      0x08003cee   Section        0  stm32f10x_tim.o(i.TIM_GetFlagStatus)
    i.TIM_GetITStatus                        0x08003cfc   Section        0  stm32f10x_tim.o(i.TIM_GetITStatus)
    i.TIM_ICInit                             0x08003d14   Section        0  stm32f10x_tim.o(i.TIM_ICInit)
    i.TIM_ITConfig                           0x08003da0   Section        0  stm32f10x_tim.o(i.TIM_ITConfig)
    i.TIM_InternalClockConfig                0x08003db4   Section        0  stm32f10x_tim.o(i.TIM_InternalClockConfig)
    i.TIM_OC1Init                            0x08003dc0   Section        0  stm32f10x_tim.o(i.TIM_OC1Init)
    i.TIM_OC2Init                            0x08003e48   Section        0  stm32f10x_tim.o(i.TIM_OC2Init)
    i.TIM_OC3Init                            0x08003ed0   Section        0  stm32f10x_tim.o(i.TIM_OC3Init)
    i.TIM_OCStructInit                       0x08003f54   Section        0  stm32f10x_tim.o(i.TIM_OCStructInit)
    i.TIM_SelectHallSensor                   0x08003f68   Section        0  stm32f10x_tim.o(i.TIM_SelectHallSensor)
    i.TIM_SetClockDivision                   0x08003f80   Section        0  stm32f10x_tim.o(i.TIM_SetClockDivision)
    i.TIM_SetCompare1                        0x08003f90   Section        0  stm32f10x_tim.o(i.TIM_SetCompare1)
    i.TIM_SetCompare2                        0x08003f94   Section        0  stm32f10x_tim.o(i.TIM_SetCompare2)
    i.TIM_SetCompare3                        0x08003f98   Section        0  stm32f10x_tim.o(i.TIM_SetCompare3)
    i.TIM_SetIC1Prescaler                    0x08003f9c   Section        0  stm32f10x_tim.o(i.TIM_SetIC1Prescaler)
    i.TIM_SetIC2Prescaler                    0x08003fac   Section        0  stm32f10x_tim.o(i.TIM_SetIC2Prescaler)
    i.TIM_SetIC3Prescaler                    0x08003fc4   Section        0  stm32f10x_tim.o(i.TIM_SetIC3Prescaler)
    i.TIM_SetIC4Prescaler                    0x08003fd4   Section        0  stm32f10x_tim.o(i.TIM_SetIC4Prescaler)
    i.TIM_TimeBaseInit                       0x08003fec   Section        0  stm32f10x_tim.o(i.TIM_TimeBaseInit)
    i.USART3_IRQHandler                      0x08004088   Section        0  usart_frame_handler.o(i.USART3_IRQHandler)
    i.USART_GetITStatus                      0x080040b0   Section        0  stm32f10x_usart.o(i.USART_GetITStatus)
    i.USART_ProcessByte                      0x080040f0   Section        0  usart_frame_handler.o(i.USART_ProcessByte)
    i.USART_ReceiveData                      0x08004168   Section        0  stm32f10x_usart.o(i.USART_ReceiveData)
    i.UsageFault_Handler                     0x08004170   Section        0  stm32f10x_it.o(i.UsageFault_Handler)
    i.__0vsprintf                            0x08004174   Section        0  printfa.o(i.__0vsprintf)
    i.__scatterload_copy                     0x08004198   Section       14  handlers.o(i.__scatterload_copy)
    i.__scatterload_null                     0x080041a6   Section        2  handlers.o(i.__scatterload_null)
    i.__scatterload_zeroinit                 0x080041a8   Section       14  handlers.o(i.__scatterload_zeroinit)
    i._fp_digits                             0x080041b8   Section        0  printfa.o(i._fp_digits)
    _fp_digits                               0x080041b9   Thumb Code   366  printfa.o(i._fp_digits)
    i._printf_core                           0x0800433c   Section        0  printfa.o(i._printf_core)
    _printf_core                             0x0800433d   Thumb Code  1704  printfa.o(i._printf_core)
    i._printf_post_padding                   0x080049f0   Section        0  printfa.o(i._printf_post_padding)
    _printf_post_padding                     0x080049f1   Thumb Code    36  printfa.o(i._printf_post_padding)
    i._printf_pre_padding                    0x08004a14   Section        0  printfa.o(i._printf_pre_padding)
    _printf_pre_padding                      0x08004a15   Thumb Code    46  printfa.o(i._printf_pre_padding)
    i._sputc                                 0x08004a42   Section        0  printfa.o(i._sputc)
    _sputc                                   0x08004a43   Thumb Code    10  printfa.o(i._sputc)
    i.main                                   0x08004a4c   Section        0  main.o(i.main)
    i.ps2_ADCInit                            0x08004acc   Section        0  ps2_adc_dma.o(i.ps2_ADCInit)
    .constdata                               0x08004be4   Section       40  contact.o(.constdata)
    .constdata                               0x08004c0c   Section     1520  oled_data.o(.constdata)
    .constdata                               0x080051fc   Section      570  oled_data.o(.constdata)
    .constdata                               0x08005436   Section     1702  oled_data.o(.constdata)
    .constdata                               0x08005adc   Section       12  mktime.o(.constdata)
    monlen                                   0x08005adc   Data          12  mktime.o(.constdata)
    .constdata                               0x08005ae8   Section       12  localtime_i.o(.constdata)
    monlen                                   0x08005ae8   Data          12  localtime_i.o(.constdata)
    .conststring                             0x08005af4   Section       80  menu.o(.conststring)
    .data                                    0x20000000   Section       24  main.o(.data)
    .data                                    0x20000018   Section       60  remote_nec_driver.o(.data)
    .data                                    0x20000054   Section       32  menu.o(.data)
    Menu_PageStart                           0x20000055   Data           1  menu.o(.data)
    Menu_Cursor                              0x20000056   Data           1  menu.o(.data)
    RandomInit_Flag                          0x20000057   Data           1  menu.o(.data)
    menu_items                               0x20000058   Data          28  menu.o(.data)
    .data                                    0x20000074   Section        8  guessnum.o(.data)
    GuessNum_Show_Flag                       0x20000075   Data           1  guessnum.o(.data)
    r                                        0x20000076   Data           2  guessnum.o(.data)
    GuessNum_Guess                           0x20000078   Data           4  guessnum.o(.data)
    .data                                    0x2000007c   Section       12  guessmine.o(.data)
    Mine_Cursor_X                            0x2000007d   Data           1  guessmine.o(.data)
    Mine_Cursor_Y                            0x2000007e   Data           1  guessmine.o(.data)
    MineBoard_X                              0x2000007f   Data           1  guessmine.o(.data)
    MineBoard_Y                              0x20000080   Data           1  guessmine.o(.data)
    Opened_Count                             0x20000082   Data           2  guessmine.o(.data)
    Opened_Flag                              0x20000084   Data           2  guessmine.o(.data)
    Closed_Flag                              0x20000086   Data           2  guessmine.o(.data)
    .data                                    0x20000088   Section        9  contact.o(.data)
    ContactName_Flag                         0x20000089   Data           1  contact.o(.data)
    Input_State_Flag                         0x2000008a   Data           1  contact.o(.data)
    Contact_PageStart                        0x2000008b   Data           1  contact.o(.data)
    Contact_Cursor                           0x2000008c   Data           1  contact.o(.data)
    Temp_Cursor                              0x2000008d   Data           1  contact.o(.data)
    input_index                              0x2000008e   Data           1  contact.o(.data)
    key_last                                 0x2000008f   Data           1  contact.o(.data)
    key_count                                0x20000090   Data           1  contact.o(.data)
    .data                                    0x20000098   Section       16  greedysnake.o(.data)
    Snake_DelayTime_Flag                     0x20000099   Data           1  greedysnake.o(.data)
    SnakeInit_Flag                           0x2000009a   Data           1  greedysnake.o(.data)
    Snake_DelayTime                          0x200000a0   Data           8  greedysnake.o(.data)
    .data                                    0x200000a8   Section        8  app_timer.o(.data)
    currentTick                              0x200000a8   Data           8  app_timer.o(.data)
    .data                                    0x200000b0   Section       16  led_blink.o(.data)
    Blink_Flag                               0x200000b1   Data           1  led_blink.o(.data)
    Temp_Key                                 0x200000b2   Data           1  led_blink.o(.data)
    Flicker                                  0x200000b4   Data           2  led_blink.o(.data)
    Time                                     0x200000b8   Data           8  led_blink.o(.data)
    .data                                    0x200000c0   Section        2  arm_control.o(.data)
    Arm_Cursor                               0x200000c1   Data           1  arm_control.o(.data)
    .data                                    0x200000c2   Section        8  ps2_adc_dma.o(.data)
    .data                                    0x200000ca   Section        8  rtc_driver.o(.data)
    .data                                    0x200000d8   Section       32  alarm.o(.data)
    Alarm_Cursor                             0x200000d8   Data           1  alarm.o(.data)
    Set_Alarm_Flag                           0x200000da   Data           1  alarm.o(.data)
    Set_RTC_Flag_Flag                        0x200000db   Data           1  alarm.o(.data)
    Alarm_switch                             0x200000dc   Data           1  alarm.o(.data)
    Alarm_Trigger_Flag                       0x200000dd   Data           1  alarm.o(.data)
    Alarm_Delay_Flag                         0x200000de   Data           1  alarm.o(.data)
    index                                    0x200000df   Data           1  alarm.o(.data)
    Tmp_Cnt                                  0x200000e0   Data           1  alarm.o(.data)
    Last_Time                                0x200000e8   Data           8  alarm.o(.data)
    .data                                    0x200000f8   Section       24  ps2_key.o(.data)
    lase_time_Line10                         0x20000100   Data           8  ps2_key.o(.data)
    lase_time_Line11                         0x20000108   Data           8  ps2_key.o(.data)
    .data                                    0x20000110   Section        1  usart_frame_handler.o(.data)
    .data                                    0x20000118   Section       16  stm32f10x_pal.o(.data)
    us_per_mini_tick                         0x20000118   Data           4  stm32f10x_pal.o(.data)
    ulTicks                                  0x20000120   Data           8  stm32f10x_pal.o(.data)
    .data                                    0x20000128   Section       20  stm32f10x_rcc.o(.data)
    ADCPrescTable                            0x20000128   Data           4  stm32f10x_rcc.o(.data)
    APBAHBPrescTable                         0x2000012c   Data          16  stm32f10x_rcc.o(.data)
    .data                                    0x2000013c   Section        4  rand.o(.data)
    _rand_state                              0x2000013c   Data           4  rand.o(.data)
    .bss                                     0x20000140   Section      460  guessmine.o(.bss)
    MineField                                0x20000140   Data         230  guessmine.o(.bss)
    MineField_Flag                           0x20000226   Data         230  guessmine.o(.bss)
    .bss                                     0x2000030c   Section      373  contact.o(.bss)
    contact_list                             0x2000030c   Data         361  contact.o(.bss)
    input_Data                               0x20000475   Data          12  contact.o(.bss)
    .bss                                     0x20000484   Section      864  greedysnake.o(.bss)
    Snake_P1                                 0x20000484   Data         864  greedysnake.o(.bss)
    .bss                                     0x200007e4   Section       16  arm_control.o(.bss)
    .bss                                     0x200007f4   Section       24  alarm.o(.bss)
    Tmp                                      0x200007f4   Data          24  alarm.o(.bss)
    .bss                                     0x2000080c   Section       10  usart_frame_handler.o(.bss)
    USART_Frame                              0x2000080c   Data          10  usart_frame_handler.o(.bss)
    .bss                                     0x20000816   Section     1024  oled.o(.bss)
    .bss                                     0x20000c18   Section       44  localtime_w.o(.bss)
    _tms                                     0x20000c18   Data          44  localtime_w.o(.bss)
    STACK                                    0x20000c48   Section     4096  startup_stm32f10x_md.o(STACK)

    Global Symbols

    Symbol Name                              Value     Ov Type        Size  Object(Section)

    BuildAttributes$$THM_ISAv4$P$D$K$B$S$PE$A:L22UL41UL21$X:L11$S22US41US21$IEEE1$IW$USESV6$~STKCKD$USESV7$~SHL$OTIME$ROPI$IEEEX$EBA8$MICROLIB$REQ8$PRES8$EABIv2 0x00000000   Number         0  anon$$obj.o ABSOLUTE
    __ARM_use_no_argv                        0x00000000   Number         0  main.o ABSOLUTE
    _printf_a                                0x00000000   Number         0  stubs.o ABSOLUTE
    _printf_c                                0x00000000   Number         0  stubs.o ABSOLUTE
    _printf_charcount                        0x00000000   Number         0  stubs.o ABSOLUTE
    _printf_d                                0x00000000   Number         0  stubs.o ABSOLUTE
    _printf_e                                0x00000000   Number         0  stubs.o ABSOLUTE
    _printf_f                                0x00000000   Number         0  stubs.o ABSOLUTE
    _printf_flags                            0x00000000   Number         0  stubs.o ABSOLUTE
    _printf_fp_dec                           0x00000000   Number         0  stubs.o ABSOLUTE
    _printf_fp_hex                           0x00000000   Number         0  stubs.o ABSOLUTE
    _printf_g                                0x00000000   Number         0  stubs.o ABSOLUTE
    _printf_i                                0x00000000   Number         0  stubs.o ABSOLUTE
    _printf_int_dec                          0x00000000   Number         0  stubs.o ABSOLUTE
    _printf_l                                0x00000000   Number         0  stubs.o ABSOLUTE
    _printf_lc                               0x00000000   Number         0  stubs.o ABSOLUTE
    _printf_ll                               0x00000000   Number         0  stubs.o ABSOLUTE
    _printf_lld                              0x00000000   Number         0  stubs.o ABSOLUTE
    _printf_lli                              0x00000000   Number         0  stubs.o ABSOLUTE
    _printf_llo                              0x00000000   Number         0  stubs.o ABSOLUTE
    _printf_llu                              0x00000000   Number         0  stubs.o ABSOLUTE
    _printf_llx                              0x00000000   Number         0  stubs.o ABSOLUTE
    _printf_longlong_dec                     0x00000000   Number         0  stubs.o ABSOLUTE
    _printf_longlong_hex                     0x00000000   Number         0  stubs.o ABSOLUTE
    _printf_longlong_oct                     0x00000000   Number         0  stubs.o ABSOLUTE
    _printf_ls                               0x00000000   Number         0  stubs.o ABSOLUTE
    _printf_mbtowc                           0x00000000   Number         0  stubs.o ABSOLUTE
    _printf_n                                0x00000000   Number         0  stubs.o ABSOLUTE
    _printf_o                                0x00000000   Number         0  stubs.o ABSOLUTE
    _printf_p                                0x00000000   Number         0  stubs.o ABSOLUTE
    _printf_percent                          0x00000000   Number         0  stubs.o ABSOLUTE
    _printf_pre_padding                      0x00000000   Number         0  stubs.o ABSOLUTE
    _printf_return_value                     0x00000000   Number         0  stubs.o ABSOLUTE
    _printf_s                                0x00000000   Number         0  stubs.o ABSOLUTE
    _printf_sizespec                         0x00000000   Number         0  stubs.o ABSOLUTE
    _printf_str                              0x00000000   Number         0  stubs.o ABSOLUTE
    _printf_truncate_signed                  0x00000000   Number         0  stubs.o ABSOLUTE
    _printf_truncate_unsigned                0x00000000   Number         0  stubs.o ABSOLUTE
    _printf_u                                0x00000000   Number         0  stubs.o ABSOLUTE
    _printf_wc                               0x00000000   Number         0  stubs.o ABSOLUTE
    _printf_wctomb                           0x00000000   Number         0  stubs.o ABSOLUTE
    _printf_widthprec                        0x00000000   Number         0  stubs.o ABSOLUTE
    _printf_x                                0x00000000   Number         0  stubs.o ABSOLUTE
    __arm_fini_                               - Undefined Weak Reference
    __cpp_initialize__aeabi_                  - Undefined Weak Reference
    __cxa_finalize                            - Undefined Weak Reference
    _clock_init                               - Undefined Weak Reference
    _microlib_exit                            - Undefined Weak Reference
    _scanf_longlong                           - Undefined Weak Reference
    _scanf_string                             - Undefined Weak Reference
    __Vectors_Size                           0x000000ec   Number         0  startup_stm32f10x_md.o ABSOLUTE
    __Vectors                                0x08000000   Data           4  startup_stm32f10x_md.o(RESET)
    __Vectors_End                            0x080000ec   Data           0  startup_stm32f10x_md.o(RESET)
    __main                                   0x080000ed   Thumb Code     0  entry.o(.ARM.Collect$$$$00000000)
    _main_stk                                0x080000ed   Thumb Code     0  entry2.o(.ARM.Collect$$$$00000001)
    _main_scatterload                        0x080000f1   Thumb Code     0  entry5.o(.ARM.Collect$$$$00000004)
    __main_after_scatterload                 0x080000f5   Thumb Code     0  entry5.o(.ARM.Collect$$$$00000004)
    _main_clock                              0x080000f5   Thumb Code     0  entry7b.o(.ARM.Collect$$$$00000008)
    _main_cpp_init                           0x080000f5   Thumb Code     0  entry8b.o(.ARM.Collect$$$$0000000A)
    _main_init                               0x080000f5   Thumb Code     0  entry9a.o(.ARM.Collect$$$$0000000B)
    __rt_lib_shutdown_fini                   0x080000fd   Thumb Code     0  entry12b.o(.ARM.Collect$$$$0000000E)
    __rt_final_cpp                           0x08000101   Thumb Code     0  entry10a.o(.ARM.Collect$$$$0000000F)
    __rt_final_exit                          0x08000101   Thumb Code     0  entry11a.o(.ARM.Collect$$$$00000011)
    Reset_Handler                            0x08000105   Thumb Code     8  startup_stm32f10x_md.o(.text)
    ADC1_2_IRQHandler                        0x0800011f   Thumb Code     0  startup_stm32f10x_md.o(.text)
    CAN1_RX1_IRQHandler                      0x0800011f   Thumb Code     0  startup_stm32f10x_md.o(.text)
    CAN1_SCE_IRQHandler                      0x0800011f   Thumb Code     0  startup_stm32f10x_md.o(.text)
    DMA1_Channel1_IRQHandler                 0x0800011f   Thumb Code     0  startup_stm32f10x_md.o(.text)
    DMA1_Channel2_IRQHandler                 0x0800011f   Thumb Code     0  startup_stm32f10x_md.o(.text)
    DMA1_Channel3_IRQHandler                 0x0800011f   Thumb Code     0  startup_stm32f10x_md.o(.text)
    DMA1_Channel4_IRQHandler                 0x0800011f   Thumb Code     0  startup_stm32f10x_md.o(.text)
    DMA1_Channel5_IRQHandler                 0x0800011f   Thumb Code     0  startup_stm32f10x_md.o(.text)
    DMA1_Channel6_IRQHandler                 0x0800011f   Thumb Code     0  startup_stm32f10x_md.o(.text)
    DMA1_Channel7_IRQHandler                 0x0800011f   Thumb Code     0  startup_stm32f10x_md.o(.text)
    EXTI0_IRQHandler                         0x0800011f   Thumb Code     0  startup_stm32f10x_md.o(.text)
    EXTI1_IRQHandler                         0x0800011f   Thumb Code     0  startup_stm32f10x_md.o(.text)
    EXTI2_IRQHandler                         0x0800011f   Thumb Code     0  startup_stm32f10x_md.o(.text)
    EXTI3_IRQHandler                         0x0800011f   Thumb Code     0  startup_stm32f10x_md.o(.text)
    EXTI4_IRQHandler                         0x0800011f   Thumb Code     0  startup_stm32f10x_md.o(.text)
    EXTI9_5_IRQHandler                       0x0800011f   Thumb Code     0  startup_stm32f10x_md.o(.text)
    FLASH_IRQHandler                         0x0800011f   Thumb Code     0  startup_stm32f10x_md.o(.text)
    I2C1_ER_IRQHandler                       0x0800011f   Thumb Code     0  startup_stm32f10x_md.o(.text)
    I2C1_EV_IRQHandler                       0x0800011f   Thumb Code     0  startup_stm32f10x_md.o(.text)
    I2C2_ER_IRQHandler                       0x0800011f   Thumb Code     0  startup_stm32f10x_md.o(.text)
    I2C2_EV_IRQHandler                       0x0800011f   Thumb Code     0  startup_stm32f10x_md.o(.text)
    PVD_IRQHandler                           0x0800011f   Thumb Code     0  startup_stm32f10x_md.o(.text)
    RCC_IRQHandler                           0x0800011f   Thumb Code     0  startup_stm32f10x_md.o(.text)
    RTCAlarm_IRQHandler                      0x0800011f   Thumb Code     0  startup_stm32f10x_md.o(.text)
    RTC_IRQHandler                           0x0800011f   Thumb Code     0  startup_stm32f10x_md.o(.text)
    SPI1_IRQHandler                          0x0800011f   Thumb Code     0  startup_stm32f10x_md.o(.text)
    SPI2_IRQHandler                          0x0800011f   Thumb Code     0  startup_stm32f10x_md.o(.text)
    TAMPER_IRQHandler                        0x0800011f   Thumb Code     0  startup_stm32f10x_md.o(.text)
    TIM1_BRK_IRQHandler                      0x0800011f   Thumb Code     0  startup_stm32f10x_md.o(.text)
    TIM1_TRG_COM_IRQHandler                  0x0800011f   Thumb Code     0  startup_stm32f10x_md.o(.text)
    TIM2_IRQHandler                          0x0800011f   Thumb Code     0  startup_stm32f10x_md.o(.text)
    TIM4_IRQHandler                          0x0800011f   Thumb Code     0  startup_stm32f10x_md.o(.text)
    USART1_IRQHandler                        0x0800011f   Thumb Code     0  startup_stm32f10x_md.o(.text)
    USART2_IRQHandler                        0x0800011f   Thumb Code     0  startup_stm32f10x_md.o(.text)
    USBWakeUp_IRQHandler                     0x0800011f   Thumb Code     0  startup_stm32f10x_md.o(.text)
    USB_HP_CAN1_TX_IRQHandler                0x0800011f   Thumb Code     0  startup_stm32f10x_md.o(.text)
    USB_LP_CAN1_RX0_IRQHandler               0x0800011f   Thumb Code     0  startup_stm32f10x_md.o(.text)
    WWDG_IRQHandler                          0x0800011f   Thumb Code     0  startup_stm32f10x_md.o(.text)
    __aeabi_uldivmod                         0x08000129   Thumb Code    98  uldiv.o(.text)
    rand                                     0x0800018d   Thumb Code    20  rand.o(.text)
    srand                                    0x080001a1   Thumb Code     6  rand.o(.text)
    mktime                                   0x080001b1   Thumb Code   150  mktime.o(.text)
    __aeabi_memcpy                           0x08000259   Thumb Code    36  memcpya.o(.text)
    __aeabi_memcpy4                          0x08000259   Thumb Code     0  memcpya.o(.text)
    __aeabi_memcpy8                          0x08000259   Thumb Code     0  memcpya.o(.text)
    __aeabi_memset                           0x0800027d   Thumb Code    14  memseta.o(.text)
    __aeabi_memset4                          0x0800027d   Thumb Code     0  memseta.o(.text)
    __aeabi_memset8                          0x0800027d   Thumb Code     0  memseta.o(.text)
    __aeabi_memclr                           0x0800028b   Thumb Code     4  memseta.o(.text)
    __aeabi_memclr4                          0x0800028b   Thumb Code     0  memseta.o(.text)
    __aeabi_memclr8                          0x0800028b   Thumb Code     0  memseta.o(.text)
    _memset$wrapper                          0x0800028f   Thumb Code    18  memseta.o(.text)
    strncpy                                  0x080002a1   Thumb Code    24  strncpy.o(.text)
    strcmp                                   0x080002b9   Thumb Code    28  strcmp.o(.text)
    __aeabi_fadd                             0x080002d5   Thumb Code   164  fadd.o(.text)
    __aeabi_fsub                             0x08000379   Thumb Code     6  fadd.o(.text)
    __aeabi_frsub                            0x0800037f   Thumb Code     6  fadd.o(.text)
    __aeabi_fmul                             0x08000385   Thumb Code   100  fmul.o(.text)
    __aeabi_fdiv                             0x080003e9   Thumb Code   124  fdiv.o(.text)
    __aeabi_dadd                             0x08000465   Thumb Code   322  dadd.o(.text)
    __aeabi_dsub                             0x080005a7   Thumb Code     6  dadd.o(.text)
    __aeabi_drsub                            0x080005ad   Thumb Code     6  dadd.o(.text)
    __aeabi_dmul                             0x080005b3   Thumb Code   228  dmul.o(.text)
    __aeabi_ddiv                             0x08000697   Thumb Code   222  ddiv.o(.text)
    __aeabi_i2f                              0x08000775   Thumb Code    18  fflti.o(.text)
    __aeabi_ui2f                             0x08000787   Thumb Code    10  ffltui.o(.text)
    __aeabi_ui2d                             0x08000791   Thumb Code    26  dfltui.o(.text)
    __aeabi_f2uiz                            0x080007ab   Thumb Code    40  ffixui.o(.text)
    __aeabi_d2ulz                            0x080007d3   Thumb Code    48  dfixul.o(.text)
    __aeabi_f2d                              0x08000803   Thumb Code    38  f2d.o(.text)
    __aeabi_cdrcmple                         0x08000829   Thumb Code    48  cdrcmple.o(.text)
    __aeabi_d2f                              0x08000859   Thumb Code    56  d2f.o(.text)
    __aeabi_uidiv                            0x08000891   Thumb Code     0  uidiv.o(.text)
    __aeabi_uidivmod                         0x08000891   Thumb Code    44  uidiv.o(.text)
    __aeabi_llsl                             0x080008bd   Thumb Code    30  llshl.o(.text)
    _ll_shift_l                              0x080008bd   Thumb Code     0  llshl.o(.text)
    __aeabi_llsr                             0x080008db   Thumb Code    32  llushr.o(.text)
    _ll_ushift_r                             0x080008db   Thumb Code     0  llushr.o(.text)
    __aeabi_lasr                             0x080008fb   Thumb Code    36  llsshr.o(.text)
    _ll_sshift_r                             0x080008fb   Thumb Code     0  llsshr.o(.text)
    localtime                                0x08000921   Thumb Code     6  localtime_w.o(.text)
    _localtime                               0x0800092d   Thumb Code   134  localtime_i.o(.text)
    __I$use$fp                               0x080009b9   Thumb Code     0  iusefp.o(.text)
    _float_round                             0x080009b9   Thumb Code    18  fepilogue.o(.text)
    _float_epilogue                          0x080009cb   Thumb Code    92  fepilogue.o(.text)
    _double_round                            0x08000a27   Thumb Code    30  depilogue.o(.text)
    _double_epilogue                         0x08000a45   Thumb Code   156  depilogue.o(.text)
    __scatterload                            0x08000ae1   Thumb Code    28  init.o(.text)
    __scatterload_rt2                        0x08000ae1   Thumb Code     0  init.o(.text)
    __decompress                             0x08000b05   Thumb Code     0  __dczerorl2.o(.text)
    __decompress1                            0x08000b05   Thumb Code    86  __dczerorl2.o(.text)
    ADC_Cmd                                  0x08000b5b   Thumb Code    24  stm32f10x_adc.o(i.ADC_Cmd)
    ADC_DMACmd                               0x08000b73   Thumb Code    24  stm32f10x_adc.o(i.ADC_DMACmd)
    ADC_GetCalibrationStatus                 0x08000b8b   Thumb Code    14  stm32f10x_adc.o(i.ADC_GetCalibrationStatus)
    ADC_GetResetCalibrationStatus            0x08000b99   Thumb Code    14  stm32f10x_adc.o(i.ADC_GetResetCalibrationStatus)
    ADC_Init                                 0x08000ba9   Thumb Code    62  stm32f10x_adc.o(i.ADC_Init)
    ADC_RegularChannelConfig                 0x08000bf1   Thumb Code   116  stm32f10x_adc.o(i.ADC_RegularChannelConfig)
    ADC_ResetCalibration                     0x08000c65   Thumb Code    10  stm32f10x_adc.o(i.ADC_ResetCalibration)
    ADC_SoftwareStartConvCmd                 0x08000c6f   Thumb Code    24  stm32f10x_adc.o(i.ADC_SoftwareStartConvCmd)
    ADC_StartCalibration                     0x08000c87   Thumb Code    10  stm32f10x_adc.o(i.ADC_StartCalibration)
    Alarm_Check                              0x08000c91   Thumb Code    50  alarm.o(i.Alarm_Check)
    Alarm_Delay                              0x08000ccd   Thumb Code   132  alarm.o(i.Alarm_Delay)
    Alarm_Proc                               0x08000d59   Thumb Code   108  alarm.o(i.Alarm_Proc)
    Alarm_Ring                               0x08000dd1   Thumb Code    62  alarm.o(i.Alarm_Ring)
    Alarm_Show                               0x08000e1d   Thumb Code   176  alarm.o(i.Alarm_Show)
    Alarm_Switch                             0x08000f01   Thumb Code    46  alarm.o(i.Alarm_Switch)
    App_Timer_GetTick                        0x08000f35   Thumb Code     8  app_timer.o(i.App_Timer_GetTick)
    App_Timer_Init                           0x08000f41   Thumb Code   154  app_timer.o(i.App_Timer_Init)
    Arm_Init                                 0x08001095   Thumb Code   298  serov_driver.o(i.Arm_Init)
    Arm_Proc                                 0x080011cd   Thumb Code   192  arm_control.o(i.Arm_Proc)
    Arm_Reset                                0x080012a5   Thumb Code    16  arm_control.o(i.Arm_Reset)
    Arm_SetBase                              0x080012b9   Thumb Code    56  arm_control.o(i.Arm_SetBase)
    Arm_SetElbow                             0x08001305   Thumb Code    56  arm_control.o(i.Arm_SetElbow)
    Arm_SetFanSpeed                          0x08001351   Thumb Code   108  arm_control.o(i.Arm_SetFanSpeed)
    Arm_SetShoulder                          0x080013c5   Thumb Code    56  arm_control.o(i.Arm_SetShoulder)
    Arm_Update                               0x080014bd   Thumb Code    34  arm_control.o(i.Arm_Update)
    BKP_ReadBackupRegister                   0x080014e5   Thumb Code    14  stm32f10x_bkp.o(i.BKP_ReadBackupRegister)
    BKP_WriteBackupRegister                  0x080014f9   Thumb Code    14  stm32f10x_bkp.o(i.BKP_WriteBackupRegister)
    BusFault_Handler                         0x0800150d   Thumb Code     2  stm32f10x_it.o(i.BusFault_Handler)
    Capture_Config                           0x08001511   Thumb Code   252  remote_nec_driver.o(i.Capture_Config)
    Contact_Init                             0x08001671   Thumb Code   214  contact.o(i.Contact_Init)
    Contact_Proc                             0x080017c1   Thumb Code   360  contact.o(i.Contact_Proc)
    CreateMap                                0x08001939   Thumb Code    68  greedysnake.o(i.CreateMap)
    DMA_Cmd                                  0x0800197d   Thumb Code    26  stm32f10x_dma.o(i.DMA_Cmd)
    DMA_Init                                 0x08001997   Thumb Code    58  stm32f10x_dma.o(i.DMA_Init)
    DebugMon_Handler                         0x080019d1   Thumb Code     2  stm32f10x_it.o(i.DebugMon_Handler)
    EXTI15_10_IRQHandler                     0x080019d5   Thumb Code   140  ps2_key.o(i.EXTI15_10_IRQHandler)
    EXTI_ClearITPendingBit                   0x08001a69   Thumb Code     6  stm32f10x_exti.o(i.EXTI_ClearITPendingBit)
    EXTI_GetITStatus                         0x08001a75   Thumb Code    28  stm32f10x_exti.o(i.EXTI_GetITStatus)
    GPIO_Init                                0x08001a95   Thumb Code   166  stm32f10x_gpio.o(i.GPIO_Init)
    GPIO_ReadInputDataBit                    0x08001b3b   Thumb Code    14  stm32f10x_gpio.o(i.GPIO_ReadInputDataBit)
    GPIO_ResetBits                           0x08001b49   Thumb Code     4  stm32f10x_gpio.o(i.GPIO_ResetBits)
    GPIO_SetBits                             0x08001b4d   Thumb Code     4  stm32f10x_gpio.o(i.GPIO_SetBits)
    GPIO_WriteBit                            0x08001b51   Thumb Code    12  stm32f10x_gpio.o(i.GPIO_WriteBit)
    GetRandom                                0x08001b5d   Thumb Code    40  menu.o(i.GetRandom)
    Get_CursorToBoard                        0x08001b8d   Thumb Code    26  guessmine.o(i.Get_CursorToBoard)
    Get_GuessNum                             0x08001bad   Thumb Code    96  guessnum.o(i.Get_GuessNum)
    GreedySnake_Proc                         0x08001c1d   Thumb Code   180  greedysnake.o(i.GreedySnake_Proc)
    GuessMine_Proc                           0x08001cdd   Thumb Code   466  guessmine.o(i.GuessMine_Proc)
    GuessNum_Proc                            0x08001ed5   Thumb Code    24  guessnum.o(i.GuessNum_Proc)
    GuessNum_Show                            0x08001ef1   Thumb Code    38  guessnum.o(i.GuessNum_Show)
    HardFault_Handler                        0x08001f31   Thumb Code     2  stm32f10x_it.o(i.HardFault_Handler)
    HasMine                                  0x08001f33   Thumb Code    76  guessmine.o(i.HasMine)
    HighLow                                  0x08001f81   Thumb Code   136  guessnum.o(i.HighLow)
    IR_GetKey                                0x08002029   Thumb Code    38  remote_nec_driver.o(i.IR_GetKey)
    Input_Char                               0x08002055   Thumb Code   196  contact.o(i.Input_Char)
    Input_State                              0x08002139   Thumb Code    64  contact.o(i.Input_State)
    LED_Flicker_Proc                         0x08002185   Thumb Code   116  led_blink.o(i.LED_Flicker_Proc)
    LED_Shwo                                 0x08002201   Thumb Code    36  led_blink.o(i.LED_Shwo)
    Led_BlinkInit                            0x08002229   Thumb Code    52  led_blink.o(i.Led_BlinkInit)
    Led_Blink_Proc                           0x08002261   Thumb Code    80  led_blink.o(i.Led_Blink_Proc)
    Led_GetKey_Num                           0x080022bd   Thumb Code    18  led_blink.o(i.Led_GetKey_Num)
    MemManage_Handler                        0x080022cf   Thumb Code     2  stm32f10x_it.o(i.MemManage_Handler)
    Menu_Proc                                0x08002371   Thumb Code   242  menu.o(i.Menu_Proc)
    MineBoard_Init                           0x08002495   Thumb Code    52  guessmine.o(i.MineBoard_Init)
    Mine_CursorShow                          0x080024cd   Thumb Code    34  guessmine.o(i.Mine_CursorShow)
    Mine_Victory                             0x080024f1   Thumb Code    34  guessmine.o(i.Mine_Victory)
    NMI_Handler                              0x08002529   Thumb Code     2  stm32f10x_it.o(i.NMI_Handler)
    NVIC_Init                                0x0800252d   Thumb Code    96  misc.o(i.NVIC_Init)
    OLED_Clear                               0x08002675   Thumb Code    34  oled.o(i.OLED_Clear)
    OLED_ClearArea                           0x0800269d   Thumb Code    88  oled.o(i.OLED_ClearArea)
    OLED_DrawLine                            0x080026f9   Thumb Code   332  oled.o(i.OLED_DrawLine)
    OLED_DrawPoint                           0x08002845   Thumb Code    46  oled.o(i.OLED_DrawPoint)
    OLED_DrawRectangle                       0x08002879   Thumb Code   124  oled.o(i.OLED_DrawRectangle)
    OLED_GPIO_Init                           0x080028f5   Thumb Code    88  oled.o(i.OLED_GPIO_Init)
    OLED_I2C_SendByte                        0x08002951   Thumb Code    58  oled.o(i.OLED_I2C_SendByte)
    OLED_I2C_Start                           0x0800298b   Thumb Code    30  oled.o(i.OLED_I2C_Start)
    OLED_I2C_Stop                            0x080029a9   Thumb Code    24  oled.o(i.OLED_I2C_Stop)
    OLED_Init                                0x080029c1   Thumb Code   156  oled.o(i.OLED_Init)
    OLED_Printf                              0x08002a5d   Thumb Code    42  oled.o(i.OLED_Printf)
    OLED_ReverseArea                         0x08002a89   Thumb Code    88  oled.o(i.OLED_ReverseArea)
    OLED_SetCursor                           0x08002ae5   Thumb Code    34  oled.o(i.OLED_SetCursor)
    OLED_ShowChar                            0x08002b09   Thumb Code    52  oled.o(i.OLED_ShowChar)
    OLED_ShowImage                           0x08002b45   Thumb Code   176  oled.o(i.OLED_ShowImage)
    OLED_ShowString                          0x08002bf9   Thumb Code   382  oled.o(i.OLED_ShowString)
    OLED_Update                              0x08002d81   Thumb Code    34  oled.o(i.OLED_Update)
    OLED_UpdateArea                          0x08002da9   Thumb Code    98  oled.o(i.OLED_UpdateArea)
    OLED_W_SCL                               0x08002e11   Thumb Code    12  oled.o(i.OLED_W_SCL)
    OLED_W_SDA                               0x08002e21   Thumb Code    12  oled.o(i.OLED_W_SDA)
    OLED_WriteCommand                        0x08002e31   Thumb Code    34  oled.o(i.OLED_WriteCommand)
    OLED_WriteData                           0x08002e53   Thumb Code    48  oled.o(i.OLED_WriteData)
    PAL_Init                                 0x08002e83   Thumb Code     4  stm32f10x_pal.o(i.PAL_Init)
    PAL_Systick_IRQHandler                   0x08002e89   Thumb Code    18  stm32f10x_pal.o(i.PAL_Systick_IRQHandler)
    PWM_SetCompare1                          0x08002ea1   Thumb Code    10  serov_driver.o(i.PWM_SetCompare1)
    PWM_SetCompare2                          0x08002eab   Thumb Code    10  serov_driver.o(i.PWM_SetCompare2)
    PWM_SetCompare3                          0x08002eb5   Thumb Code    10  serov_driver.o(i.PWM_SetCompare3)
    PWM_SetCompare4                          0x08002ec1   Thumb Code     8  serov_driver.o(i.PWM_SetCompare4)
    PWR_BackupAccessCmd                      0x08002ecd   Thumb Code     6  stm32f10x_pwr.o(i.PWR_BackupAccessCmd)
    PendSV_Handler                           0x08002ed9   Thumb Code     2  stm32f10x_it.o(i.PendSV_Handler)
    RCC_ADCCLKConfig                         0x08002edd   Thumb Code    14  stm32f10x_rcc.o(i.RCC_ADCCLKConfig)
    RCC_AHBPeriphClockCmd                    0x08002ef1   Thumb Code    22  stm32f10x_rcc.o(i.RCC_AHBPeriphClockCmd)
    RCC_APB1PeriphClockCmd                   0x08002f0d   Thumb Code    22  stm32f10x_rcc.o(i.RCC_APB1PeriphClockCmd)
    RCC_APB1PeriphResetCmd                   0x08002f29   Thumb Code    22  stm32f10x_rcc.o(i.RCC_APB1PeriphResetCmd)
    RCC_APB2PeriphClockCmd                   0x08002f45   Thumb Code    22  stm32f10x_rcc.o(i.RCC_APB2PeriphClockCmd)
    RCC_APB2PeriphResetCmd                   0x08002f61   Thumb Code    22  stm32f10x_rcc.o(i.RCC_APB2PeriphResetCmd)
    RCC_GetClocksFreq                        0x08002f7d   Thumb Code   154  stm32f10x_rcc.o(i.RCC_GetClocksFreq)
    RCC_GetFlagStatus                        0x08003029   Thumb Code    42  stm32f10x_rcc.o(i.RCC_GetFlagStatus)
    RCC_LSEConfig                            0x08003059   Thumb Code    34  stm32f10x_rcc.o(i.RCC_LSEConfig)
    RCC_RTCCLKCmd                            0x08003081   Thumb Code     6  stm32f10x_rcc.o(i.RCC_RTCCLKCmd)
    RCC_RTCCLKConfig                         0x0800308d   Thumb Code    10  stm32f10x_rcc.o(i.RCC_RTCCLKConfig)
    RTC_EnterConfigMode                      0x0800309d   Thumb Code    12  stm32f10x_rtc.o(i.RTC_EnterConfigMode)
    RTC_ExitConfigMode                       0x080030ad   Thumb Code    12  stm32f10x_rtc.o(i.RTC_ExitConfigMode)
    RTC_GetCounter                           0x080030bd   Thumb Code    28  stm32f10x_rtc.o(i.RTC_GetCounter)
    RTC_ReadTime                             0x080030dd   Thumb Code    66  rtc_driver.o(i.RTC_ReadTime)
    RTC_SetCounter                           0x08003125   Thumb Code    26  stm32f10x_rtc.o(i.RTC_SetCounter)
    RTC_SetPrescaler                         0x08003145   Thumb Code    28  stm32f10x_rtc.o(i.RTC_SetPrescaler)
    RTC_SetTime                              0x08003165   Thumb Code    64  rtc_driver.o(i.RTC_SetTime)
    RTC_WaitForLastTask                      0x080031a5   Thumb Code    10  stm32f10x_rtc.o(i.RTC_WaitForLastTask)
    RTC_WaitForSynchro                       0x080031b5   Thumb Code    18  stm32f10x_rtc.o(i.RTC_WaitForSynchro)
    Rtc_Init                                 0x080031cd   Thumb Code   116  rtc_driver.o(i.Rtc_Init)
    SVC_Handler                              0x08003245   Thumb Code     2  stm32f10x_it.o(i.SVC_Handler)
    Set_Alarm                                0x080032fd   Thumb Code   306  alarm.o(i.Set_Alarm)
    Set_RTC_Time                             0x08003445   Thumb Code   260  alarm.o(i.Set_RTC_Time)
    SnakeDeInit                              0x0800356d   Thumb Code     8  greedysnake.o(i.SnakeDeInit)
    SnakeGame_Init                           0x08003575   Thumb Code    36  greedysnake.o(i.SnakeGame_Init)
    SnakeInit                                0x0800359d   Thumb Code    22  greedysnake.o(i.SnakeInit)
    Snake_CreateTmp                          0x080035b3   Thumb Code   152  greedysnake.o(i.Snake_CreateTmp)
    Snake_DeleteTail                         0x0800364b   Thumb Code    30  greedysnake.o(i.Snake_DeleteTail)
    Snake_GameOver                           0x08003669   Thumb Code    42  greedysnake.o(i.Snake_GameOver)
    Snake_GameVictory                        0x080036a9   Thumb Code    42  greedysnake.o(i.Snake_GameVictory)
    Snake_GenerateFood                       0x080036e9   Thumb Code    96  greedysnake.o(i.Snake_GenerateFood)
    Snake_IsDead                             0x08003749   Thumb Code    96  greedysnake.o(i.Snake_IsDead)
    Snake_Move                               0x080037a9   Thumb Code   124  greedysnake.o(i.Snake_Move)
    Snake_PushHead                           0x08003825   Thumb Code    50  greedysnake.o(i.Snake_PushHead)
    SysTick_Handler                          0x08003857   Thumb Code     4  stm32f10x_it.o(i.SysTick_Handler)
    SystemInit                               0x0800385d   Thumb Code    64  system_stm32f10x.o(i.SystemInit)
    TIM1_CC_IRQHandler                       0x08003b25   Thumb Code   224  remote_nec_driver.o(i.TIM1_CC_IRQHandler)
    TIM1_UP_IRQHandler                       0x08003c11   Thumb Code    62  remote_nec_driver.o(i.TIM1_UP_IRQHandler)
    TIM3_IRQHandler                          0x08003c5d   Thumb Code    42  app_timer.o(i.TIM3_IRQHandler)
    TIM_ARRPreloadConfig                     0x08003c91   Thumb Code    24  stm32f10x_tim.o(i.TIM_ARRPreloadConfig)
    TIM_CCxCmd                               0x08003ca9   Thumb Code    22  stm32f10x_tim.o(i.TIM_CCxCmd)
    TIM_ClearFlag                            0x08003cbf   Thumb Code     6  stm32f10x_tim.o(i.TIM_ClearFlag)
    TIM_ClearITPendingBit                    0x08003cc5   Thumb Code     6  stm32f10x_tim.o(i.TIM_ClearITPendingBit)
    TIM_Cmd                                  0x08003ccb   Thumb Code    24  stm32f10x_tim.o(i.TIM_Cmd)
    TIM_GenerateEvent                        0x08003ce3   Thumb Code     4  stm32f10x_tim.o(i.TIM_GenerateEvent)
    TIM_GetCapture1                          0x08003ce7   Thumb Code     4  stm32f10x_tim.o(i.TIM_GetCapture1)
    TIM_GetCounter                           0x08003ceb   Thumb Code     4  stm32f10x_tim.o(i.TIM_GetCounter)
    TIM_GetFlagStatus                        0x08003cef   Thumb Code    14  stm32f10x_tim.o(i.TIM_GetFlagStatus)
    TIM_GetITStatus                          0x08003cfd   Thumb Code    24  stm32f10x_tim.o(i.TIM_GetITStatus)
    TIM_ICInit                               0x08003d15   Thumb Code   122  stm32f10x_tim.o(i.TIM_ICInit)
    TIM_ITConfig                             0x08003da1   Thumb Code    20  stm32f10x_tim.o(i.TIM_ITConfig)
    TIM_InternalClockConfig                  0x08003db5   Thumb Code    10  stm32f10x_tim.o(i.TIM_InternalClockConfig)
    TIM_OC1Init                              0x08003dc1   Thumb Code   114  stm32f10x_tim.o(i.TIM_OC1Init)
    TIM_OC2Init                              0x08003e49   Thumb Code   128  stm32f10x_tim.o(i.TIM_OC2Init)
    TIM_OC3Init                              0x08003ed1   Thumb Code   124  stm32f10x_tim.o(i.TIM_OC3Init)
    TIM_OCStructInit                         0x08003f55   Thumb Code    20  stm32f10x_tim.o(i.TIM_OCStructInit)
    TIM_SelectHallSensor                     0x08003f69   Thumb Code    24  stm32f10x_tim.o(i.TIM_SelectHallSensor)
    TIM_SetClockDivision                     0x08003f81   Thumb Code    16  stm32f10x_tim.o(i.TIM_SetClockDivision)
    TIM_SetCompare1                          0x08003f91   Thumb Code     4  stm32f10x_tim.o(i.TIM_SetCompare1)
    TIM_SetCompare2                          0x08003f95   Thumb Code     4  stm32f10x_tim.o(i.TIM_SetCompare2)
    TIM_SetCompare3                          0x08003f99   Thumb Code     4  stm32f10x_tim.o(i.TIM_SetCompare3)
    TIM_SetIC1Prescaler                      0x08003f9d   Thumb Code    16  stm32f10x_tim.o(i.TIM_SetIC1Prescaler)
    TIM_SetIC2Prescaler                      0x08003fad   Thumb Code    24  stm32f10x_tim.o(i.TIM_SetIC2Prescaler)
    TIM_SetIC3Prescaler                      0x08003fc5   Thumb Code    16  stm32f10x_tim.o(i.TIM_SetIC3Prescaler)
    TIM_SetIC4Prescaler                      0x08003fd5   Thumb Code    24  stm32f10x_tim.o(i.TIM_SetIC4Prescaler)
    TIM_TimeBaseInit                         0x08003fed   Thumb Code   114  stm32f10x_tim.o(i.TIM_TimeBaseInit)
    USART3_IRQHandler                        0x08004089   Thumb Code    36  usart_frame_handler.o(i.USART3_IRQHandler)
    USART_GetITStatus                        0x080040b1   Thumb Code    64  stm32f10x_usart.o(i.USART_GetITStatus)
    USART_ProcessByte                        0x080040f1   Thumb Code   112  usart_frame_handler.o(i.USART_ProcessByte)
    USART_ReceiveData                        0x08004169   Thumb Code     8  stm32f10x_usart.o(i.USART_ReceiveData)
    UsageFault_Handler                       0x08004171   Thumb Code     2  stm32f10x_it.o(i.UsageFault_Handler)
    __0vsprintf                              0x08004175   Thumb Code    30  printfa.o(i.__0vsprintf)
    __1vsprintf                              0x08004175   Thumb Code     0  printfa.o(i.__0vsprintf)
    __2vsprintf                              0x08004175   Thumb Code     0  printfa.o(i.__0vsprintf)
    __c89vsprintf                            0x08004175   Thumb Code     0  printfa.o(i.__0vsprintf)
    vsprintf                                 0x08004175   Thumb Code     0  printfa.o(i.__0vsprintf)
    __scatterload_copy                       0x08004199   Thumb Code    14  handlers.o(i.__scatterload_copy)
    __scatterload_null                       0x080041a7   Thumb Code     2  handlers.o(i.__scatterload_null)
    __scatterload_zeroinit                   0x080041a9   Thumb Code    14  handlers.o(i.__scatterload_zeroinit)
    main                                     0x08004a4d   Thumb Code   122  main.o(i.main)
    ps2_ADCInit                              0x08004acd   Thumb Code   262  ps2_adc_dma.o(i.ps2_ADCInit)
    key_map                                  0x08004be4   Data          40  contact.o(.constdata)
    OLED_F8x16                               0x08004c0c   Data        1520  oled_data.o(.constdata)
    OLED_F6x8                                0x080051fc   Data         570  oled_data.o(.constdata)
    OLED_CF16x16                             0x08005436   Data        1702  oled_data.o(.constdata)
    Region$$Table$$Base                      0x08005b44   Number         0  anon$$obj.o(Region$$Table)
    Region$$Table$$Limit                     0x08005b64   Number         0  anon$$obj.o(Region$$Table)
    Now                                      0x20000000   Data           8  main.o(.data)
    Last                                     0x20000008   Data           8  main.o(.data)
    Time                                     0x20000010   Data           8  main.o(.data)
    IR_Sta                                   0x20000018   Data           1  remote_nec_driver.o(.data)
    IR_Up                                    0x20000019   Data           1  remote_nec_driver.o(.data)
    IR_PulseCnt                              0x2000001a   Data           1  remote_nec_driver.o(.data)
    IR_Data                                  0x2000001b   Data           1  remote_nec_driver.o(.data)
    IR_Flag                                  0x2000001c   Data           1  remote_nec_driver.o(.data)
    IR_ThisPulse                             0x2000001e   Data           2  remote_nec_driver.o(.data)
    IR_LastPulse                             0x20000020   Data           2  remote_nec_driver.o(.data)
    IR_PulseSub                              0x20000022   Data           2  remote_nec_driver.o(.data)
    LianfaCnt                                0x20000024   Data           2  remote_nec_driver.o(.data)
    IR_Code                                  0x20000028   Data           4  remote_nec_driver.o(.data)
    IR_Key                                   0x2000002c   Data           4  remote_nec_driver.o(.data)
    Key_arr                                  0x20000030   Data          36  remote_nec_driver.o(.data)
    Menu_Flag                                0x20000054   Data           1  menu.o(.data)
    GuessNum_Flag                            0x20000074   Data           1  guessnum.o(.data)
    GuessMine_Flag                           0x2000007c   Data           1  guessmine.o(.data)
    Contact_Flag                             0x20000088   Data           1  contact.o(.data)
    SnakeState_Flag                          0x20000098   Data           1  greedysnake.o(.data)
    LED_Blink_Flag                           0x200000b0   Data           1  led_blink.o(.data)
    Arm_Flag                                 0x200000c0   Data           1  arm_control.o(.data)
    PS2_AD                                   0x200000c2   Data           8  ps2_adc_dma.o(.data)
    Rtctime                                  0x200000ca   Data           8  rtc_driver.o(.data)
    Alarm_Flag                               0x200000d9   Data           1  alarm.o(.data)
    Alarm_count                              0x200000e2   Data           2  alarm.o(.data)
    Set_AlarmTime                            0x200000e4   Data           3  alarm.o(.data)
    Alarm                                    0x200000f0   Data           8  alarm.o(.data)
    PS2_KeyFlag                              0x200000f8   Data           1  ps2_key.o(.data)
    ESP32_Rx_Flag                            0x20000110   Data           1  usart_frame_handler.o(.data)
    ServoAngles                              0x200007e4   Data          16  arm_control.o(.bss)
    OLED_DisplayBuf                          0x20000816   Data        1024  oled.o(.bss)
    __initial_sp                             0x20001c48   Data           0  startup_stm32f10x_md.o(STACK)



==============================================================================

Memory Map of the image

  Image Entry point : 0x080000ed

  Load Region LR_IROM1 (Base: 0x08000000, Size: 0x00005ca4, Max: 0x00010000, ABSOLUTE, COMPRESSED[0x00005bc4])

    Execution Region ER_IROM1 (Exec base: 0x08000000, Load base: 0x08000000, Size: 0x00005b64, Max: 0x00010000, ABSOLUTE)

    Exec Addr    Load Addr    Size         Type   Attr      Idx    E Section Name        Object

    0x08000000   0x08000000   0x000000ec   Data   RO         1209    RESET               startup_stm32f10x_md.o
    0x080000ec   0x080000ec   0x00000000   Code   RO         7858  * .ARM.Collect$$$$00000000  mc_w.l(entry.o)
    0x080000ec   0x080000ec   0x00000004   Code   RO         8270    .ARM.Collect$$$$00000001  mc_w.l(entry2.o)
    0x080000f0   0x080000f0   0x00000004   Code   RO         8273    .ARM.Collect$$$$00000004  mc_w.l(entry5.o)
    0x080000f4   0x080000f4   0x00000000   Code   RO         8275    .ARM.Collect$$$$00000008  mc_w.l(entry7b.o)
    0x080000f4   0x080000f4   0x00000000   Code   RO         8277    .ARM.Collect$$$$0000000A  mc_w.l(entry8b.o)
    0x080000f4   0x080000f4   0x00000008   Code   RO         8278    .ARM.Collect$$$$0000000B  mc_w.l(entry9a.o)
    0x080000fc   0x080000fc   0x00000004   Code   RO         8285    .ARM.Collect$$$$0000000E  mc_w.l(entry12b.o)
    0x08000100   0x08000100   0x00000000   Code   RO         8280    .ARM.Collect$$$$0000000F  mc_w.l(entry10a.o)
    0x08000100   0x08000100   0x00000000   Code   RO         8282    .ARM.Collect$$$$00000011  mc_w.l(entry11a.o)
    0x08000100   0x08000100   0x00000004   Code   RO         8271    .ARM.Collect$$$$00002712  mc_w.l(entry2.o)
    0x08000104   0x08000104   0x00000024   Code   RO         1210    .text               startup_stm32f10x_md.o
    0x08000128   0x08000128   0x00000062   Code   RO         7861    .text               mc_w.l(uldiv.o)
    0x0800018a   0x0800018a   0x00000002   PAD
    0x0800018c   0x0800018c   0x00000024   Code   RO         7865    .text               mc_w.l(rand.o)
    0x080001b0   0x080001b0   0x000000a8   Code   RO         7872    .text               mc_w.l(mktime.o)
    0x08000258   0x08000258   0x00000024   Code   RO         7875    .text               mc_w.l(memcpya.o)
    0x0800027c   0x0800027c   0x00000024   Code   RO         7877    .text               mc_w.l(memseta.o)
    0x080002a0   0x080002a0   0x00000018   Code   RO         7881    .text               mc_w.l(strncpy.o)
    0x080002b8   0x080002b8   0x0000001c   Code   RO         7885    .text               mc_w.l(strcmp.o)
    0x080002d4   0x080002d4   0x000000b0   Code   RO         8195    .text               mf_w.l(fadd.o)
    0x08000384   0x08000384   0x00000064   Code   RO         8197    .text               mf_w.l(fmul.o)
    0x080003e8   0x080003e8   0x0000007c   Code   RO         8199    .text               mf_w.l(fdiv.o)
    0x08000464   0x08000464   0x0000014e   Code   RO         8203    .text               mf_w.l(dadd.o)
    0x080005b2   0x080005b2   0x000000e4   Code   RO         8205    .text               mf_w.l(dmul.o)
    0x08000696   0x08000696   0x000000de   Code   RO         8207    .text               mf_w.l(ddiv.o)
    0x08000774   0x08000774   0x00000012   Code   RO         8211    .text               mf_w.l(fflti.o)
    0x08000786   0x08000786   0x0000000a   Code   RO         8213    .text               mf_w.l(ffltui.o)
    0x08000790   0x08000790   0x0000001a   Code   RO         8219    .text               mf_w.l(dfltui.o)
    0x080007aa   0x080007aa   0x00000028   Code   RO         8225    .text               mf_w.l(ffixui.o)
    0x080007d2   0x080007d2   0x00000030   Code   RO         8231    .text               mf_w.l(dfixul.o)
    0x08000802   0x08000802   0x00000026   Code   RO         8233    .text               mf_w.l(f2d.o)
    0x08000828   0x08000828   0x00000030   Code   RO         8237    .text               mf_w.l(cdrcmple.o)
    0x08000858   0x08000858   0x00000038   Code   RO         8239    .text               mf_w.l(d2f.o)
    0x08000890   0x08000890   0x0000002c   Code   RO         8289    .text               mc_w.l(uidiv.o)
    0x080008bc   0x080008bc   0x0000001e   Code   RO         8291    .text               mc_w.l(llshl.o)
    0x080008da   0x080008da   0x00000020   Code   RO         8293    .text               mc_w.l(llushr.o)
    0x080008fa   0x080008fa   0x00000024   Code   RO         8295    .text               mc_w.l(llsshr.o)
    0x0800091e   0x0800091e   0x00000002   PAD
    0x08000920   0x08000920   0x0000000c   Code   RO         8325    .text               mc_w.l(localtime_w.o)
    0x0800092c   0x0800092c   0x0000008c   Code   RO         8328    .text               mc_w.l(localtime_i.o)
    0x080009b8   0x080009b8   0x00000000   Code   RO         8343    .text               mc_w.l(iusefp.o)
    0x080009b8   0x080009b8   0x0000006e   Code   RO         8344    .text               mf_w.l(fepilogue.o)
    0x08000a26   0x08000a26   0x000000ba   Code   RO         8346    .text               mf_w.l(depilogue.o)
    0x08000ae0   0x08000ae0   0x00000024   Code   RO         8362    .text               mc_w.l(init.o)
    0x08000b04   0x08000b04   0x00000056   Code   RO         8393    .text               mc_w.l(__dczerorl2.o)
    0x08000b5a   0x08000b5a   0x00000018   Code   RO         4336    i.ADC_Cmd           stm32f10x_adc.o
    0x08000b72   0x08000b72   0x00000018   Code   RO         4337    i.ADC_DMACmd        stm32f10x_adc.o
    0x08000b8a   0x08000b8a   0x0000000e   Code   RO         4344    i.ADC_GetCalibrationStatus  stm32f10x_adc.o
    0x08000b98   0x08000b98   0x0000000e   Code   RO         4350    i.ADC_GetResetCalibrationStatus  stm32f10x_adc.o
    0x08000ba6   0x08000ba6   0x00000002   PAD
    0x08000ba8   0x08000ba8   0x00000048   Code   RO         4354    i.ADC_Init          stm32f10x_adc.o
    0x08000bf0   0x08000bf0   0x00000074   Code   RO         4358    i.ADC_RegularChannelConfig  stm32f10x_adc.o
    0x08000c64   0x08000c64   0x0000000a   Code   RO         4359    i.ADC_ResetCalibration  stm32f10x_adc.o
    0x08000c6e   0x08000c6e   0x00000018   Code   RO         4361    i.ADC_SoftwareStartConvCmd  stm32f10x_adc.o
    0x08000c86   0x08000c86   0x0000000a   Code   RO         4363    i.ADC_StartCalibration  stm32f10x_adc.o
    0x08000c90   0x08000c90   0x0000003c   Code   RO         1019    i.Alarm_Check       alarm.o
    0x08000ccc   0x08000ccc   0x0000008c   Code   RO         1020    i.Alarm_Delay       alarm.o
    0x08000d58   0x08000d58   0x00000078   Code   RO         1022    i.Alarm_Proc        alarm.o
    0x08000dd0   0x08000dd0   0x0000004c   Code   RO         1023    i.Alarm_Ring        alarm.o
    0x08000e1c   0x08000e1c   0x000000e4   Code   RO         1024    i.Alarm_Show        alarm.o
    0x08000f00   0x08000f00   0x00000034   Code   RO         1025    i.Alarm_Switch      alarm.o
    0x08000f34   0x08000f34   0x0000000c   Code   RO          702    i.App_Timer_GetTick  app_timer.o
    0x08000f40   0x08000f40   0x000000a0   Code   RO          704    i.App_Timer_Init    app_timer.o
    0x08000fe0   0x08000fe0   0x000000b4   Code   RO          810    i.Arm_CursorSwitch  arm_control.o
    0x08001094   0x08001094   0x00000138   Code   RO          896    i.Arm_Init          serov_driver.o
    0x080011cc   0x080011cc   0x000000d8   Code   RO          812    i.Arm_Proc          arm_control.o
    0x080012a4   0x080012a4   0x00000014   Code   RO          813    i.Arm_Reset         arm_control.o
    0x080012b8   0x080012b8   0x0000004c   Code   RO          814    i.Arm_SetBase       arm_control.o
    0x08001304   0x08001304   0x0000004c   Code   RO          815    i.Arm_SetElbow      arm_control.o
    0x08001350   0x08001350   0x00000074   Code   RO          816    i.Arm_SetFanSpeed   arm_control.o
    0x080013c4   0x080013c4   0x0000004c   Code   RO          817    i.Arm_SetShoulder   arm_control.o
    0x08001410   0x08001410   0x000000ac   Code   RO          818    i.Arm_Show_Status   arm_control.o
    0x080014bc   0x080014bc   0x00000028   Code   RO          819    i.Arm_Update        arm_control.o
    0x080014e4   0x080014e4   0x00000014   Code   RO         4571    i.BKP_ReadBackupRegister  stm32f10x_bkp.o
    0x080014f8   0x080014f8   0x00000014   Code   RO         4575    i.BKP_WriteBackupRegister  stm32f10x_bkp.o
    0x0800150c   0x0800150c   0x00000002   Code   RO          247    i.BusFault_Handler  stm32f10x_it.o
    0x0800150e   0x0800150e   0x00000002   PAD
    0x08001510   0x08001510   0x00000104   Code   RO          322    i.Capture_Config    remote_nec_driver.o
    0x08001614   0x08001614   0x0000005c   Code   RO          536    i.Contact_HomeShow  contact.o
    0x08001670   0x08001670   0x00000150   Code   RO          537    i.Contact_Init      contact.o
    0x080017c0   0x080017c0   0x00000178   Code   RO          538    i.Contact_Proc      contact.o
    0x08001938   0x08001938   0x00000044   Code   RO          596    i.CreateMap         greedysnake.o
    0x0800197c   0x0800197c   0x0000001a   Code   RO         5105    i.DMA_Cmd           stm32f10x_dma.o
    0x08001996   0x08001996   0x0000003a   Code   RO         5111    i.DMA_Init          stm32f10x_dma.o
    0x080019d0   0x080019d0   0x00000002   Code   RO          248    i.DebugMon_Handler  stm32f10x_it.o
    0x080019d2   0x080019d2   0x00000002   PAD
    0x080019d4   0x080019d4   0x00000094   Code   RO         1104    i.EXTI15_10_IRQHandler  ps2_key.o
    0x08001a68   0x08001a68   0x0000000c   Code   RO         5188    i.EXTI_ClearITPendingBit  stm32f10x_exti.o
    0x08001a74   0x08001a74   0x00000020   Code   RO         5192    i.EXTI_GetITStatus  stm32f10x_exti.o
    0x08001a94   0x08001a94   0x000000a6   Code   RO         5577    i.GPIO_Init         stm32f10x_gpio.o
    0x08001b3a   0x08001b3a   0x0000000e   Code   RO         5581    i.GPIO_ReadInputDataBit  stm32f10x_gpio.o
    0x08001b48   0x08001b48   0x00000004   Code   RO         5584    i.GPIO_ResetBits    stm32f10x_gpio.o
    0x08001b4c   0x08001b4c   0x00000004   Code   RO         5585    i.GPIO_SetBits      stm32f10x_gpio.o
    0x08001b50   0x08001b50   0x0000000c   Code   RO         5588    i.GPIO_WriteBit     stm32f10x_gpio.o
    0x08001b5c   0x08001b5c   0x00000030   Code   RO          370    i.GetRandom         menu.o
    0x08001b8c   0x08001b8c   0x00000020   Code   RO          472    i.Get_CursorToBoard  guessmine.o
    0x08001bac   0x08001bac   0x00000070   Code   RO          420    i.Get_GuessNum      guessnum.o
    0x08001c1c   0x08001c1c   0x000000c0   Code   RO          597    i.GreedySnake_Proc  greedysnake.o
    0x08001cdc   0x08001cdc   0x000001f8   Code   RO          473    i.GuessMine_Proc    guessmine.o
    0x08001ed4   0x08001ed4   0x0000001c   Code   RO          421    i.GuessNum_Proc     guessnum.o
    0x08001ef0   0x08001ef0   0x00000040   Code   RO          422    i.GuessNum_Show     guessnum.o
    0x08001f30   0x08001f30   0x00000002   Code   RO          249    i.HardFault_Handler  stm32f10x_it.o
    0x08001f32   0x08001f32   0x0000004c   Code   RO          474    i.HasMine           guessmine.o
    0x08001f7e   0x08001f7e   0x00000002   PAD
    0x08001f80   0x08001f80   0x000000a8   Code   RO          423    i.HighLow           guessnum.o
    0x08002028   0x08002028   0x0000002c   Code   RO          323    i.IR_GetKey         remote_nec_driver.o
    0x08002054   0x08002054   0x000000e4   Code   RO          539    i.Input_Char        contact.o
    0x08002138   0x08002138   0x0000004c   Code   RO          540    i.Input_State       contact.o
    0x08002184   0x08002184   0x0000007c   Code   RO          756    i.LED_Flicker_Proc  led_blink.o
    0x08002200   0x08002200   0x00000028   Code   RO          757    i.LED_Shwo          led_blink.o
    0x08002228   0x08002228   0x00000038   Code   RO          758    i.Led_BlinkInit     led_blink.o
    0x08002260   0x08002260   0x0000005c   Code   RO          759    i.Led_Blink_Proc    led_blink.o
    0x080022bc   0x080022bc   0x00000012   Code   RO          760    i.Led_GetKey_Num    led_blink.o
    0x080022ce   0x080022ce   0x00000002   Code   RO          250    i.MemManage_Handler  stm32f10x_it.o
    0x080022d0   0x080022d0   0x000000a0   Code   RO          371    i.Menu_HomeShow     menu.o
    0x08002370   0x08002370   0x00000124   Code   RO          372    i.Menu_Proc         menu.o
    0x08002494   0x08002494   0x00000038   Code   RO          475    i.MineBoard_Init    guessmine.o
    0x080024cc   0x080024cc   0x00000022   Code   RO          476    i.Mine_CursorShow   guessmine.o
    0x080024ee   0x080024ee   0x00000002   PAD
    0x080024f0   0x080024f0   0x00000038   Code   RO          477    i.Mine_Victory      guessmine.o
    0x08002528   0x08002528   0x00000002   Code   RO          251    i.NMI_Handler       stm32f10x_it.o
    0x0800252a   0x0800252a   0x00000002   PAD
    0x0800252c   0x0800252c   0x00000064   Code   RO         4282    i.NVIC_Init         misc.o
    0x08002590   0x08002590   0x000000e4   Code   RO          541    i.Name_HomeShow     contact.o
    0x08002674   0x08002674   0x00000028   Code   RO         7525    i.OLED_Clear        oled.o
    0x0800269c   0x0800269c   0x0000005c   Code   RO         7526    i.OLED_ClearArea    oled.o
    0x080026f8   0x080026f8   0x0000014c   Code   RO         7530    i.OLED_DrawLine     oled.o
    0x08002844   0x08002844   0x00000034   Code   RO         7531    i.OLED_DrawPoint    oled.o
    0x08002878   0x08002878   0x0000007c   Code   RO         7532    i.OLED_DrawRectangle  oled.o
    0x080028f4   0x080028f4   0x0000005c   Code   RO         7534    i.OLED_GPIO_Init    oled.o
    0x08002950   0x08002950   0x0000003a   Code   RO         7536    i.OLED_I2C_SendByte  oled.o
    0x0800298a   0x0800298a   0x0000001e   Code   RO         7537    i.OLED_I2C_Start    oled.o
    0x080029a8   0x080029a8   0x00000018   Code   RO         7538    i.OLED_I2C_Stop     oled.o
    0x080029c0   0x080029c0   0x0000009c   Code   RO         7539    i.OLED_Init         oled.o
    0x08002a5c   0x08002a5c   0x0000002a   Code   RO         7542    i.OLED_Printf       oled.o
    0x08002a86   0x08002a86   0x00000002   PAD
    0x08002a88   0x08002a88   0x0000005c   Code   RO         7544    i.OLED_ReverseArea  oled.o
    0x08002ae4   0x08002ae4   0x00000022   Code   RO         7545    i.OLED_SetCursor    oled.o
    0x08002b06   0x08002b06   0x00000002   PAD
    0x08002b08   0x08002b08   0x0000003c   Code   RO         7547    i.OLED_ShowChar     oled.o
    0x08002b44   0x08002b44   0x000000b4   Code   RO         7550    i.OLED_ShowImage    oled.o
    0x08002bf8   0x08002bf8   0x00000188   Code   RO         7553    i.OLED_ShowString   oled.o
    0x08002d80   0x08002d80   0x00000028   Code   RO         7554    i.OLED_Update       oled.o
    0x08002da8   0x08002da8   0x00000068   Code   RO         7555    i.OLED_UpdateArea   oled.o
    0x08002e10   0x08002e10   0x00000010   Code   RO         7556    i.OLED_W_SCL        oled.o
    0x08002e20   0x08002e20   0x00000010   Code   RO         7557    i.OLED_W_SDA        oled.o
    0x08002e30   0x08002e30   0x00000022   Code   RO         7558    i.OLED_WriteCommand  oled.o
    0x08002e52   0x08002e52   0x00000030   Code   RO         7559    i.OLED_WriteData    oled.o
    0x08002e82   0x08002e82   0x00000004   Code   RO         1222    i.PAL_Init          stm32f10x_pal.o
    0x08002e86   0x08002e86   0x00000002   PAD
    0x08002e88   0x08002e88   0x00000018   Code   RO         1223    i.PAL_Systick_IRQHandler  stm32f10x_pal.o
    0x08002ea0   0x08002ea0   0x0000000a   Code   RO          897    i.PWM_SetCompare1   serov_driver.o
    0x08002eaa   0x08002eaa   0x0000000a   Code   RO          898    i.PWM_SetCompare2   serov_driver.o
    0x08002eb4   0x08002eb4   0x0000000a   Code   RO          899    i.PWM_SetCompare3   serov_driver.o
    0x08002ebe   0x08002ebe   0x00000002   PAD
    0x08002ec0   0x08002ec0   0x0000000c   Code   RO          900    i.PWM_SetCompare4   serov_driver.o
    0x08002ecc   0x08002ecc   0x0000000c   Code   RO         5967    i.PWR_BackupAccessCmd  stm32f10x_pwr.o
    0x08002ed8   0x08002ed8   0x00000002   Code   RO          252    i.PendSV_Handler    stm32f10x_it.o
    0x08002eda   0x08002eda   0x00000002   PAD
    0x08002edc   0x08002edc   0x00000014   Code   RO         6039    i.RCC_ADCCLKConfig  stm32f10x_rcc.o
    0x08002ef0   0x08002ef0   0x0000001c   Code   RO         6040    i.RCC_AHBPeriphClockCmd  stm32f10x_rcc.o
    0x08002f0c   0x08002f0c   0x0000001c   Code   RO         6041    i.RCC_APB1PeriphClockCmd  stm32f10x_rcc.o
    0x08002f28   0x08002f28   0x0000001c   Code   RO         6042    i.RCC_APB1PeriphResetCmd  stm32f10x_rcc.o
    0x08002f44   0x08002f44   0x0000001c   Code   RO         6043    i.RCC_APB2PeriphClockCmd  stm32f10x_rcc.o
    0x08002f60   0x08002f60   0x0000001c   Code   RO         6044    i.RCC_APB2PeriphResetCmd  stm32f10x_rcc.o
    0x08002f7c   0x08002f7c   0x000000ac   Code   RO         6051    i.RCC_GetClocksFreq  stm32f10x_rcc.o
    0x08003028   0x08003028   0x00000030   Code   RO         6052    i.RCC_GetFlagStatus  stm32f10x_rcc.o
    0x08003058   0x08003058   0x00000028   Code   RO         6059    i.RCC_LSEConfig     stm32f10x_rcc.o
    0x08003080   0x08003080   0x0000000c   Code   RO         6066    i.RCC_RTCCLKCmd     stm32f10x_rcc.o
    0x0800308c   0x0800308c   0x00000010   Code   RO         6067    i.RCC_RTCCLKConfig  stm32f10x_rcc.o
    0x0800309c   0x0800309c   0x00000010   Code   RO         6253    i.RTC_EnterConfigMode  stm32f10x_rtc.o
    0x080030ac   0x080030ac   0x00000010   Code   RO         6254    i.RTC_ExitConfigMode  stm32f10x_rtc.o
    0x080030bc   0x080030bc   0x00000020   Code   RO         6255    i.RTC_GetCounter    stm32f10x_rtc.o
    0x080030dc   0x080030dc   0x00000048   Code   RO          974    i.RTC_ReadTime      rtc_driver.o
    0x08003124   0x08003124   0x00000020   Code   RO         6261    i.RTC_SetCounter    stm32f10x_rtc.o
    0x08003144   0x08003144   0x00000020   Code   RO         6262    i.RTC_SetPrescaler  stm32f10x_rtc.o
    0x08003164   0x08003164   0x00000040   Code   RO          975    i.RTC_SetTime       rtc_driver.o
    0x080031a4   0x080031a4   0x00000010   Code   RO         6263    i.RTC_WaitForLastTask  stm32f10x_rtc.o
    0x080031b4   0x080031b4   0x00000018   Code   RO         6264    i.RTC_WaitForSynchro  stm32f10x_rtc.o
    0x080031cc   0x080031cc   0x00000078   Code   RO          976    i.Rtc_Init          rtc_driver.o
    0x08003244   0x08003244   0x00000002   Code   RO          253    i.SVC_Handler       stm32f10x_it.o
    0x08003246   0x08003246   0x00000004   Code   RO          201    i.SetSysClock       system_stm32f10x.o
    0x0800324a   0x0800324a   0x00000002   PAD
    0x0800324c   0x0800324c   0x000000b0   Code   RO          202    i.SetSysClockTo72   system_stm32f10x.o
    0x080032fc   0x080032fc   0x00000148   Code   RO         1027    i.Set_Alarm         alarm.o
    0x08003444   0x08003444   0x00000128   Code   RO         1028    i.Set_RTC_Time      alarm.o
    0x0800356c   0x0800356c   0x00000008   Code   RO          598    i.SnakeDeInit       greedysnake.o
    0x08003574   0x08003574   0x00000028   Code   RO          599    i.SnakeGame_Init    greedysnake.o
    0x0800359c   0x0800359c   0x00000016   Code   RO          600    i.SnakeInit         greedysnake.o
    0x080035b2   0x080035b2   0x00000098   Code   RO          601    i.Snake_CreateTmp   greedysnake.o
    0x0800364a   0x0800364a   0x0000001e   Code   RO          602    i.Snake_DeleteTail  greedysnake.o
    0x08003668   0x08003668   0x00000040   Code   RO          603    i.Snake_GameOver    greedysnake.o
    0x080036a8   0x080036a8   0x00000040   Code   RO          604    i.Snake_GameVictory  greedysnake.o
    0x080036e8   0x080036e8   0x00000060   Code   RO          605    i.Snake_GenerateFood  greedysnake.o
    0x08003748   0x08003748   0x00000060   Code   RO          606    i.Snake_IsDead      greedysnake.o
    0x080037a8   0x080037a8   0x0000007c   Code   RO          607    i.Snake_Move        greedysnake.o
    0x08003824   0x08003824   0x00000032   Code   RO          608    i.Snake_PushHead    greedysnake.o
    0x08003856   0x08003856   0x00000004   Code   RO          254    i.SysTick_Handler   stm32f10x_it.o
    0x0800385a   0x0800385a   0x00000002   PAD
    0x0800385c   0x0800385c   0x00000050   Code   RO          204    i.SystemInit        system_stm32f10x.o
    0x080038ac   0x080038ac   0x00000094   Code   RO         1224    i.Systick_Init      stm32f10x_pal.o
    0x08003940   0x08003940   0x00000074   Code   RO         6707    i.TI1_Config        stm32f10x_tim.o
    0x080039b4   0x080039b4   0x0000007c   Code   RO         6708    i.TI2_Config        stm32f10x_tim.o
    0x08003a30   0x08003a30   0x00000078   Code   RO         6709    i.TI3_Config        stm32f10x_tim.o
    0x08003aa8   0x08003aa8   0x0000007c   Code   RO         6710    i.TI4_Config        stm32f10x_tim.o
    0x08003b24   0x08003b24   0x000000ec   Code   RO          324    i.TIM1_CC_IRQHandler  remote_nec_driver.o
    0x08003c10   0x08003c10   0x0000004c   Code   RO          325    i.TIM1_UP_IRQHandler  remote_nec_driver.o
    0x08003c5c   0x08003c5c   0x00000034   Code   RO          705    i.TIM3_IRQHandler   app_timer.o
    0x08003c90   0x08003c90   0x00000018   Code   RO         6711    i.TIM_ARRPreloadConfig  stm32f10x_tim.o
    0x08003ca8   0x08003ca8   0x00000016   Code   RO         6715    i.TIM_CCxCmd        stm32f10x_tim.o
    0x08003cbe   0x08003cbe   0x00000006   Code   RO         6717    i.TIM_ClearFlag     stm32f10x_tim.o
    0x08003cc4   0x08003cc4   0x00000006   Code   RO         6718    i.TIM_ClearITPendingBit  stm32f10x_tim.o
    0x08003cca   0x08003cca   0x00000018   Code   RO         6723    i.TIM_Cmd           stm32f10x_tim.o
    0x08003ce2   0x08003ce2   0x00000004   Code   RO         6737    i.TIM_GenerateEvent  stm32f10x_tim.o
    0x08003ce6   0x08003ce6   0x00000004   Code   RO         6738    i.TIM_GetCapture1   stm32f10x_tim.o
    0x08003cea   0x08003cea   0x00000004   Code   RO         6742    i.TIM_GetCounter    stm32f10x_tim.o
    0x08003cee   0x08003cee   0x0000000e   Code   RO         6743    i.TIM_GetFlagStatus  stm32f10x_tim.o
    0x08003cfc   0x08003cfc   0x00000018   Code   RO         6744    i.TIM_GetITStatus   stm32f10x_tim.o
    0x08003d14   0x08003d14   0x0000008c   Code   RO         6746    i.TIM_ICInit        stm32f10x_tim.o
    0x08003da0   0x08003da0   0x00000014   Code   RO         6748    i.TIM_ITConfig      stm32f10x_tim.o
    0x08003db4   0x08003db4   0x0000000a   Code   RO         6750    i.TIM_InternalClockConfig  stm32f10x_tim.o
    0x08003dbe   0x08003dbe   0x00000002   PAD
    0x08003dc0   0x08003dc0   0x00000088   Code   RO         6752    i.TIM_OC1Init       stm32f10x_tim.o
    0x08003e48   0x08003e48   0x00000088   Code   RO         6757    i.TIM_OC2Init       stm32f10x_tim.o
    0x08003ed0   0x08003ed0   0x00000084   Code   RO         6762    i.TIM_OC3Init       stm32f10x_tim.o
    0x08003f54   0x08003f54   0x00000014   Code   RO         6770    i.TIM_OCStructInit  stm32f10x_tim.o
    0x08003f68   0x08003f68   0x00000018   Code   RO         6775    i.TIM_SelectHallSensor  stm32f10x_tim.o
    0x08003f80   0x08003f80   0x00000010   Code   RO         6783    i.TIM_SetClockDivision  stm32f10x_tim.o
    0x08003f90   0x08003f90   0x00000004   Code   RO         6784    i.TIM_SetCompare1   stm32f10x_tim.o
    0x08003f94   0x08003f94   0x00000004   Code   RO         6785    i.TIM_SetCompare2   stm32f10x_tim.o
    0x08003f98   0x08003f98   0x00000004   Code   RO         6786    i.TIM_SetCompare3   stm32f10x_tim.o
    0x08003f9c   0x08003f9c   0x00000010   Code   RO         6789    i.TIM_SetIC1Prescaler  stm32f10x_tim.o
    0x08003fac   0x08003fac   0x00000018   Code   RO         6790    i.TIM_SetIC2Prescaler  stm32f10x_tim.o
    0x08003fc4   0x08003fc4   0x00000010   Code   RO         6791    i.TIM_SetIC3Prescaler  stm32f10x_tim.o
    0x08003fd4   0x08003fd4   0x00000018   Code   RO         6792    i.TIM_SetIC4Prescaler  stm32f10x_tim.o
    0x08003fec   0x08003fec   0x0000009c   Code   RO         6794    i.TIM_TimeBaseInit  stm32f10x_tim.o
    0x08004088   0x08004088   0x00000028   Code   RO         1140    i.USART3_IRQHandler  usart_frame_handler.o
    0x080040b0   0x080040b0   0x00000040   Code   RO         7275    i.USART_GetITStatus  stm32f10x_usart.o
    0x080040f0   0x080040f0   0x00000078   Code   RO         1141    i.USART_ProcessByte  usart_frame_handler.o
    0x08004168   0x08004168   0x00000008   Code   RO         7285    i.USART_ReceiveData  stm32f10x_usart.o
    0x08004170   0x08004170   0x00000002   Code   RO          255    i.UsageFault_Handler  stm32f10x_it.o
    0x08004172   0x08004172   0x00000002   PAD
    0x08004174   0x08004174   0x00000024   Code   RO         8130    i.__0vsprintf       mc_w.l(printfa.o)
    0x08004198   0x08004198   0x0000000e   Code   RO         8387    i.__scatterload_copy  mc_w.l(handlers.o)
    0x080041a6   0x080041a6   0x00000002   Code   RO         8388    i.__scatterload_null  mc_w.l(handlers.o)
    0x080041a8   0x080041a8   0x0000000e   Code   RO         8389    i.__scatterload_zeroinit  mc_w.l(handlers.o)
    0x080041b6   0x080041b6   0x00000002   PAD
    0x080041b8   0x080041b8   0x00000184   Code   RO         8131    i._fp_digits        mc_w.l(printfa.o)
    0x0800433c   0x0800433c   0x000006b4   Code   RO         8132    i._printf_core      mc_w.l(printfa.o)
    0x080049f0   0x080049f0   0x00000024   Code   RO         8133    i._printf_post_padding  mc_w.l(printfa.o)
    0x08004a14   0x08004a14   0x0000002e   Code   RO         8134    i._printf_pre_padding  mc_w.l(printfa.o)
    0x08004a42   0x08004a42   0x0000000a   Code   RO         8136    i._sputc            mc_w.l(printfa.o)
    0x08004a4c   0x08004a4c   0x00000080   Code   RO            4    i.main              main.o
    0x08004acc   0x08004acc   0x00000118   Code   RO          944    i.ps2_ADCInit       ps2_adc_dma.o
    0x08004be4   0x08004be4   0x00000028   Data   RO          543    .constdata          contact.o
    0x08004c0c   0x08004c0c   0x000005f0   Data   RO         7770    .constdata          oled_data.o
    0x080051fc   0x080051fc   0x0000023a   Data   RO         7771    .constdata          oled_data.o
    0x08005436   0x08005436   0x000006a6   Data   RO         7772    .constdata          oled_data.o
    0x08005adc   0x08005adc   0x0000000c   Data   RO         7873    .constdata          mc_w.l(mktime.o)
    0x08005ae8   0x08005ae8   0x0000000c   Data   RO         8329    .constdata          mc_w.l(localtime_i.o)
    0x08005af4   0x08005af4   0x00000050   Data   RO          373    .conststring        menu.o
    0x08005b44   0x08005b44   0x00000020   Data   RO         8385    Region$$Table       anon$$obj.o


    Execution Region RW_IRAM1 (Exec base: 0x20000000, Load base: 0x08005b64, Size: 0x00001c48, Max: 0x00005000, ABSOLUTE, COMPRESSED[0x00000060])

    Exec Addr    Load Addr    Size         Type   Attr      Idx    E Section Name        Object

    0x20000000   COMPRESSED   0x00000018   Data   RW            5    .data               main.o
    0x20000018   COMPRESSED   0x0000003c   Data   RW          326    .data               remote_nec_driver.o
    0x20000054   COMPRESSED   0x00000020   Data   RW          374    .data               menu.o
    0x20000074   COMPRESSED   0x00000008   Data   RW          424    .data               guessnum.o
    0x2000007c   COMPRESSED   0x0000000c   Data   RW          479    .data               guessmine.o
    0x20000088   COMPRESSED   0x00000009   Data   RW          544    .data               contact.o
    0x20000091   COMPRESSED   0x00000007   PAD
    0x20000098   COMPRESSED   0x00000010   Data   RW          610    .data               greedysnake.o
    0x200000a8   COMPRESSED   0x00000008   Data   RW          706    .data               app_timer.o
    0x200000b0   COMPRESSED   0x00000010   Data   RW          761    .data               led_blink.o
    0x200000c0   COMPRESSED   0x00000002   Data   RW          821    .data               arm_control.o
    0x200000c2   COMPRESSED   0x00000008   Data   RW          945    .data               ps2_adc_dma.o
    0x200000ca   COMPRESSED   0x00000008   Data   RW          977    .data               rtc_driver.o
    0x200000d2   COMPRESSED   0x00000006   PAD
    0x200000d8   COMPRESSED   0x00000020   Data   RW         1030    .data               alarm.o
    0x200000f8   COMPRESSED   0x00000018   Data   RW         1106    .data               ps2_key.o
    0x20000110   COMPRESSED   0x00000001   Data   RW         1144    .data               usart_frame_handler.o
    0x20000111   COMPRESSED   0x00000007   PAD
    0x20000118   COMPRESSED   0x00000010   Data   RW         1225    .data               stm32f10x_pal.o
    0x20000128   COMPRESSED   0x00000014   Data   RW         6071    .data               stm32f10x_rcc.o
    0x2000013c   COMPRESSED   0x00000004   Data   RW         7866    .data               mc_w.l(rand.o)
    0x20000140        -       0x000001cc   Zero   RW          478    .bss                guessmine.o
    0x2000030c        -       0x00000175   Zero   RW          542    .bss                contact.o
    0x20000481   COMPRESSED   0x00000003   PAD
    0x20000484        -       0x00000360   Zero   RW          609    .bss                greedysnake.o
    0x200007e4        -       0x00000010   Zero   RW          820    .bss                arm_control.o
    0x200007f4        -       0x00000018   Zero   RW         1029    .bss                alarm.o
    0x2000080c        -       0x0000000a   Zero   RW         1143    .bss                usart_frame_handler.o
    0x20000816        -       0x00000400   Zero   RW         7561    .bss                oled.o
    0x20000c16   COMPRESSED   0x00000002   PAD
    0x20000c18        -       0x0000002c   Zero   RW         8326    .bss                mc_w.l(localtime_w.o)
    0x20000c44   COMPRESSED   0x00000004   PAD
    0x20000c48        -       0x00001000   Zero   RW         1207    STACK               startup_stm32f10x_md.o


==============================================================================

Image component sizes


      Code (inc. data)   RO Data    RW Data    ZI Data      Debug   Object Name

      1300        160          0         32         24       5430   alarm.o
       224         20          0          8          0       2075   app_timer.o
       972        174          0          2         16       5308   arm_control.o
      1336        236         40          9        373       5104   contact.o
      1006         60          0         16        864       9137   greedysnake.o
       758         78          0         12        460       4242   guessmine.o
       372         78          0          8          0       2241   guessnum.o
       330         28          0         16          0       3305   led_blink.o
       128          6          0         24          0     274411   main.o
       500         98         80         32          0       2856   menu.o
       100          4          0          0          0       1164   misc.o
      2058         66          0          0       1024      15052   oled.o
         0          0       3792          0          0       1162   oled_data.o
       280         18          0          8          0       1283   ps2_adc_dma.o
       148          8          0         24          0        829   ps2_key.o
       616         40          0         60          0       4037   remote_nec_driver.o
       256         10          0          8          0       3150   rtc_driver.o
       354         18          0          0          0       2535   serov_driver.o
        36          8        236          0       4096        780   startup_stm32f10x_md.o
       308         10          0          0          0       7657   stm32f10x_adc.o
        40         12          0          0          0       2243   stm32f10x_bkp.o
        84          0          0          0          0       2889   stm32f10x_dma.o
        44         10          0          0          0       1132   stm32f10x_exti.o
       200          0          0          0          0       4360   stm32f10x_gpio.o
        20          0          0          0          0       3638   stm32f10x_it.o
       176         20          0         16          0       1968   stm32f10x_pal.o
         0          0          0          0          0        648   stm32f10x_pal_usart.o
        12          6          0          0          0        494   stm32f10x_pwr.o
       448         78          0         20          0       9122   stm32f10x_rcc.o
       168         34          0          0          0       3587   stm32f10x_rtc.o
      1498        186          0          0          0      20085   stm32f10x_tim.o
        72          0          0          0          0       2932   stm32f10x_usart.o
       260         26          0          0          0       1885   system_stm32f10x.o
       160         12          0          1         10       2260   usart_frame_handler.o

    ----------------------------------------------------------------------
     14294       1504       4180        316       6872     409001   Object Totals
         0          0         32          0          0          0   (incl. Generated)
        30          0          0         20          5          0   (incl. Padding)

    ----------------------------------------------------------------------

      Code (inc. data)   RO Data    RW Data    ZI Data      Debug   Library Member Name

        86          0          0          0          0          0   __dczerorl2.o
         0          0          0          0          0          0   entry.o
         0          0          0          0          0          0   entry10a.o
         0          0          0          0          0          0   entry11a.o
         4          0          0          0          0          0   entry12b.o
         8          4          0          0          0          0   entry2.o
         4          0          0          0          0          0   entry5.o
         0          0          0          0          0          0   entry7b.o
         0          0          0          0          0          0   entry8b.o
         8          4          0          0          0          0   entry9a.o
        30          0          0          0          0          0   handlers.o
        36          8          0          0          0         68   init.o
         0          0          0          0          0          0   iusefp.o
        30          0          0          0          0         68   llshl.o
        36          0          0          0          0         68   llsshr.o
        32          0          0          0          0         68   llushr.o
       140          6         12          0          0         76   localtime_i.o
        12          6          0          0         44         68   localtime_w.o
        36          0          0          0          0         68   memcpya.o
        36          0          0          0          0        108   memseta.o
       168         18         12          0          0         80   mktime.o
      2232         86          0          0          0        528   printfa.o
        36         10          0          4          0        136   rand.o
        28          0          0          0          0         76   strcmp.o
        24          0          0          0          0         76   strncpy.o
        44          0          0          0          0         80   uidiv.o
        98          0          0          0          0         92   uldiv.o
        48          0          0          0          0         68   cdrcmple.o
        56          0          0          0          0         88   d2f.o
       334          0          0          0          0        148   dadd.o
       222          0          0          0          0        100   ddiv.o
       186          0          0          0          0        176   depilogue.o
        48          0          0          0          0         68   dfixul.o
        26          0          0          0          0         76   dfltui.o
       228          0          0          0          0         96   dmul.o
        38          0          0          0          0         68   f2d.o
       176          0          0          0          0        140   fadd.o
       124          0          0          0          0         88   fdiv.o
       110          0          0          0          0        168   fepilogue.o
        40          0          0          0          0         68   ffixui.o
        18          0          0          0          0         68   fflti.o
        10          0          0          0          0         68   ffltui.o
       100          0          0          0          0         76   fmul.o

    ----------------------------------------------------------------------
      4898        142         24          4         48       3224   Library Totals
         6          0          0          0          4          0   (incl. Padding)

    ----------------------------------------------------------------------

      Code (inc. data)   RO Data    RW Data    ZI Data      Debug   Library Name

      3128        142         24          4         44       1660   mc_w.l
      1764          0          0          0          0       1564   mf_w.l

    ----------------------------------------------------------------------
      4898        142         24          4         48       3224   Library Totals

    ----------------------------------------------------------------------

==============================================================================


      Code (inc. data)   RO Data    RW Data    ZI Data      Debug   

     19192       1646       4204        320       6920     401381   Grand Totals
     19192       1646       4204         96       6920     401381   ELF Image Totals (compressed)
     19192       1646       4204         96          0          0   ROM Totals

==============================================================================

    Total RO  Size (Code + RO Data)                23396 (  22.85kB)
    Total RW  Size (RW Data + ZI Data)              7240 (   7.07kB)
    Total ROM Size (Code + RO Data + RW Data)      23492 (  22.94kB)

==============================================================================

