Component: ARM Compiler 5.06 update 7 (build 960) Tool: armlink [4d3601]

==============================================================================

Section Cross References

    main.o(i.main) refers to oled.o(i.OLED_Init) for OLED_Init
    main.o(i.main) refers to stm32f10x_pal.o(i.PAL_Init) for PAL_Init
    main.o(i.main) refers to app_timer.o(i.App_Timer_Init) for App_Timer_Init
    main.o(i.main) refers to remote_nec_driver.o(i.Capture_Config) for Capture_Config
    main.o(i.main) refers to guessmine.o(i.MineBoard_Init) for MineBoard_Init
    main.o(i.main) refers to contact.o(i.Contact_Init) for Contact_Init
    main.o(i.main) refers to led_blink.o(i.Led_BlinkInit) for Led_BlinkInit
    main.o(i.main) refers to ps2_adc_dma.o(i.ps2_ADCInit) for ps2_ADCInit
    main.o(i.main) refers to serov_driver.o(i.Arm_Init) for Arm_Init
    main.o(i.main) refers to rtc_driver.o(i.Rtc_Init) for Rtc_Init
    main.o(i.main) refers to alarm.o(i.Alarm_Init) for Alarm_Init
    main.o(i.main) refers to ps2_key.o(i.Ps2_KeyInit) for Ps2_KeyInit
    main.o(i.main) refers to app_timer.o(i.App_Timer_GetTick) for App_Timer_GetTick
    main.o(i.main) refers to menu.o(i.Menu_Proc) for Menu_Proc
    main.o(i.main) refers to guessnum.o(i.GuessNum_Proc) for GuessNum_Proc
    main.o(i.main) refers to guessmine.o(i.GuessMine_Proc) for GuessMine_Proc
    main.o(i.main) refers to contact.o(i.Contact_Proc) for Contact_Proc
    main.o(i.main) refers to greedysnake.o(i.GreedySnake_Proc) for GreedySnake_Proc
    main.o(i.main) refers to arm_control.o(i.Arm_Proc) for Arm_Proc
    main.o(i.main) refers to alarm.o(i.Alarm_Proc) for Alarm_Proc
    main.o(i.main) refers to led_blink.o(i.Led_Blink_Proc) for Led_Blink_Proc
    main.o(i.main) refers to main.o(.data) for .data
    system_stm32f10x.o(i.SetSysClock) refers to system_stm32f10x.o(i.SetSysClockTo72) for SetSysClockTo72
    system_stm32f10x.o(i.SystemCoreClockUpdate) refers to system_stm32f10x.o(.data) for .data
    system_stm32f10x.o(i.SystemInit) refers to system_stm32f10x.o(i.SetSysClock) for SetSysClock
    stm32f10x_it.o(i.SysTick_Handler) refers to stm32f10x_pal.o(i.PAL_Systick_IRQHandler) for PAL_Systick_IRQHandler
    remote_nec_driver.o(i.Capture_Config) refers to stm32f10x_rcc.o(i.RCC_APB2PeriphClockCmd) for RCC_APB2PeriphClockCmd
    remote_nec_driver.o(i.Capture_Config) refers to stm32f10x_gpio.o(i.GPIO_Init) for GPIO_Init
    remote_nec_driver.o(i.Capture_Config) refers to stm32f10x_rcc.o(i.RCC_APB2PeriphResetCmd) for RCC_APB2PeriphResetCmd
    remote_nec_driver.o(i.Capture_Config) refers to stm32f10x_tim.o(i.TIM_ARRPreloadConfig) for TIM_ARRPreloadConfig
    remote_nec_driver.o(i.Capture_Config) refers to stm32f10x_tim.o(i.TIM_TimeBaseInit) for TIM_TimeBaseInit
    remote_nec_driver.o(i.Capture_Config) refers to stm32f10x_tim.o(i.TIM_GenerateEvent) for TIM_GenerateEvent
    remote_nec_driver.o(i.Capture_Config) refers to stm32f10x_tim.o(i.TIM_SelectHallSensor) for TIM_SelectHallSensor
    remote_nec_driver.o(i.Capture_Config) refers to stm32f10x_tim.o(i.TIM_SetClockDivision) for TIM_SetClockDivision
    remote_nec_driver.o(i.Capture_Config) refers to stm32f10x_tim.o(i.TIM_ICInit) for TIM_ICInit
    remote_nec_driver.o(i.Capture_Config) refers to stm32f10x_tim.o(i.TIM_Cmd) for TIM_Cmd
    remote_nec_driver.o(i.Capture_Config) refers to stm32f10x_tim.o(i.TIM_CCxCmd) for TIM_CCxCmd
    remote_nec_driver.o(i.Capture_Config) refers to stm32f10x_tim.o(i.TIM_ITConfig) for TIM_ITConfig
    remote_nec_driver.o(i.Capture_Config) refers to stm32f10x_tim.o(i.TIM_ClearFlag) for TIM_ClearFlag
    remote_nec_driver.o(i.Capture_Config) refers to misc.o(i.NVIC_Init) for NVIC_Init
    remote_nec_driver.o(i.IR_GetKey) refers to remote_nec_driver.o(.data) for .data
    remote_nec_driver.o(i.TIM1_CC_IRQHandler) refers to stm32f10x_tim.o(i.TIM_GetITStatus) for TIM_GetITStatus
    remote_nec_driver.o(i.TIM1_CC_IRQHandler) refers to stm32f10x_tim.o(i.TIM_ClearITPendingBit) for TIM_ClearITPendingBit
    remote_nec_driver.o(i.TIM1_CC_IRQHandler) refers to stm32f10x_tim.o(i.TIM_GetCapture1) for TIM_GetCapture1
    remote_nec_driver.o(i.TIM1_CC_IRQHandler) refers to remote_nec_driver.o(.data) for .data
    remote_nec_driver.o(i.TIM1_UP_IRQHandler) refers to stm32f10x_tim.o(i.TIM_GetITStatus) for TIM_GetITStatus
    remote_nec_driver.o(i.TIM1_UP_IRQHandler) refers to stm32f10x_tim.o(i.TIM_ClearITPendingBit) for TIM_ClearITPendingBit
    remote_nec_driver.o(i.TIM1_UP_IRQHandler) refers to stm32f10x_gpio.o(i.GPIO_ReadInputDataBit) for GPIO_ReadInputDataBit
    remote_nec_driver.o(i.TIM1_UP_IRQHandler) refers to remote_nec_driver.o(.data) for .data
    menu.o(i.GetRandom) refers to stm32f10x_tim.o(i.TIM_GetCounter) for TIM_GetCounter
    menu.o(i.GetRandom) refers to rand.o(.text) for srand
    menu.o(i.GetRandom) refers to menu.o(.data) for .data
    menu.o(i.Menu_HomeShow) refers to oled.o(i.OLED_Clear) for OLED_Clear
    menu.o(i.Menu_HomeShow) refers to oled.o(i.OLED_Printf) for OLED_Printf
[...]
    i.RTC_ExitConfigMode                     0x0800308c   Section        0  stm32f10x_rtc.o(i.RTC_ExitConfigMode)
    i.RTC_GetCounter                         0x0800309c   Section        0  stm32f10x_rtc.o(i.RTC_GetCounter)
    i.RTC_ReadTime                           0x080030bc   Section        0  rtc_driver.o(i.RTC_ReadTime)
    i.RTC_SetCounter                         0x08003104   Section        0  stm32f10x_rtc.o(i.RTC_SetCounter)
    i.RTC_SetPrescaler                       0x08003124   Section        0  stm32f10x_rtc.o(i.RTC_SetPrescaler)
    i.RTC_SetTime                            0x08003144   Section        0  rtc_driver.o(i.RTC_SetTime)
    i.RTC_WaitForLastTask                    0x08003184   Section        0  stm32f10x_rtc.o(i.RTC_WaitForLastTask)
    i.RTC_WaitForSynchro                     0x08003194   Section        0  stm32f10x_rtc.o(i.RTC_WaitForSynchro)
    i.Rtc_Init                               0x080031ac   Section        0  rtc_driver.o(i.Rtc_Init)
    i.SVC_Handler                            0x08003224   Section        0  stm32f10x_it.o(i.SVC_Handler)
    i.SetSysClock                            0x08003226   Section        0  system_stm32f10x.o(i.SetSysClock)
    SetSysClock                              0x08003227   Thumb Code     4  system_stm32f10x.o(i.SetSysClock)
    i.SetSysClockTo72                        0x0800322c   Section        0  system_stm32f10x.o(i.SetSysClockTo72)
    SetSysClockTo72                          0x0800322d   Thumb Code   166  system_stm32f10x.o(i.SetSysClockTo72)
    i.Set_Alarm                              0x080032dc   Section        0  alarm.o(i.Set_Alarm)
    i.Set_RTC_Time                           0x08003424   Section        0  alarm.o(i.Set_RTC_Time)
    i.SnakeDeInit                            0x0800354c   Section        0  greedysnake.o(i.SnakeDeInit)
    i.SnakeGame_Init                         0x08003554   Section        0  greedysnake.o(i.SnakeGame_Init)
    i.SnakeInit                              0x0800357c   Section        0  greedysnake.o(i.SnakeInit)
    i.Snake_CreateTmp                        0x08003592   Section        0  greedysnake.o(i.Snake_CreateTmp)
    i.Snake_DeleteTail                       0x0800362a   Section        0  greedysnake.o(i.Snake_DeleteTail)
    i.Snake_GameOver                         0x08003648   Section        0  greedysnake.o(i.Snake_GameOver)
    i.Snake_GameVictory                      0x08003688   Section        0  greedysnake.o(i.Snake_GameVictory)
    i.Snake_GenerateFood                     0x080036c8   Section        0  greedysnake.o(i.Snake_GenerateFood)
    i.Snake_IsDead                           0x08003728   Section        0  greedysnake.o(i.Snake_IsDead)
    i.Snake_Move                             0x08003788   Section        0  greedysnake.o(i.Snake_Move)
    i.Snake_PushHead                         0x08003804   Section        0  greedysnake.o(i.Snake_PushHead)
    i.SysTick_Handler                        0x08003836   Section        0  stm32f10x_it.o(i.SysTick_Handler)
    i.SystemInit                             0x0800383c   Section        0  system_stm32f10x.o(i.SystemInit)
    i.Systick_Init                           0x0800388c   Section        0  stm32f10x_pal.o(i.Systick_Init)
    Systick_Init                             0x0800388d   Thumb Code   134  stm32f10x_pal.o(i.Systick_Init)
    i.TI1_Config                             0x08003920   Section        0  stm32f10x_tim.o(i.TI1_Config)
    TI1_Config                               0x08003921   Thumb Code    94  stm32f10x_tim.o(i.TI1_Config)
    i.TI2_Config                             0x08003994   Section        0  stm32f10x_tim.o(i.TI2_Config)
    TI2_Config                               0x08003995   Thumb Code   102  stm32f10x_tim.o(i.TI2_Config)
    i.TI3_Config                             0x08003a10   Section        0  stm32f10x_tim.o(i.TI3_Config)
    TI3_Config                               0x08003a11   Thumb Code    98  stm32f10x_tim.o(i.TI3_Config)
    i.TI4_Config                             0x08003a88   Section        0  stm32f10x_tim.o(i.TI4_Config)
    TI4_Config                               0x08003a89   Thumb Code   102  stm32f10x_tim.o(i.TI4_Config)
    i.TIM1_CC_IRQHandler                     0x08003b04   Section        0  remote_nec_driver.o(i.TIM1_CC_IRQHandler)
    i.TIM1_UP_IRQHandler                     0x08003be4   Section        0  remote_nec_driver.o(i.TIM1_UP_IRQHandler)
    i.TIM3_IRQHandler                        0x08003c30   Section        0  app_timer.o(i.TIM3_IRQHandler)
    i.TIM_ARRPreloadConfig                   0x08003c64   Section        0  stm32f10x_tim.o(i.TIM_ARRPreloadConfig)
    i.TIM_CCxCmd                             0x08003c7c   Section        0  stm32f10x_tim.o(i.TIM_CCxCmd)
    i.TIM_ClearFlag                          0x08003c92   Section        0  stm32f10x_tim.o(i.TIM_ClearFlag)
    i.TIM_ClearITPendingBit                  0x08003c98   Section        0  stm32f10x_tim.o(i.TIM_ClearITPendingBit)
    i.TIM_Cmd                                0x08003c9e   Section        0  stm32f10x_tim.o(i.TIM_Cmd)
    i.TIM_GenerateEvent                      0x08003cb6   Section        0  stm32f10x_tim.o(i.TIM_GenerateEvent)
    i.TIM_GetCapture1                        0x08003cba   Section        0  stm32f10x_tim.o(i.TIM_GetCapture1)
    i.TIM_GetCounter                         0x08003cbe   Section        0  stm32f10x_tim.o(i.TIM_GetCounter)
    i.TIM_GetFlagStatus                      0x08003cc2   Section        0  stm32f10x_tim.o(i.TIM_GetFlagStatus)
    i.TIM_GetITStatus                        0x08003cd0   Section        0  stm32f10x_tim.o(i.TIM_GetITStatus)
    i.TIM_ICInit                             0x08003ce8   Section        0  stm32f10x_tim.o(i.TIM_ICInit)
    i.TIM_ITConfig                           0x08003d74   Section        0  stm32f10x_tim.o(i.TIM_ITConfig)
    i.TIM_InternalClockConfig                0x08003d88   Section        0  stm32f10x_tim.o(i.TIM_InternalClockConfig)
    i.TIM_OC1Init                            0x08003d94   Section        0  stm32f10x_tim.o(i.TIM_OC1Init)
    i.TIM_OC2Init                            0x08003e1c   Section        0  stm32f10x_tim.o(i.TIM_OC2Init)
    i.TIM_OC3Init                            0x08003ea4   Section        0  stm32f10x_tim.o(i.TIM_OC3Init)
    i.TIM_OCStructInit                       0x08003f28   Section        0  stm32f10x_tim.o(i.TIM_OCStructInit)
    i.TIM_SelectHallSensor                   0x08003f3c   Section        0  stm32f10x_tim.o(i.TIM_SelectHallSensor)
    i.TIM_SetClockDivision                   0x08003f54   Section        0  stm32f10x_tim.o(i.TIM_SetClockDivision)
    i.TIM_SetCompare1                        0x08003f64   Section        0  stm32f10x_tim.o(i.TIM_SetCompare1)
    i.TIM_SetCompare2                        0x08003f68   Section        0  stm32f10x_tim.o(i.TIM_SetCompare2)
    i.TIM_SetCompare3                        0x08003f6c   Section        0  stm32f10x_tim.o(i.TIM_SetCompare3)
    i.TIM_SetIC1Prescaler                    0x08003f70   Section        0  stm32f10x_tim.o(i.TIM_SetIC1Prescaler)
    i.TIM_SetIC2Prescaler                    0x08003f80   Section        0  stm32f10x_tim.o(i.TIM_SetIC2Prescaler)
    i.TIM_SetIC3Prescaler                    0x08003f98   Section        0  stm32f10x_tim.o(i.TIM_SetIC3Prescaler)
    i.TIM_SetIC4Prescaler                    0x08003fa8   Section        0  stm32f10x_tim.o(i.TIM_SetIC4Prescaler)
    i.TIM_TimeBaseInit                       0x08003fc0   Section        0  stm32f10x_tim.o(i.TIM_TimeBaseInit)
    i.USART3_IRQHandler                      0x0800405c   Section        0  stm32_usart_slave.o(i.USART3_IRQHandler)
    i.USART_GetITStatus                      0x080040b0   Section        0  stm32f10x_usart.o(i.USART_GetITStatus)
    i.USART_ReceiveData                      0x080040f0   Section        0  stm32f10x_usart.o(i.USART_ReceiveData)
    i.UsageFault_Handler                     0x080040f8   Section        0  stm32f10x_it.o(i.UsageFault_Handler)
    i.__0vsprintf                            0x080040fc   Section        0  printfa.o(i.__0vsprintf)
    i.__scatterload_copy                     0x08004120   Section       14  handlers.o(i.__scatterload_copy)
    i.__scatterload_null                     0x0800412e   Section        2  handlers.o(i.__scatterload_null)
    i.__scatterload_zeroinit                 0x08004130   Section       14  handlers.o(i.__scatterload_zeroinit)
    i._fp_digits                             0x08004140   Section        0  printfa.o(i._fp_digits)
    _fp_digits                               0x08004141   Thumb Code   366  printfa.o(i._fp_digits)
    i._printf_core                           0x080042c4   Section        0  printfa.o(i._printf_core)
    _printf_core                             0x080042c5   Thumb Code  1704  printfa.o(i._printf_core)
    i._printf_post_padding                   0x08004978   Section        0  printfa.o(i._printf_post_padding)
    _printf_post_padding                     0x08004979   Thumb Code    36  printfa.o(i._printf_post_padding)
    i._printf_pre_padding                    0x0800499c   Section        0  printfa.o(i._printf_pre_padding)
    _printf_pre_padding                      0x0800499d   Thumb Code    46  printfa.o(i._printf_pre_padding)
    i._sputc                                 0x080049ca   Section        0  printfa.o(i._sputc)
    _sputc                                   0x080049cb   Thumb Code    10  printfa.o(i._sputc)
    i.main                                   0x080049d4   Section        0  main.o(i.main)
    i.ps2_ADCInit                            0x08004a58   Section        0  ps2_adc_dma.o(i.ps2_ADCInit)
    .constdata                               0x08004b70   Section       40  contact.o(.constdata)
    .constdata                               0x08004b98   Section     1520  oled_data.o(.constdata)
    .constdata                               0x08005188   Section      570  oled_data.o(.constdata)
    .constdata                               0x080053c2   Section     1702  oled_data.o(.constdata)
    .constdata                               0x08005a68   Section       12  mktime.o(.constdata)
    monlen                                   0x08005a68   Data          12  mktime.o(.constdata)
    .constdata                               0x08005a74   Section       12  localtime_i.o(.constdata)
    monlen                                   0x08005a74   Data          12  localtime_i.o(.constdata)
    .conststring                             0x08005a80   Section       80  menu.o(.conststring)
    .data                                    0x20000000   Section       24  main.o(.data)
    .data                                    0x20000018   Section       60  remote_nec_driver.o(.data)
    .data                                    0x20000054   Section       32  menu.o(.data)
    Menu_PageStart                           0x20000055   Data           1  menu.o(.data)
    Menu_Cursor                              0x20000056   Data           1  menu.o(.data)
    RandomInit_Flag                          0x20000057   Data           1  menu.o(.data)
    menu_items                               0x20000058   Data          28  menu.o(.data)
    .data                                    0x20000074   Section        8  guessnum.o(.data)
    GuessNum_Show_Flag                       0x20000075   Data           1  guessnum.o(.data)
    r                                        0x20000076   Data           2  guessnum.o(.data)
    GuessNum_Guess                           0x20000078   Data           4  guessnum.o(.data)
    .data                                    0x2000007c   Section       12  guessmine.o(.data)
    Mine_Cursor_X                            0x2000007d   Data           1  guessmine.o(.data)
    Mine_Cursor_Y                            0x2000007e   Data           1  guessmine.o(.data)
    MineBoard_X                              0x2000007f   Data           1  guessmine.o(.data)
    MineBoard_Y                              0x20000080   Data           1  guessmine.o(.data)
    Opened_Count                             0x20000082   Data           2  guessmine.o(.data)
    Opened_Flag                              0x20000084   Data           2  guessmine.o(.data)
    Closed_Flag                              0x20000086   Data           2  guessmine.o(.data)
    .data                                    0x20000088   Section        9  contact.o(.data)
    ContactName_Flag                         0x20000089   Data           1  contact.o(.data)
    Input_State_Flag                         0x2000008a   Data           1  contact.o(.data)
    Contact_PageStart                        0x2000008b   Data           1  contact.o(.data)
    Contact_Cursor                           0x2000008c   Data           1  contact.o(.data)
    Temp_Cursor                              0x2000008d   Data           1  contact.o(.data)
    input_index                              0x2000008e   Data           1  contact.o(.data)
    key_last                                 0x2000008f   Data           1  contact.o(.data)
    key_count                                0x20000090   Data           1  contact.o(.data)
    .data                                    0x20000098   Section       16  greedysnake.o(.data)
    Snake_DelayTime_Flag                     0x20000099   Data           1  greedysnake.o(.data)
    SnakeInit_Flag                           0x2000009a   Data           1  greedysnake.o(.data)
    Snake_DelayTime                          0x200000a0   Data           8  greedysnake.o(.data)
    .data                                    0x200000a8   Section        8  app_timer.o(.data)
    currentTick                              0x200000a8   Data           8  app_timer.o(.data)
    .data                                    0x200000b0   Section       16  led_blink.o(.data)
    Blink_Flag                               0x200000b1   Data           1  led_blink.o(.data)
    Temp_Key                                 0x200000b2   Data           1  led_blink.o(.data)
    Flicker                                  0x200000b4   Data           2  led_blink.o(.data)
    Time                                     0x200000b8   Data           8  led_blink.o(.data)
    .data                                    0x200000c0   Section        2  arm_control.o(.data)
    Arm_Cursor                               0x200000c1   Data           1  arm_control.o(.data)
    .data                                    0x200000c2   Section        8  ps2_adc_dma.o(.data)
    .data                                    0x200000ca   Section        8  rtc_driver.o(.data)
    .data                                    0x200000d8   Section       32  alarm.o(.data)
    Alarm_Cursor                             0x200000d8   Data           1  alarm.o(.data)
    Set_Alarm_Flag                           0x200000da   Data           1  alarm.o(.data)
    Set_RTC_Flag_Flag                        0x200000db   Data           1  alarm.o(.data)
    Alarm_switch                             0x200000dc   Data           1  alarm.o(.data)
    Alarm_Trigger_Flag                       0x200000dd   Data           1  alarm.o(.data)
    Alarm_Delay_Flag                         0x200000de   Data           1  alarm.o(.data)
    index                                    0x200000df   Data           1  alarm.o(.data)
    Tmp_Cnt                                  0x200000e0   Data           1  alarm.o(.data)
    Last_Time                                0x200000e8   Data           8  alarm.o(.data)
    .data                                    0x200000f8   Section        1  ps2_key.o(.data)
    .data                                    0x200000f9   Section        2  stm32_usart_slave.o(.data)
    .data                                    0x20000100   Section       16  stm32f10x_pal.o(.data)
    us_per_mini_tick                         0x20000100   Data           4  stm32f10x_pal.o(.data)
    ulTicks                                  0x20000108   Data           8  stm32f10x_pal.o(.data)
    .data                                    0x20000110   Section       20  stm32f10x_rcc.o(.data)
    ADCPrescTable                            0x20000110   Data           4  stm32f10x_rcc.o(.data)
    APBAHBPrescTable                         0x20000114   Data          16  stm32f10x_rcc.o(.data)
    .data                                    0x20000124   Section        4  rand.o(.data)
    _rand_state                              0x20000124   Data           4  rand.o(.data)
    .bss                                     0x20000128   Section      460  guessmine.o(.bss)
    MineField                                0x20000128   Data         230  guessmine.o(.bss)
    MineField_Flag                           0x2000020e   Data         230  guessmine.o(.bss)
    .bss                                     0x200002f4   Section      373  contact.o(.bss)
    contact_list                             0x200002f4   Data         361  contact.o(.bss)
    input_Data                               0x2000045d   Data          12  contact.o(.bss)
    .bss                                     0x2000046c   Section      864  greedysnake.o(.bss)
    Snake_P1                                 0x2000046c   Data         864  greedysnake.o(.bss)
    .bss                                     0x200007cc   Section       16  arm_control.o(.bss)
    .bss                                     0x200007dc   Section       24  alarm.o(.bss)
    Tmp                                      0x200007dc   Data          24  alarm.o(.bss)
    .bss                                     0x200007f4   Section       20  stm32_usart_slave.o(.bss)
    .bss                                     0x20000808   Section     1024  oled.o(.bss)
    .bss                                     0x20000c08   Section       44  localtime_w.o(.bss)
    _tms                                     0x20000c08   Data          44  localtime_w.o(.bss)
    STACK                                    0x20000c38   Section     4096  startup_stm32f10x_md.o(STACK)

    Global Symbols

    Symbol Name                              Value     Ov Type        Size  Object(Section)

    BuildAttributes$$THM_ISAv4$P$D$K$B$S$PE$A:L22UL41UL21$X:L11$S22US41US21$IEEE1$IW$USESV6$~STKCKD$USESV7$~SHL$OTIME$ROPI$IEEEX$EBA8$MICROLIB$REQ8$PRES8$EABIv2 0x00000000   Number         0  anon$$obj.o ABSOLUTE
    __ARM_use_no_argv                        0x00000000   Number         0  main.o ABSOLUTE
    _printf_a                                0x00000000   Number         0  stubs.o ABSOLUTE
    _printf_c                                0x00000000   Number         0  stubs.o ABSOLUTE
    _printf_charcount                        0x00000000   Number         0  stubs.o ABSOLUTE
    _printf_d                                0x00000000   Number         0  stubs.o ABSOLUTE
    _printf_e                                0x00000000   Number         0  stubs.o ABSOLUTE
    _printf_f                                0x00000000   Number         0  stubs.o ABSOLUTE
    _printf_flags                            0x00000000   Number         0  stubs.o ABSOLUTE
    _printf_fp_dec                           0x00000000   Number         0  stubs.o ABSOLUTE
    _printf_fp_hex                           0x00000000   Number         0  stubs.o ABSOLUTE
    _printf_g                                0x00000000   Number         0  stubs.o ABSOLUTE
    _printf_i                                0x00000000   Number         0  stubs.o ABSOLUTE
    _printf_int_dec                          0x00000000   Number         0  stubs.o ABSOLUTE
    _printf_l                                0x00000000   Number         0  stubs.o ABSOLUTE
    _printf_lc                               0x00000000   Number         0  stubs.o ABSOLUTE
    _printf_ll                               0x00000000   Number         0  stubs.o ABSOLUTE
    _printf_lld                              0x00000000   Number         0  stubs.o ABSOLUTE
    _printf_lli                              0x00000000   Number         0  stubs.o ABSOLUTE
    _printf_llo                              0x00000000   Number         0  stubs.o ABSOLUTE
    _printf_llu                              0x00000000   Number         0  stubs.o ABSOLUTE
    _printf_llx                              0x00000000   Number         0  stubs.o ABSOLUTE
    _printf_longlong_dec                     0x00000000   Number         0  stubs.o ABSOLUTE
    _printf_longlong_hex                     0x00000000   Number         0  stubs.o ABSOLUTE
    _printf_longlong_oct                     0x00000000   Number         0  stubs.o ABSOLUTE
    _printf_ls                               0x00000000   Number         0  stubs.o ABSOLUTE
    _printf_mbtowc                           0x00000000   Number         0  stubs.o ABSOLUTE
    _printf_n                                0x00000000   Number         0  stubs.o ABSOLUTE
    _printf_o                                0x00000000   Number         0  stubs.o ABSOLUTE
    _printf_p                                0x00000000   Number         0  stubs.o ABSOLUTE
    _printf_percent                          0x00000000   Number         0  stubs.o ABSOLUTE
    _printf_pre_padding                      0x00000000   Number         0  stubs.o ABSOLUTE
    _printf_return_value                     0x00000000   Number         0  stubs.o ABSOLUTE
    _printf_s                                0x00000000   Number         0  stubs.o ABSOLUTE
    _printf_sizespec                         0x00000000   Number         0  stubs.o ABSOLUTE
    _printf_str                              0x00000000   Number         0  stubs.o ABSOLUTE
    _printf_truncate_signed                  0x00000000   Number         0  stubs.o ABSOLUTE
    _printf_truncate_unsigned                0x00000000   Number         0  stubs.o ABSOLUTE
    _printf_u                                0x00000000   Number         0  stubs.o ABSOLUTE
    _printf_wc                               0x00000000   Number         0  stubs.o ABSOLUTE
    _printf_wctomb                           0x00000000   Number         0  stubs.o ABSOLUTE
    _printf_widthprec                        0x00000000   Number         0  stubs.o ABSOLUTE
    _printf_x                                0x00000000   Number         0  stubs.o ABSOLUTE
    __arm_fini_                               - Undefined Weak Reference
    __cpp_initialize__aeabi_                  - Undefined Weak Reference
    __cxa_finalize                            - Undefined Weak Reference
    __decompress                              - Undefined Weak Reference
    _clock_init                               - Undefined Weak Reference
    _microlib_exit                            - Undefined Weak Reference
    _scanf_longlong                           - Undefined Weak Reference
    _scanf_string                             - Undefined Weak Reference
    __Vectors_Size                           0x000000ec   Number         0  startup_stm32f10x_md.o ABSOLUTE
    __Vectors                                0x08000000   Data           4  startup_stm32f10x_md.o(RESET)
    __Vectors_End                            0x080000ec   Data           0  startup_stm32f10x_md.o(RESET)
    __main                                   0x080000ed   Thumb Code     0  entry.o(.ARM.Collect$$$$00000000)
    _main_stk                                0x080000ed   Thumb Code     0  entry2.o(.ARM.Collect$$$$00000001)
    _main_scatterload                        0x080000f1   Thumb Code     0  entry5.o(.ARM.Collect$$$$00000004)
    __main_after_scatterload                 0x080000f5   Thumb Code     0  entry5.o(.ARM.Collect$$$$00000004)
    _main_clock                              0x080000f5   Thumb Code     0  entry7b.o(.ARM.Collect$$$$00000008)
    _main_cpp_init                           0x080000f5   Thumb Code     0  entry8b.o(.ARM.Collect$$$$0000000A)
    _main_init                               0x080000f5   Thumb Code     0  entry9a.o(.ARM.Collect$$$$0000000B)
    __rt_lib_shutdown_fini                   0x080000fd   Thumb Code     0  entry12b.o(.ARM.Collect$$$$0000000E)
    __rt_final_cpp                           0x08000101   Thumb Code     0  entry10a.o(.ARM.Collect$$$$0000000F)
    __rt_final_exit                          0x08000101   Thumb Code     0  entry11a.o(.ARM.Collect$$$$00000011)
    Reset_Handler                            0x08000105   Thumb Code     8  startup_stm32f10x_md.o(.text)
    ADC1_2_IRQHandler                        0x0800011f   Thumb Code     0  startup_stm32f10x_md.o(.text)
    CAN1_RX1_IRQHandler                      0x0800011f   Thumb Code     0  startup_stm32f10x_md.o(.text)
    CAN1_SCE_IRQHandler                      0x0800011f   Thumb Code     0  startup_stm32f10x_md.o(.text)
    DMA1_Channel1_IRQHandler                 0x0800011f   Thumb Code     0  startup_stm32f10x_md.o(.text)
    DMA1_Channel2_IRQHandler                 0x0800011f   Thumb Code     0  startup_stm32f10x_md.o(.text)
    DMA1_Channel3_IRQHandler                 0x0800011f   Thumb Code     0  startup_stm32f10x_md.o(.text)
    DMA1_Channel4_IRQHandler                 0x0800011f   Thumb Code     0  startup_stm32f10x_md.o(.text)
    DMA1_Channel5_IRQHandler                 0x0800011f   Thumb Code     0  startup_stm32f10x_md.o(.text)
    DMA1_Channel6_IRQHandler                 0x0800011f   Thumb Code     0  startup_stm32f10x_md.o(.text)
    DMA1_Channel7_IRQHandler                 0x0800011f   Thumb Code     0  startup_stm32f10x_md.o(.text)
    EXTI0_IRQHandler                         0x0800011f   Thumb Code     0  startup_stm32f10x_md.o(.text)
    EXTI1_IRQHandler                         0x0800011f   Thumb Code     0  startup_stm32f10x_md.o(.text)
    EXTI2_IRQHandler                         0x0800011f   Thumb Code     0  startup_stm32f10x_md.o(.text)
    EXTI3_IRQHandler                         0x0800011f   Thumb Code     0  startup_stm32f10x_md.o(.text)
    EXTI4_IRQHandler                         0x0800011f   Thumb Code     0  startup_stm32f10x_md.o(.text)
    EXTI9_5_IRQHandler                       0x0800011f   Thumb Code     0  startup_stm32f10x_md.o(.text)
    FLASH_IRQHandler                         0x0800011f   Thumb Code     0  startup_stm32f10x_md.o(.text)
    I2C1_ER_IRQHandler                       0x0800011f   Thumb Code     0  startup_stm32f10x_md.o(.text)
    I2C1_EV_IRQHandler                       0x0800011f   Thumb Code     0  startup_stm32f10x_md.o(.text)
    I2C2_ER_IRQHandler                       0x0800011f   Thumb Code     0  startup_stm32f10x_md.o(.text)
    I2C2_EV_IRQHandler                       0x0800011f   Thumb Code     0  startup_stm32f10x_md.o(.text)
    PVD_IRQHandler                           0x0800011f   Thumb Code     0  startup_stm32f10x_md.o(.text)
    RCC_IRQHandler                           0x0800011f   Thumb Code     0  startup_stm32f10x_md.o(.text)
    RTCAlarm_IRQHandler                      0x0800011f   Thumb Code     0  startup_stm32f10x_md.o(.text)
    RTC_IRQHandler                           0x0800011f   Thumb Code     0  startup_stm32f10x_md.o(.text)
    SPI1_IRQHandler                          0x0800011f   Thumb Code     0  startup_stm32f10x_md.o(.text)
    SPI2_IRQHandler                          0x0800011f   Thumb Code     0  startup_stm32f10x_md.o(.text)
    TAMPER_IRQHandler                        0x0800011f   Thumb Code     0  startup_stm32f10x_md.o(.text)
    TIM1_BRK_IRQHandler                      0x0800011f   Thumb Code     0  startup_stm32f10x_md.o(.text)
    TIM1_TRG_COM_IRQHandler                  0x0800011f   Thumb Code     0  startup_stm32f10x_md.o(.text)
    TIM2_IRQHandler                          0x0800011f   Thumb Code     0  startup_stm32f10x_md.o(.text)
    TIM4_IRQHandler                          0x0800011f   Thumb Code     0  startup_stm32f10x_md.o(.text)
    USART1_IRQHandler                        0x0800011f   Thumb Code     0  startup_stm32f10x_md.o(.text)
    USART2_IRQHandler                        0x0800011f   Thumb Code     0  startup_stm32f10x_md.o(.text)
    USBWakeUp_IRQHandler                     0x0800011f   Thumb Code     0  startup_stm32f10x_md.o(.text)
    USB_HP_CAN1_TX_IRQHandler                0x0800011f   Thumb Code     0  startup_stm32f10x_md.o(.text)
    USB_LP_CAN1_RX0_IRQHandler               0x0800011f   Thumb Code     0  startup_stm32f10x_md.o(.text)
    WWDG_IRQHandler                          0x0800011f   Thumb Code     0  startup_stm32f10x_md.o(.text)
    __aeabi_uldivmod                         0x08000129   Thumb Code    98  uldiv.o(.text)
    rand                                     0x0800018d   Thumb Code    20  rand.o(.text)
    srand                                    0x080001a1   Thumb Code     6  rand.o(.text)
    mktime                                   0x080001b1   Thumb Code   150  mktime.o(.text)
    __aeabi_memcpy                           0x08000259   Thumb Code    36  memcpya.o(.text)
    __aeabi_memcpy4                          0x08000259   Thumb Code     0  memcpya.o(.text)
    __aeabi_memcpy8                          0x08000259   Thumb Code     0  memcpya.o(.text)
    __aeabi_memset                           0x0800027d   Thumb Code    14  memseta.o(.text)
    __aeabi_memset4                          0x0800027d   Thumb Code     0  memseta.o(.text)
    __aeabi_memset8                          0x0800027d   Thumb Code     0  memseta.o(.text)
    __aeabi_memclr                           0x0800028b   Thumb Code     4  memseta.o(.text)
    __aeabi_memclr4                          0x0800028b   Thumb Code     0  memseta.o(.text)
    __aeabi_memclr8                          0x0800028b   Thumb Code     0  memseta.o(.text)
    _memset$wrapper                          0x0800028f   Thumb Code    18  memseta.o(.text)
    strncpy                                  0x080002a1   Thumb Code    24  strncpy.o(.text)
    strcmp                                   0x080002b9   Thumb Code    28  strcmp.o(.text)
    __aeabi_fadd                             0x080002d5   Thumb Code   164  fadd.o(.text)
    __aeabi_fsub                             0x08000379   Thumb Code     6  fadd.o(.text)
    __aeabi_frsub                            0x0800037f   Thumb Code     6  fadd.o(.text)
    __aeabi_fmul                             0x08000385   Thumb Code   100  fmul.o(.text)
    __aeabi_fdiv                             0x080003e9   Thumb Code   124  fdiv.o(.text)
    __aeabi_dadd                             0x08000465   Thumb Code   322  dadd.o(.text)
    __aeabi_dsub                             0x080005a7   Thumb Code     6  dadd.o(.text)
    __aeabi_drsub                            0x080005ad   Thumb Code     6  dadd.o(.text)
    __aeabi_dmul                             0x080005b3   Thumb Code   228  dmul.o(.text)
    __aeabi_ddiv                             0x08000697   Thumb Code   222  ddiv.o(.text)
    __aeabi_i2f                              0x08000775   Thumb Code    18  fflti.o(.text)
    __aeabi_ui2f                             0x08000787   Thumb Code    10  ffltui.o(.text)
    __aeabi_ui2d                             0x08000791   Thumb Code    26  dfltui.o(.text)
    __aeabi_f2uiz                            0x080007ab   Thumb Code    40  ffixui.o(.text)
    __aeabi_d2ulz                            0x080007d3   Thumb Code    48  dfixul.o(.text)
    __aeabi_f2d                              0x08000803   Thumb Code    38  f2d.o(.text)
    __aeabi_cdrcmple                         0x08000829   Thumb Code    48  cdrcmple.o(.text)
    __aeabi_d2f                              0x08000859   Thumb Code    56  d2f.o(.text)
    __aeabi_uidiv                            0x08000891   Thumb Code     0  uidiv.o(.text)
    __aeabi_uidivmod                         0x08000891   Thumb Code    44  uidiv.o(.text)
    __aeabi_llsl                             0x080008bd   Thumb Code    30  llshl.o(.text)
    _ll_shift_l                              0x080008bd   Thumb Code     0  llshl.o(.text)
    __aeabi_llsr                             0x080008db   Thumb Code    32  llushr.o(.text)
    _ll_ushift_r                             0x080008db   Thumb Code     0  llushr.o(.text)
    __aeabi_lasr                             0x080008fb   Thumb Code    36  llsshr.o(.text)
    _ll_sshift_r                             0x080008fb   Thumb Code     0  llsshr.o(.text)
    localtime                                0x08000921   Thumb Code     6  localtime_w.o(.text)
    _localtime                               0x0800092d   Thumb Code   134  localtime_i.o(.text)
    __I$use$fp                               0x080009b9   Thumb Code     0  iusefp.o(.text)
    _float_round                             0x080009b9   Thumb Code    18  fepilogue.o(.text)
    _float_epilogue                          0x080009cb   Thumb Code    92  fepilogue.o(.text)
    _double_round                            0x08000a27   Thumb Code    30  depilogue.o(.text)
    _double_epilogue                         0x08000a45   Thumb Code   156  depilogue.o(.text)
    __scatterload                            0x08000ae1   Thumb Code    28  init.o(.text)
    __scatterload_rt2                        0x08000ae1   Thumb Code     0  init.o(.text)
    ADC_Cmd                                  0x08000b05   Thumb Code    24  stm32f10x_adc.o(i.ADC_Cmd)
    ADC_DMACmd                               0x08000b1d   Thumb Code    24  stm32f10x_adc.o(i.ADC_DMACmd)
    ADC_GetCalibrationStatus                 0x08000b35   Thumb Code    14  stm32f10x_adc.o(i.ADC_GetCalibrationStatus)
    ADC_GetResetCalibrationStatus            0x08000b43   Thumb Code    14  stm32f10x_adc.o(i.ADC_GetResetCalibrationStatus)
    ADC_Init                                 0x08000b51   Thumb Code    62  stm32f10x_adc.o(i.ADC_Init)
    ADC_RegularChannelConfig                 0x08000b99   Thumb Code   116  stm32f10x_adc.o(i.ADC_RegularChannelConfig)
    ADC_ResetCalibration                     0x08000c0d   Thumb Code    10  stm32f10x_adc.o(i.ADC_ResetCalibration)
    ADC_SoftwareStartConvCmd                 0x08000c17   Thumb Code    24  stm32f10x_adc.o(i.ADC_SoftwareStartConvCmd)
    ADC_StartCalibration                     0x08000c2f   Thumb Code    10  stm32f10x_adc.o(i.ADC_StartCalibration)
    Alarm_Check                              0x08000c39   Thumb Code    50  alarm.o(i.Alarm_Check)
    Alarm_Delay                              0x08000c75   Thumb Code   122  alarm.o(i.Alarm_Delay)
    Alarm_Init                               0x08000cf9   Thumb Code    50  alarm.o(i.Alarm_Init)
    Alarm_Proc                               0x08000d31   Thumb Code   108  alarm.o(i.Alarm_Proc)
    Alarm_Ring                               0x08000da9   Thumb Code    62  alarm.o(i.Alarm_Ring)
    Alarm_Show                               0x08000df5   Thumb Code   176  alarm.o(i.Alarm_Show)
    Alarm_Switch                             0x08000ed9   Thumb Code    46  alarm.o(i.Alarm_Switch)
    App_Timer_GetTick                        0x08000f0d   Thumb Code     8  app_timer.o(i.App_Timer_GetTick)
    App_Timer_Init                           0x08000f19   Thumb Code   154  app_timer.o(i.App_Timer_Init)
    Arm_CursorSwitch                         0x08000fb9   Thumb Code   162  arm_control.o(i.Arm_CursorSwitch)
    Arm_Init                                 0x08001069   Thumb Code   206  serov_driver.o(i.Arm_Init)
    Arm_Proc                                 0x08001141   Thumb Code   196  arm_control.o(i.Arm_Proc)
    Arm_SetBase                              0x0800121d   Thumb Code    56  arm_control.o(i.Arm_SetBase)
    Arm_SetElbow                             0x08001269   Thumb Code    56  arm_control.o(i.Arm_SetElbow)
    Arm_SetFanSpeed                          0x080012b5   Thumb Code   108  arm_control.o(i.Arm_SetFanSpeed)
    Arm_SetShoulder                          0x08001329   Thumb Code    56  arm_control.o(i.Arm_SetShoulder)
    Arm_Show_Status                          0x08001375   Thumb Code   116  arm_control.o(i.Arm_Show_Status)
    Arm_Update                               0x08001421   Thumb Code    34  arm_control.o(i.Arm_Update)
    BKP_ReadBackupRegister                   0x08001449   Thumb Code    14  stm32f10x_bkp.o(i.BKP_ReadBackupRegister)
    BKP_WriteBackupRegister                  0x0800145d   Thumb Code    14  stm32f10x_bkp.o(i.BKP_WriteBackupRegister)
    BusFault_Handler                         0x08001471   Thumb Code     2  stm32f10x_it.o(i.BusFault_Handler)
    Capture_Config                           0x08001475   Thumb Code   252  remote_nec_driver.o(i.Capture_Config)
    Contact_Init                             0x080015d5   Thumb Code   214  contact.o(i.Contact_Init)
    Contact_Proc                             0x08001725   Thumb Code   360  contact.o(i.Contact_Proc)
    CreateMap                                0x0800189d   Thumb Code    68  greedysnake.o(i.CreateMap)
    DMA_Cmd                                  0x080018e1   Thumb Code    26  stm32f10x_dma.o(i.DMA_Cmd)
    DMA_Init                                 0x080018fb   Thumb Code    58  stm32f10x_dma.o(i.DMA_Init)
    DebugMon_Handler                         0x08001935   Thumb Code     2  stm32f10x_it.o(i.DebugMon_Handler)
    EXTI15_10_IRQHandler                     0x08001939   Thumb Code    54  ps2_key.o(i.EXTI15_10_IRQHandler)
    EXTI_ClearITPendingBit                   0x08001975   Thumb Code     6  stm32f10x_exti.o(i.EXTI_ClearITPendingBit)
    EXTI_GetITStatus                         0x08001981   Thumb Code    28  stm32f10x_exti.o(i.EXTI_GetITStatus)
    EXTI_Init                                0x080019a1   Thumb Code   110  stm32f10x_exti.o(i.EXTI_Init)
    GPIO_EXTILineConfig                      0x08001a15   Thumb Code    34  stm32f10x_gpio.o(i.GPIO_EXTILineConfig)
    GPIO_Init                                0x08001a3d   Thumb Code   166  stm32f10x_gpio.o(i.GPIO_Init)
    GPIO_ReadInputDataBit                    0x08001ae3   Thumb Code    14  stm32f10x_gpio.o(i.GPIO_ReadInputDataBit)
    GPIO_ResetBits                           0x08001af1   Thumb Code     4  stm32f10x_gpio.o(i.GPIO_ResetBits)
    GPIO_SetBits                             0x08001af5   Thumb Code     4  stm32f10x_gpio.o(i.GPIO_SetBits)
    GPIO_WriteBit                            0x08001af9   Thumb Code    12  stm32f10x_gpio.o(i.GPIO_WriteBit)
    GetRandom                                0x08001b05   Thumb Code    40  menu.o(i.GetRandom)
    Get_CursorToBoard                        0x08001b35   Thumb Code    26  guessmine.o(i.Get_CursorToBoard)
    Get_GuessNum                             0x08001b55   Thumb Code    96  guessnum.o(i.Get_GuessNum)
    GreedySnake_Proc                         0x08001bc5   Thumb Code   180  greedysnake.o(i.GreedySnake_Proc)
    GuessMine_Proc                           0x08001c85   Thumb Code   490  guessmine.o(i.GuessMine_Proc)
    GuessNum_Proc                            0x08001e95   Thumb Code    24  guessnum.o(i.GuessNum_Proc)
    GuessNum_Show                            0x08001eb1   Thumb Code    30  guessnum.o(i.GuessNum_Show)
    HardFault_Handler                        0x08001ee9   Thumb Code     2  stm32f10x_it.o(i.HardFault_Handler)
    HasMine                                  0x08001eeb   Thumb Code    76  guessmine.o(i.HasMine)
    HighLow                                  0x08001f39   Thumb Code   136  guessnum.o(i.HighLow)
    IR_GetKey                                0x08001fe1   Thumb Code    38  remote_nec_driver.o(i.IR_GetKey)
    Input_Char                               0x0800200d   Thumb Code   196  contact.o(i.Input_Char)
    Input_State                              0x080020f1   Thumb Code    64  contact.o(i.Input_State)
    LED_Flicker_Proc                         0x0800213d   Thumb Code   116  led_blink.o(i.LED_Flicker_Proc)
    LED_Shwo                                 0x080021b9   Thumb Code    36  led_blink.o(i.LED_Shwo)
    Led_BlinkInit                            0x080021e1   Thumb Code    52  led_blink.o(i.Led_BlinkInit)
    Led_Blink_Proc                           0x08002219   Thumb Code    80  led_blink.o(i.Led_Blink_Proc)
    Led_GetKey_Num                           0x08002275   Thumb Code    18  led_blink.o(i.Led_GetKey_Num)
    MemManage_Handler                        0x08002287   Thumb Code     2  stm32f10x_it.o(i.MemManage_Handler)
    Menu_Proc                                0x08002329   Thumb Code   238  menu.o(i.Menu_Proc)
    MineBoard_Init                           0x08002449   Thumb Code    52  guessmine.o(i.MineBoard_Init)
    Mine_Victory                             0x08002481   Thumb Code     2  guessmine.o(i.Mine_Victory)
    NMI_Handler                              0x08002483   Thumb Code     2  stm32f10x_it.o(i.NMI_Handler)
    NVIC_Init                                0x08002485   Thumb Code    96  misc.o(i.NVIC_Init)
    OLED_Clear                               0x080025cd   Thumb Code    34  oled.o(i.OLED_Clear)
    OLED_ClearArea                           0x080025f5   Thumb Code    88  oled.o(i.OLED_ClearArea)
    OLED_DrawLine                            0x08002651   Thumb Code   332  oled.o(i.OLED_DrawLine)
    OLED_DrawPoint                           0x0800279d   Thumb Code    46  oled.o(i.OLED_DrawPoint)
    OLED_DrawRectangle                       0x080027d1   Thumb Code   124  oled.o(i.OLED_DrawRectangle)
    OLED_GPIO_Init                           0x0800284d   Thumb Code    88  oled.o(i.OLED_GPIO_Init)
    OLED_I2C_SendByte                        0x080028a9   Thumb Code    58  oled.o(i.OLED_I2C_SendByte)
    OLED_I2C_Start                           0x080028e3   Thumb Code    30  oled.o(i.OLED_I2C_Start)
    OLED_I2C_Stop                            0x08002901   Thumb Code    24  oled.o(i.OLED_I2C_Stop)
    OLED_Init                                0x08002919   Thumb Code   156  oled.o(i.OLED_Init)
    OLED_Printf                              0x080029b5   Thumb Code    42  oled.o(i.OLED_Printf)
    OLED_ReverseArea                         0x080029e1   Thumb Code    88  oled.o(i.OLED_ReverseArea)
    OLED_SetCursor                           0x08002a3d   Thumb Code    34  oled.o(i.OLED_SetCursor)
    OLED_ShowChar                            0x08002a61   Thumb Code    52  oled.o(i.OLED_ShowChar)
    OLED_ShowImage                           0x08002a9d   Thumb Code   176  oled.o(i.OLED_ShowImage)
    OLED_ShowString                          0x08002b51   Thumb Code   382  oled.o(i.OLED_ShowString)
    OLED_Update                              0x08002cd9   Thumb Code    34  oled.o(i.OLED_Update)
    OLED_UpdateArea                          0x08002d01   Thumb Code    98  oled.o(i.OLED_UpdateArea)
    OLED_W_SCL                               0x08002d69   Thumb Code    12  oled.o(i.OLED_W_SCL)
    OLED_W_SDA                               0x08002d79   Thumb Code    12  oled.o(i.OLED_W_SDA)
    OLED_WriteCommand                        0x08002d89   Thumb Code    34  oled.o(i.OLED_WriteCommand)
    OLED_WriteData                           0x08002dab   Thumb Code    48  oled.o(i.OLED_WriteData)
    PAL_Init                                 0x08002ddb   Thumb Code     4  stm32f10x_pal.o(i.PAL_Init)
    PAL_Systick_IRQHandler                   0x08002de1   Thumb Code    18  stm32f10x_pal.o(i.PAL_Systick_IRQHandler)
    PWM_SetCompare1                          0x08002df9   Thumb Code    10  serov_driver.o(i.PWM_SetCompare1)
    PWM_SetCompare2                          0x08002e03   Thumb Code    10  serov_driver.o(i.PWM_SetCompare2)
    PWM_SetCompare3                          0x08002e0d   Thumb Code    10  serov_driver.o(i.PWM_SetCompare3)
    PWM_SetCompare4                          0x08002e19   Thumb Code     8  serov_driver.o(i.PWM_SetCompare4)
    PWR_BackupAccessCmd                      0x08002e25   Thumb Code     6  stm32f10x_pwr.o(i.PWR_BackupAccessCmd)
    PendSV_Handler                           0x08002e31   Thumb Code     2  stm32f10x_it.o(i.PendSV_Handler)
    Ps2_KeyInit                              0x08002e35   Thumb Code   132  ps2_key.o(i.Ps2_KeyInit)
    RCC_ADCCLKConfig                         0x08002ebd   Thumb Code    14  stm32f10x_rcc.o(i.RCC_ADCCLKConfig)
    RCC_AHBPeriphClockCmd                    0x08002ed1   Thumb Code    22  stm32f10x_rcc.o(i.RCC_AHBPeriphClockCmd)
    RCC_APB1PeriphClockCmd                   0x08002eed   Thumb Code    22  stm32f10x_rcc.o(i.RCC_APB1PeriphClockCmd)
    RCC_APB1PeriphResetCmd                   0x08002f09   Thumb Code    22  stm32f10x_rcc.o(i.RCC_APB1PeriphResetCmd)
    RCC_APB2PeriphClockCmd                   0x08002f25   Thumb Code    22  stm32f10x_rcc.o(i.RCC_APB2PeriphClockCmd)
    RCC_APB2PeriphResetCmd                   0x08002f41   Thumb Code    22  stm32f10x_rcc.o(i.RCC_APB2PeriphResetCmd)
    RCC_GetClocksFreq                        0x08002f5d   Thumb Code   154  stm32f10x_rcc.o(i.RCC_GetClocksFreq)
    RCC_GetFlagStatus                        0x08003009   Thumb Code    42  stm32f10x_rcc.o(i.RCC_GetFlagStatus)
    RCC_LSEConfig                            0x08003039   Thumb Code    34  stm32f10x_rcc.o(i.RCC_LSEConfig)
    RCC_RTCCLKCmd                            0x08003061   Thumb Code     6  stm32f10x_rcc.o(i.RCC_RTCCLKCmd)
    RCC_RTCCLKConfig                         0x0800306d   Thumb Code    10  stm32f10x_rcc.o(i.RCC_RTCCLKConfig)
    RTC_EnterConfigMode                      0x0800307d   Thumb Code    12  stm32f10x_rtc.o(i.RTC_EnterConfigMode)
    RTC_ExitConfigMode                       0x0800308d   Thumb Code    12  stm32f10x_rtc.o(i.RTC_ExitConfigMode)
    RTC_GetCounter                           0x0800309d   Thumb Code    28  stm32f10x_rtc.o(i.RTC_GetCounter)
    RTC_ReadTime                             0x080030bd   Thumb Code    66  rtc_driver.o(i.RTC_ReadTime)
    RTC_SetCounter                           0x08003105   Thumb Code    26  stm32f10x_rtc.o(i.RTC_SetCounter)
    RTC_SetPrescaler                         0x08003125   Thumb Code    28  stm32f10x_rtc.o(i.RTC_SetPrescaler)
    RTC_SetTime                              0x08003145   Thumb Code    64  rtc_driver.o(i.RTC_SetTime)
    RTC_WaitForLastTask                      0x08003185   Thumb Code    10  stm32f10x_rtc.o(i.RTC_WaitForLastTask)
    RTC_WaitForSynchro                       0x08003195   Thumb Code    18  stm32f10x_rtc.o(i.RTC_WaitForSynchro)
    Rtc_Init                                 0x080031ad   Thumb Code   116  rtc_driver.o(i.Rtc_Init)
    SVC_Handler                              0x08003225   Thumb Code     2  stm32f10x_it.o(i.SVC_Handler)
    Set_Alarm                                0x080032dd   Thumb Code   306  alarm.o(i.Set_Alarm)
    Set_RTC_Time                             0x08003425   Thumb Code   260  alarm.o(i.Set_RTC_Time)
    SnakeDeInit                              0x0800354d   Thumb Code     8  greedysnake.o(i.SnakeDeInit)
    SnakeGame_Init                           0x08003555   Thumb Code    36  greedysnake.o(i.SnakeGame_Init)
    SnakeInit                                0x0800357d   Thumb Code    22  greedysnake.o(i.SnakeInit)
    Snake_CreateTmp                          0x08003593   Thumb Code   152  greedysnake.o(i.Snake_CreateTmp)
    Snake_DeleteTail                         0x0800362b   Thumb Code    30  greedysnake.o(i.Snake_DeleteTail)
    Snake_GameOver                           0x08003649   Thumb Code    42  greedysnake.o(i.Snake_GameOver)
    Snake_GameVictory                        0x08003689   Thumb Code    42  greedysnake.o(i.Snake_GameVictory)
    Snake_GenerateFood                       0x080036c9   Thumb Code    96  greedysnake.o(i.Snake_GenerateFood)
    Snake_IsDead                             0x08003729   Thumb Code    96  greedysnake.o(i.Snake_IsDead)
    Snake_Move                               0x08003789   Thumb Code   124  greedysnake.o(i.Snake_Move)
    Snake_PushHead                           0x08003805   Thumb Code    50  greedysnake.o(i.Snake_PushHead)
    SysTick_Handler                          0x08003837   Thumb Code     4  stm32f10x_it.o(i.SysTick_Handler)
    SystemInit                               0x0800383d   Thumb Code    64  system_stm32f10x.o(i.SystemInit)
    TIM1_CC_IRQHandler                       0x08003b05   Thumb Code   216  remote_nec_driver.o(i.TIM1_CC_IRQHandler)
    TIM1_UP_IRQHandler                       0x08003be5   Thumb Code    62  remote_nec_driver.o(i.TIM1_UP_IRQHandler)
    TIM3_IRQHandler                          0x08003c31   Thumb Code    42  app_timer.o(i.TIM3_IRQHandler)
    TIM_ARRPreloadConfig                     0x08003c65   Thumb Code    24  stm32f10x_tim.o(i.TIM_ARRPreloadConfig)
    TIM_CCxCmd                               0x08003c7d   Thumb Code    22  stm32f10x_tim.o(i.TIM_CCxCmd)
    TIM_ClearFlag                            0x08003c93   Thumb Code     6  stm32f10x_tim.o(i.TIM_ClearFlag)
    TIM_ClearITPendingBit                    0x08003c99   Thumb Code     6  stm32f10x_tim.o(i.TIM_ClearITPendingBit)
    TIM_Cmd                                  0x08003c9f   Thumb Code    24  stm32f10x_tim.o(i.TIM_Cmd)
    TIM_GenerateEvent                        0x08003cb7   Thumb Code     4  stm32f10x_tim.o(i.TIM_GenerateEvent)
    TIM_GetCapture1                          0x08003cbb   Thumb Code     4  stm32f10x_tim.o(i.TIM_GetCapture1)
    TIM_GetCounter                           0x08003cbf   Thumb Code     4  stm32f10x_tim.o(i.TIM_GetCounter)
    TIM_GetFlagStatus                        0x08003cc3   Thumb Code    14  stm32f10x_tim.o(i.TIM_GetFlagStatus)
    TIM_GetITStatus                          0x08003cd1   Thumb Code    24  stm32f10x_tim.o(i.TIM_GetITStatus)
    TIM_ICInit                               0x08003ce9   Thumb Code   122  stm32f10x_tim.o(i.TIM_ICInit)
    TIM_ITConfig                             0x08003d75   Thumb Code    20  stm32f10x_tim.o(i.TIM_ITConfig)
    TIM_InternalClockConfig                  0x08003d89   Thumb Code    10  stm32f10x_tim.o(i.TIM_InternalClockConfig)
    TIM_OC1Init                              0x08003d95   Thumb Code   114  stm32f10x_tim.o(i.TIM_OC1Init)
    TIM_OC2Init                              0x08003e1d   Thumb Code   128  stm32f10x_tim.o(i.TIM_OC2Init)
    TIM_OC3Init                              0x08003ea5   Thumb Code   124  stm32f10x_tim.o(i.TIM_OC3Init)
    TIM_OCStructInit                         0x08003f29   Thumb Code    20  stm32f10x_tim.o(i.TIM_OCStructInit)
    TIM_SelectHallSensor                     0x08003f3d   Thumb Code    24  stm32f10x_tim.o(i.TIM_SelectHallSensor)
    TIM_SetClockDivision                     0x08003f55   Thumb Code    16  stm32f10x_tim.o(i.TIM_SetClockDivision)
    TIM_SetCompare1                          0x08003f65   Thumb Code     4  stm32f10x_tim.o(i.TIM_SetCompare1)
    TIM_SetCompare2                          0x08003f69   Thumb Code     4  stm32f10x_tim.o(i.TIM_SetCompare2)
    TIM_SetCompare3                          0x08003f6d   Thumb Code     4  stm32f10x_tim.o(i.TIM_SetCompare3)
    TIM_SetIC1Prescaler                      0x08003f71   Thumb Code    16  stm32f10x_tim.o(i.TIM_SetIC1Prescaler)
    TIM_SetIC2Prescaler                      0x08003f81   Thumb Code    24  stm32f10x_tim.o(i.TIM_SetIC2Prescaler)
    TIM_SetIC3Prescaler                      0x08003f99   Thumb Code    16  stm32f10x_tim.o(i.TIM_SetIC3Prescaler)
    TIM_SetIC4Prescaler                      0x08003fa9   Thumb Code    24  stm32f10x_tim.o(i.TIM_SetIC4Prescaler)
    TIM_TimeBaseInit                         0x08003fc1   Thumb Code   114  stm32f10x_tim.o(i.TIM_TimeBaseInit)
    USART3_IRQHandler                        0x0800405d   Thumb Code    72  stm32_usart_slave.o(i.USART3_IRQHandler)
    USART_GetITStatus                        0x080040b1   Thumb Code    64  stm32f10x_usart.o(i.USART_GetITStatus)
    USART_ReceiveData                        0x080040f1   Thumb Code     8  stm32f10x_usart.o(i.USART_ReceiveData)
    UsageFault_Handler                       0x080040f9   Thumb Code     2  stm32f10x_it.o(i.UsageFault_Handler)
    __0vsprintf                              0x080040fd   Thumb Code    30  printfa.o(i.__0vsprintf)
    __1vsprintf                              0x080040fd   Thumb Code     0  printfa.o(i.__0vsprintf)
    __2vsprintf                              0x080040fd   Thumb Code     0  printfa.o(i.__0vsprintf)
    __c89vsprintf                            0x080040fd   Thumb Code     0  printfa.o(i.__0vsprintf)
    vsprintf                                 0x080040fd   Thumb Code     0  printfa.o(i.__0vsprintf)
    __scatterload_copy                       0x08004121   Thumb Code    14  handlers.o(i.__scatterload_copy)
    __scatterload_null                       0x0800412f   Thumb Code     2  handlers.o(i.__scatterload_null)
    __scatterload_zeroinit                   0x08004131   Thumb Code    14  handlers.o(i.__scatterload_zeroinit)
    main                                     0x080049d5   Thumb Code   126  main.o(i.main)
    ps2_ADCInit                              0x08004a59   Thumb Code   262  ps2_adc_dma.o(i.ps2_ADCInit)
    key_map                                  0x08004b70   Data          40  contact.o(.constdata)
    OLED_F8x16                               0x08004b98   Data        1520  oled_data.o(.constdata)
    OLED_F6x8                                0x08005188   Data         570  oled_data.o(.constdata)
    OLED_CF16x16                             0x080053c2   Data        1702  oled_data.o(.constdata)
    Region$$Table$$Base                      0x08005ad0   Number         0  anon$$obj.o(Region$$Table)
    Region$$Table$$Limit                     0x08005af0   Number         0  anon$$obj.o(Region$$Table)
    Now                                      0x20000000   Data           8  main.o(.data)
    Last                                     0x20000008   Data           8  main.o(.data)
    Time                                     0x20000010   Data           8  main.o(.data)
    IR_Sta                                   0x20000018   Data           1  remote_nec_driver.o(.data)
    IR_Up                                    0x20000019   Data           1  remote_nec_driver.o(.data)
    IR_PulseCnt                              0x2000001a   Data           1  remote_nec_driver.o(.data)
    IR_Data                                  0x2000001b   Data           1  remote_nec_driver.o(.data)
    IR_Flag                                  0x2000001c   Data           1  remote_nec_driver.o(.data)
    IR_ThisPulse                             0x2000001e   Data           2  remote_nec_driver.o(.data)
    IR_LastPulse                             0x20000020   Data           2  remote_nec_driver.o(.data)
    IR_PulseSub                              0x20000022   Data           2  remote_nec_driver.o(.data)
    LianfaCnt                                0x20000024   Data           2  remote_nec_driver.o(.data)
    IR_Code                                  0x20000028   Data           4  remote_nec_driver.o(.data)
    IR_Key                                   0x2000002c   Data           4  remote_nec_driver.o(.data)
    Key_arr                                  0x20000030   Data          36  remote_nec_driver.o(.data)
    Menu_Flag                                0x20000054   Data           1  menu.o(.data)
    GuessNum_Flag                            0x20000074   Data           1  guessnum.o(.data)
    GuessMine_Flag                           0x2000007c   Data           1  guessmine.o(.data)
    Contact_Flag                             0x20000088   Data           1  contact.o(.data)
    SnakeState_Flag                          0x20000098   Data           1  greedysnake.o(.data)
    LED_Blink_Flag                           0x200000b0   Data           1  led_blink.o(.data)
    Arm_Flag                                 0x200000c0   Data           1  arm_control.o(.data)
    PS2_AD                                   0x200000c2   Data           8  ps2_adc_dma.o(.data)
    Rtctime                                  0x200000ca   Data           8  rtc_driver.o(.data)
    Alarm_Flag                               0x200000d9   Data           1  alarm.o(.data)
    Set_AlarmTime                            0x200000e1   Data           3  alarm.o(.data)
    Alarm                                    0x200000f0   Data           8  alarm.o(.data)
    PS2_KeyFlag                              0x200000f8   Data           1  ps2_key.o(.data)
    stm32_RxData_len                         0x200000f9   Data           1  stm32_usart_slave.o(.data)
    USART_Rx_Flag                            0x200000fa   Data           1  stm32_usart_slave.o(.data)
    ServoAngles                              0x200007cc   Data          16  arm_control.o(.bss)
    stm32_usart_RxData                       0x200007f4   Data          20  stm32_usart_slave.o(.bss)
    OLED_DisplayBuf                          0x20000808   Data        1024  oled.o(.bss)
    __initial_sp                             0x20001c38   Data           0  startup_stm32f10x_md.o(STACK)



==============================================================================

Memory Map of the image

  Image Entry point : 0x080000ed

  Load Region LR_IROM1 (Base: 0x08000000, Size: 0x00005c18, Max: 0x00010000, ABSOLUTE)

    Execution Region ER_IROM1 (Exec base: 0x08000000, Load base: 0x08000000, Size: 0x00005af0, Max: 0x00010000, ABSOLUTE)

    Exec Addr    Load Addr    Size         Type   Attr      Idx    E Section Name        Object

    0x08000000   0x08000000   0x000000ec   Data   RO         1164    RESET               startup_stm32f10x_md.o
    0x080000ec   0x080000ec   0x00000000   Code   RO         7766  * .ARM.Collect$$$$00000000  mc_w.l(entry.o)
    0x080000ec   0x080000ec   0x00000004   Code   RO         8178    .ARM.Collect$$$$00000001  mc_w.l(entry2.o)
    0x080000f0   0x080000f0   0x00000004   Code   RO         8181    .ARM.Collect$$$$00000004  mc_w.l(entry5.o)
    0x080000f4   0x080000f4   0x00000000   Code   RO         8183    .ARM.Collect$$$$00000008  mc_w.l(entry7b.o)
    0x080000f4   0x080000f4   0x00000000   Code   RO         8185    .ARM.Collect$$$$0000000A  mc_w.l(entry8b.o)
    0x080000f4   0x080000f4   0x00000008   Code   RO         8186    .ARM.Collect$$$$0000000B  mc_w.l(entry9a.o)
    0x080000fc   0x080000fc   0x00000004   Code   RO         8193    .ARM.Collect$$$$0000000E  mc_w.l(entry12b.o)
    0x08000100   0x08000100   0x00000000   Code   RO         8188    .ARM.Collect$$$$0000000F  mc_w.l(entry10a.o)
    0x08000100   0x08000100   0x00000000   Code   RO         8190    .ARM.Collect$$$$00000011  mc_w.l(entry11a.o)
    0x08000100   0x08000100   0x00000004   Code   RO         8179    .ARM.Collect$$$$00002712  mc_w.l(entry2.o)
    0x08000104   0x08000104   0x00000024   Code   RO         1165    .text               startup_stm32f10x_md.o
    0x08000128   0x08000128   0x00000062   Code   RO         7769    .text               mc_w.l(uldiv.o)
    0x0800018a   0x0800018a   0x00000002   PAD
    0x0800018c   0x0800018c   0x00000024   Code   RO         7773    .text               mc_w.l(rand.o)
    0x080001b0   0x080001b0   0x000000a8   Code   RO         7780    .text               mc_w.l(mktime.o)
    0x08000258   0x08000258   0x00000024   Code   RO         7783    .text               mc_w.l(memcpya.o)
    0x0800027c   0x0800027c   0x00000024   Code   RO         7785    .text               mc_w.l(memseta.o)
    0x080002a0   0x080002a0   0x00000018   Code   RO         7789    .text               mc_w.l(strncpy.o)
    0x080002b8   0x080002b8   0x0000001c   Code   RO         7793    .text               mc_w.l(strcmp.o)
    0x080002d4   0x080002d4   0x000000b0   Code   RO         8103    .text               mf_w.l(fadd.o)
    0x08000384   0x08000384   0x00000064   Code   RO         8105    .text               mf_w.l(fmul.o)
    0x080003e8   0x080003e8   0x0000007c   Code   RO         8107    .text               mf_w.l(fdiv.o)
    0x08000464   0x08000464   0x0000014e   Code   RO         8111    .text               mf_w.l(dadd.o)
    0x080005b2   0x080005b2   0x000000e4   Code   RO         8113    .text               mf_w.l(dmul.o)
    0x08000696   0x08000696   0x000000de   Code   RO         8115    .text               mf_w.l(ddiv.o)
    0x08000774   0x08000774   0x00000012   Code   RO         8119    .text               mf_w.l(fflti.o)
    0x08000786   0x08000786   0x0000000a   Code   RO         8121    .text               mf_w.l(ffltui.o)
    0x08000790   0x08000790   0x0000001a   Code   RO         8127    .text               mf_w.l(dfltui.o)
    0x080007aa   0x080007aa   0x00000028   Code   RO         8133    .text               mf_w.l(ffixui.o)
    0x080007d2   0x080007d2   0x00000030   Code   RO         8139    .text               mf_w.l(dfixul.o)
    0x08000802   0x08000802   0x00000026   Code   RO         8141    .text               mf_w.l(f2d.o)
    0x08000828   0x08000828   0x00000030   Code   RO         8145    .text               mf_w.l(cdrcmple.o)
    0x08000858   0x08000858   0x00000038   Code   RO         8147    .text               mf_w.l(d2f.o)
    0x08000890   0x08000890   0x0000002c   Code   RO         8197    .text               mc_w.l(uidiv.o)
    0x080008bc   0x080008bc   0x0000001e   Code   RO         8199    .text               mc_w.l(llshl.o)
    0x080008da   0x080008da   0x00000020   Code   RO         8201    .text               mc_w.l(llushr.o)
    0x080008fa   0x080008fa   0x00000024   Code   RO         8203    .text               mc_w.l(llsshr.o)
    0x0800091e   0x0800091e   0x00000002   PAD
    0x08000920   0x08000920   0x0000000c   Code   RO         8233    .text               mc_w.l(localtime_w.o)
    0x0800092c   0x0800092c   0x0000008c   Code   RO         8236    .text               mc_w.l(localtime_i.o)
    0x080009b8   0x080009b8   0x00000000   Code   RO         8251    .text               mc_w.l(iusefp.o)
    0x080009b8   0x080009b8   0x0000006e   Code   RO         8252    .text               mf_w.l(fepilogue.o)
    0x08000a26   0x08000a26   0x000000ba   Code   RO         8254    .text               mf_w.l(depilogue.o)
    0x08000ae0   0x08000ae0   0x00000024   Code   RO         8270    .text               mc_w.l(init.o)
    0x08000b04   0x08000b04   0x00000018   Code   RO         4291    i.ADC_Cmd           stm32f10x_adc.o
    0x08000b1c   0x08000b1c   0x00000018   Code   RO         4292    i.ADC_DMACmd        stm32f10x_adc.o
    0x08000b34   0x08000b34   0x0000000e   Code   RO         4299    i.ADC_GetCalibrationStatus  stm32f10x_adc.o
    0x08000b42   0x08000b42   0x0000000e   Code   RO         4305    i.ADC_GetResetCalibrationStatus  stm32f10x_adc.o
    0x08000b50   0x08000b50   0x00000048   Code   RO         4309    i.ADC_Init          stm32f10x_adc.o
    0x08000b98   0x08000b98   0x00000074   Code   RO         4313    i.ADC_RegularChannelConfig  stm32f10x_adc.o
    0x08000c0c   0x08000c0c   0x0000000a   Code   RO         4314    i.ADC_ResetCalibration  stm32f10x_adc.o
    0x08000c16   0x08000c16   0x00000018   Code   RO         4316    i.ADC_SoftwareStartConvCmd  stm32f10x_adc.o
    0x08000c2e   0x08000c2e   0x0000000a   Code   RO         4318    i.ADC_StartCalibration  stm32f10x_adc.o
    0x08000c38   0x08000c38   0x0000003c   Code   RO         1008    i.Alarm_Check       alarm.o
    0x08000c74   0x08000c74   0x00000084   Code   RO         1009    i.Alarm_Delay       alarm.o
    0x08000cf8   0x08000cf8   0x00000038   Code   RO         1010    i.Alarm_Init        alarm.o
    0x08000d30   0x08000d30   0x00000078   Code   RO         1011    i.Alarm_Proc        alarm.o
    0x08000da8   0x08000da8   0x0000004c   Code   RO         1012    i.Alarm_Ring        alarm.o
    0x08000df4   0x08000df4   0x000000e4   Code   RO         1013    i.Alarm_Show        alarm.o
    0x08000ed8   0x08000ed8   0x00000034   Code   RO         1014    i.Alarm_Switch      alarm.o
    0x08000f0c   0x08000f0c   0x0000000c   Code   RO          695    i.App_Timer_GetTick  app_timer.o
    0x08000f18   0x08000f18   0x000000a0   Code   RO          697    i.App_Timer_Init    app_timer.o
    0x08000fb8   0x08000fb8   0x000000b0   Code   RO          803    i.Arm_CursorSwitch  arm_control.o
    0x08001068   0x08001068   0x000000d8   Code   RO          885    i.Arm_Init          serov_driver.o
    0x08001140   0x08001140   0x000000dc   Code   RO          805    i.Arm_Proc          arm_control.o
    0x0800121c   0x0800121c   0x0000004c   Code   RO          806    i.Arm_SetBase       arm_control.o
    0x08001268   0x08001268   0x0000004c   Code   RO          807    i.Arm_SetElbow      arm_control.o
    0x080012b4   0x080012b4   0x00000074   Code   RO          808    i.Arm_SetFanSpeed   arm_control.o
    0x08001328   0x08001328   0x0000004c   Code   RO          809    i.Arm_SetShoulder   arm_control.o
    0x08001374   0x08001374   0x000000ac   Code   RO          810    i.Arm_Show_Status   arm_control.o
    0x08001420   0x08001420   0x00000028   Code   RO          811    i.Arm_Update        arm_control.o
    0x08001448   0x08001448   0x00000014   Code   RO         4526    i.BKP_ReadBackupRegister  stm32f10x_bkp.o
    0x0800145c   0x0800145c   0x00000014   Code   RO         4530    i.BKP_WriteBackupRegister  stm32f10x_bkp.o
    0x08001470   0x08001470   0x00000002   Code   RO          240    i.BusFault_Handler  stm32f10x_it.o
    0x08001472   0x08001472   0x00000002   PAD
    0x08001474   0x08001474   0x00000104   Code   RO          315    i.Capture_Config    remote_nec_driver.o
    0x08001578   0x08001578   0x0000005c   Code   RO          529    i.Contact_HomeShow  contact.o
    0x080015d4   0x080015d4   0x00000150   Code   RO          530    i.Contact_Init      contact.o
    0x08001724   0x08001724   0x00000178   Code   RO          531    i.Contact_Proc      contact.o
    0x0800189c   0x0800189c   0x00000044   Code   RO          589    i.CreateMap         greedysnake.o
    0x080018e0   0x080018e0   0x0000001a   Code   RO         5060    i.DMA_Cmd           stm32f10x_dma.o
    0x080018fa   0x080018fa   0x0000003a   Code   RO         5066    i.DMA_Init          stm32f10x_dma.o
    0x08001934   0x08001934   0x00000002   Code   RO          241    i.DebugMon_Handler  stm32f10x_it.o
    0x08001936   0x08001936   0x00000002   PAD
    0x08001938   0x08001938   0x0000003c   Code   RO         1087    i.EXTI15_10_IRQHandler  ps2_key.o
    0x08001974   0x08001974   0x0000000c   Code   RO         5143    i.EXTI_ClearITPendingBit  stm32f10x_exti.o
    0x08001980   0x08001980   0x00000020   Code   RO         5147    i.EXTI_GetITStatus  stm32f10x_exti.o
    0x080019a0   0x080019a0   0x00000074   Code   RO         5148    i.EXTI_Init         stm32f10x_exti.o
    0x08001a14   0x08001a14   0x00000028   Code   RO         5529    i.GPIO_EXTILineConfig  stm32f10x_gpio.o
    0x08001a3c   0x08001a3c   0x000000a6   Code   RO         5532    i.GPIO_Init         stm32f10x_gpio.o
    0x08001ae2   0x08001ae2   0x0000000e   Code   RO         5536    i.GPIO_ReadInputDataBit  stm32f10x_gpio.o
    0x08001af0   0x08001af0   0x00000004   Code   RO         5539    i.GPIO_ResetBits    stm32f10x_gpio.o
    0x08001af4   0x08001af4   0x00000004   Code   RO         5540    i.GPIO_SetBits      stm32f10x_gpio.o
    0x08001af8   0x08001af8   0x0000000c   Code   RO         5543    i.GPIO_WriteBit     stm32f10x_gpio.o
    0x08001b04   0x08001b04   0x00000030   Code   RO          363    i.GetRandom         menu.o
    0x08001b34   0x08001b34   0x00000020   Code   RO          465    i.Get_CursorToBoard  guessmine.o
    0x08001b54   0x08001b54   0x00000070   Code   RO          413    i.Get_GuessNum      guessnum.o
    0x08001bc4   0x08001bc4   0x000000c0   Code   RO          590    i.GreedySnake_Proc  greedysnake.o
    0x08001c84   0x08001c84   0x00000210   Code   RO          466    i.GuessMine_Proc    guessmine.o
    0x08001e94   0x08001e94   0x0000001c   Code   RO          414    i.GuessNum_Proc     guessnum.o
    0x08001eb0   0x08001eb0   0x00000038   Code   RO          415    i.GuessNum_Show     guessnum.o
    0x08001ee8   0x08001ee8   0x00000002   Code   RO          242    i.HardFault_Handler  stm32f10x_it.o
    0x08001eea   0x08001eea   0x0000004c   Code   RO          467    i.HasMine           guessmine.o
    0x08001f36   0x08001f36   0x00000002   PAD
    0x08001f38   0x08001f38   0x000000a8   Code   RO          416    i.HighLow           guessnum.o
    0x08001fe0   0x08001fe0   0x0000002c   Code   RO          316    i.IR_GetKey         remote_nec_driver.o
    0x0800200c   0x0800200c   0x000000e4   Code   RO          532    i.Input_Char        contact.o
    0x080020f0   0x080020f0   0x0000004c   Code   RO          533    i.Input_State       contact.o
    0x0800213c   0x0800213c   0x0000007c   Code   RO          749    i.LED_Flicker_Proc  led_blink.o
    0x080021b8   0x080021b8   0x00000028   Code   RO          750    i.LED_Shwo          led_blink.o
    0x080021e0   0x080021e0   0x00000038   Code   RO          751    i.Led_BlinkInit     led_blink.o
    0x08002218   0x08002218   0x0000005c   Code   RO          752    i.Led_Blink_Proc    led_blink.o
    0x08002274   0x08002274   0x00000012   Code   RO          753    i.Led_GetKey_Num    led_blink.o
    0x08002286   0x08002286   0x00000002   Code   RO          243    i.MemManage_Handler  stm32f10x_it.o
    0x08002288   0x08002288   0x000000a0   Code   RO          364    i.Menu_HomeShow     menu.o
    0x08002328   0x08002328   0x00000120   Code   RO          365    i.Menu_Proc         menu.o
    0x08002448   0x08002448   0x00000038   Code   RO          468    i.MineBoard_Init    guessmine.o
    0x08002480   0x08002480   0x00000002   Code   RO          470    i.Mine_Victory      guessmine.o
    0x08002482   0x08002482   0x00000002   Code   RO          244    i.NMI_Handler       stm32f10x_it.o
    0x08002484   0x08002484   0x00000064   Code   RO         4237    i.NVIC_Init         misc.o
    0x080024e8   0x080024e8   0x000000e4   Code   RO          534    i.Name_HomeShow     contact.o
    0x080025cc   0x080025cc   0x00000028   Code   RO         7480    i.OLED_Clear        oled.o
    0x080025f4   0x080025f4   0x0000005c   Code   RO         7481    i.OLED_ClearArea    oled.o
    0x08002650   0x08002650   0x0000014c   Code   RO         7485    i.OLED_DrawLine     oled.o
    0x0800279c   0x0800279c   0x00000034   Code   RO         7486    i.OLED_DrawPoint    oled.o
    0x080027d0   0x080027d0   0x0000007c   Code   RO         7487    i.OLED_DrawRectangle  oled.o
    0x0800284c   0x0800284c   0x0000005c   Code   RO         7489    i.OLED_GPIO_Init    oled.o
    0x080028a8   0x080028a8   0x0000003a   Code   RO         7491    i.OLED_I2C_SendByte  oled.o
    0x080028e2   0x080028e2   0x0000001e   Code   RO         7492    i.OLED_I2C_Start    oled.o
    0x08002900   0x08002900   0x00000018   Code   RO         7493    i.OLED_I2C_Stop     oled.o
    0x08002918   0x08002918   0x0000009c   Code   RO         7494    i.OLED_Init         oled.o
    0x080029b4   0x080029b4   0x0000002a   Code   RO         7497    i.OLED_Printf       oled.o
    0x080029de   0x080029de   0x00000002   PAD
    0x080029e0   0x080029e0   0x0000005c   Code   RO         7499    i.OLED_ReverseArea  oled.o
    0x08002a3c   0x08002a3c   0x00000022   Code   RO         7500    i.OLED_SetCursor    oled.o
    0x08002a5e   0x08002a5e   0x00000002   PAD
    0x08002a60   0x08002a60   0x0000003c   Code   RO         7502    i.OLED_ShowChar     oled.o
    0x08002a9c   0x08002a9c   0x000000b4   Code   RO         7505    i.OLED_ShowImage    oled.o
    0x08002b50   0x08002b50   0x00000188   Code   RO         7508    i.OLED_ShowString   oled.o
    0x08002cd8   0x08002cd8   0x00000028   Code   RO         7509    i.OLED_Update       oled.o
    0x08002d00   0x08002d00   0x00000068   Code   RO         7510    i.OLED_UpdateArea   oled.o
    0x08002d68   0x08002d68   0x00000010   Code   RO         7511    i.OLED_W_SCL        oled.o
    0x08002d78   0x08002d78   0x00000010   Code   RO         7512    i.OLED_W_SDA        oled.o
    0x08002d88   0x08002d88   0x00000022   Code   RO         7513    i.OLED_WriteCommand  oled.o
    0x08002daa   0x08002daa   0x00000030   Code   RO         7514    i.OLED_WriteData    oled.o
    0x08002dda   0x08002dda   0x00000004   Code   RO         1177    i.PAL_Init          stm32f10x_pal.o
    0x08002dde   0x08002dde   0x00000002   PAD
    0x08002de0   0x08002de0   0x00000018   Code   RO         1178    i.PAL_Systick_IRQHandler  stm32f10x_pal.o
    0x08002df8   0x08002df8   0x0000000a   Code   RO          886    i.PWM_SetCompare1   serov_driver.o
    0x08002e02   0x08002e02   0x0000000a   Code   RO          887    i.PWM_SetCompare2   serov_driver.o
    0x08002e0c   0x08002e0c   0x0000000a   Code   RO          888    i.PWM_SetCompare3   serov_driver.o
    0x08002e16   0x08002e16   0x00000002   PAD
    0x08002e18   0x08002e18   0x0000000c   Code   RO          889    i.PWM_SetCompare4   serov_driver.o
    0x08002e24   0x08002e24   0x0000000c   Code   RO         5922    i.PWR_BackupAccessCmd  stm32f10x_pwr.o
    0x08002e30   0x08002e30   0x00000002   Code   RO          245    i.PendSV_Handler    stm32f10x_it.o
    0x08002e32   0x08002e32   0x00000002   PAD
    0x08002e34   0x08002e34   0x00000088   Code   RO         1088    i.Ps2_KeyInit       ps2_key.o
    0x08002ebc   0x08002ebc   0x00000014   Code   RO         5994    i.RCC_ADCCLKConfig  stm32f10x_rcc.o
    0x08002ed0   0x08002ed0   0x0000001c   Code   RO         5995    i.RCC_AHBPeriphClockCmd  stm32f10x_rcc.o
    0x08002eec   0x08002eec   0x0000001c   Code   RO         5996    i.RCC_APB1PeriphClockCmd  stm32f10x_rcc.o
    0x08002f08   0x08002f08   0x0000001c   Code   RO         5997    i.RCC_APB1PeriphResetCmd  stm32f10x_rcc.o
    0x08002f24   0x08002f24   0x0000001c   Code   RO         5998    i.RCC_APB2PeriphClockCmd  stm32f10x_rcc.o
    0x08002f40   0x08002f40   0x0000001c   Code   RO         5999    i.RCC_APB2PeriphResetCmd  stm32f10x_rcc.o
    0x08002f5c   0x08002f5c   0x000000ac   Code   RO         6006    i.RCC_GetClocksFreq  stm32f10x_rcc.o
    0x08003008   0x08003008   0x00000030   Code   RO         6007    i.RCC_GetFlagStatus  stm32f10x_rcc.o
    0x08003038   0x08003038   0x00000028   Code   RO         6014    i.RCC_LSEConfig     stm32f10x_rcc.o
    0x08003060   0x08003060   0x0000000c   Code   RO         6021    i.RCC_RTCCLKCmd     stm32f10x_rcc.o
    0x0800306c   0x0800306c   0x00000010   Code   RO         6022    i.RCC_RTCCLKConfig  stm32f10x_rcc.o
    0x0800307c   0x0800307c   0x00000010   Code   RO         6208    i.RTC_EnterConfigMode  stm32f10x_rtc.o
    0x0800308c   0x0800308c   0x00000010   Code   RO         6209    i.RTC_ExitConfigMode  stm32f10x_rtc.o
    0x0800309c   0x0800309c   0x00000020   Code   RO         6210    i.RTC_GetCounter    stm32f10x_rtc.o
    0x080030bc   0x080030bc   0x00000048   Code   RO          963    i.RTC_ReadTime      rtc_driver.o
    0x08003104   0x08003104   0x00000020   Code   RO         6216    i.RTC_SetCounter    stm32f10x_rtc.o
    0x08003124   0x08003124   0x00000020   Code   RO         6217    i.RTC_SetPrescaler  stm32f10x_rtc.o
    0x08003144   0x08003144   0x00000040   Code   RO          964    i.RTC_SetTime       rtc_driver.o
    0x08003184   0x08003184   0x00000010   Code   RO         6218    i.RTC_WaitForLastTask  stm32f10x_rtc.o
    0x08003194   0x08003194   0x00000018   Code   RO         6219    i.RTC_WaitForSynchro  stm32f10x_rtc.o
    0x080031ac   0x080031ac   0x00000078   Code   RO          965    i.Rtc_Init          rtc_driver.o
    0x08003224   0x08003224   0x00000002   Code   RO          246    i.SVC_Handler       stm32f10x_it.o
    0x08003226   0x08003226   0x00000004   Code   RO          194    i.SetSysClock       system_stm32f10x.o
    0x0800322a   0x0800322a   0x00000002   PAD
    0x0800322c   0x0800322c   0x000000b0   Code   RO          195    i.SetSysClockTo72   system_stm32f10x.o
    0x080032dc   0x080032dc   0x00000148   Code   RO         1015    i.Set_Alarm         alarm.o
    0x08003424   0x08003424   0x00000128   Code   RO         1016    i.Set_RTC_Time      alarm.o
    0x0800354c   0x0800354c   0x00000008   Code   RO          591    i.SnakeDeInit       greedysnake.o
    0x08003554   0x08003554   0x00000028   Code   RO          592    i.SnakeGame_Init    greedysnake.o
    0x0800357c   0x0800357c   0x00000016   Code   RO          593    i.SnakeInit         greedysnake.o
    0x08003592   0x08003592   0x00000098   Code   RO          594    i.Snake_CreateTmp   greedysnake.o
    0x0800362a   0x0800362a   0x0000001e   Code   RO          595    i.Snake_DeleteTail  greedysnake.o
    0x08003648   0x08003648   0x00000040   Code   RO          596    i.Snake_GameOver    greedysnake.o
    0x08003688   0x08003688   0x00000040   Code   RO          597    i.Snake_GameVictory  greedysnake.o
    0x080036c8   0x080036c8   0x00000060   Code   RO          598    i.Snake_GenerateFood  greedysnake.o
    0x08003728   0x08003728   0x00000060   Code   RO          599    i.Snake_IsDead      greedysnake.o
    0x08003788   0x08003788   0x0000007c   Code   RO          600    i.Snake_Move        greedysnake.o
    0x08003804   0x08003804   0x00000032   Code   RO          601    i.Snake_PushHead    greedysnake.o
    0x08003836   0x08003836   0x00000004   Code   RO          247    i.SysTick_Handler   stm32f10x_it.o
    0x0800383a   0x0800383a   0x00000002   PAD
    0x0800383c   0x0800383c   0x00000050   Code   RO          197    i.SystemInit        system_stm32f10x.o
    0x0800388c   0x0800388c   0x00000094   Code   RO         1179    i.Systick_Init      stm32f10x_pal.o
    0x08003920   0x08003920   0x00000074   Code   RO         6662    i.TI1_Config        stm32f10x_tim.o
    0x08003994   0x08003994   0x0000007c   Code   RO         6663    i.TI2_Config        stm32f10x_tim.o
    0x08003a10   0x08003a10   0x00000078   Code   RO         6664    i.TI3_Config        stm32f10x_tim.o
    0x08003a88   0x08003a88   0x0000007c   Code   RO         6665    i.TI4_Config        stm32f10x_tim.o
    0x08003b04   0x08003b04   0x000000e0   Code   RO          317    i.TIM1_CC_IRQHandler  remote_nec_driver.o
    0x08003be4   0x08003be4   0x0000004c   Code   RO          318    i.TIM1_UP_IRQHandler  remote_nec_driver.o
    0x08003c30   0x08003c30   0x00000034   Code   RO          698    i.TIM3_IRQHandler   app_timer.o
    0x08003c64   0x08003c64   0x00000018   Code   RO         6666    i.TIM_ARRPreloadConfig  stm32f10x_tim.o
    0x08003c7c   0x08003c7c   0x00000016   Code   RO         6670    i.TIM_CCxCmd        stm32f10x_tim.o
    0x08003c92   0x08003c92   0x00000006   Code   RO         6672    i.TIM_ClearFlag     stm32f10x_tim.o
    0x08003c98   0x08003c98   0x00000006   Code   RO         6673    i.TIM_ClearITPendingBit  stm32f10x_tim.o
    0x08003c9e   0x08003c9e   0x00000018   Code   RO         6678    i.TIM_Cmd           stm32f10x_tim.o
    0x08003cb6   0x08003cb6   0x00000004   Code   RO         6692    i.TIM_GenerateEvent  stm32f10x_tim.o
    0x08003cba   0x08003cba   0x00000004   Code   RO         6693    i.TIM_GetCapture1   stm32f10x_tim.o
    0x08003cbe   0x08003cbe   0x00000004   Code   RO         6697    i.TIM_GetCounter    stm32f10x_tim.o
    0x08003cc2   0x08003cc2   0x0000000e   Code   RO         6698    i.TIM_GetFlagStatus  stm32f10x_tim.o
    0x08003cd0   0x08003cd0   0x00000018   Code   RO         6699    i.TIM_GetITStatus   stm32f10x_tim.o
    0x08003ce8   0x08003ce8   0x0000008c   Code   RO         6701    i.TIM_ICInit        stm32f10x_tim.o
    0x08003d74   0x08003d74   0x00000014   Code   RO         6703    i.TIM_ITConfig      stm32f10x_tim.o
    0x08003d88   0x08003d88   0x0000000a   Code   RO         6705    i.TIM_InternalClockConfig  stm32f10x_tim.o
    0x08003d92   0x08003d92   0x00000002   PAD
    0x08003d94   0x08003d94   0x00000088   Code   RO         6707    i.TIM_OC1Init       stm32f10x_tim.o
    0x08003e1c   0x08003e1c   0x00000088   Code   RO         6712    i.TIM_OC2Init       stm32f10x_tim.o
    0x08003ea4   0x08003ea4   0x00000084   Code   RO         6717    i.TIM_OC3Init       stm32f10x_tim.o
    0x08003f28   0x08003f28   0x00000014   Code   RO         6725    i.TIM_OCStructInit  stm32f10x_tim.o
    0x08003f3c   0x08003f3c   0x00000018   Code   RO         6730    i.TIM_SelectHallSensor  stm32f10x_tim.o
    0x08003f54   0x08003f54   0x00000010   Code   RO         6738    i.TIM_SetClockDivision  stm32f10x_tim.o
    0x08003f64   0x08003f64   0x00000004   Code   RO         6739    i.TIM_SetCompare1   stm32f10x_tim.o
    0x08003f68   0x08003f68   0x00000004   Code   RO         6740    i.TIM_SetCompare2   stm32f10x_tim.o
    0x08003f6c   0x08003f6c   0x00000004   Code   RO         6741    i.TIM_SetCompare3   stm32f10x_tim.o
    0x08003f70   0x08003f70   0x00000010   Code   RO         6744    i.TIM_SetIC1Prescaler  stm32f10x_tim.o
    0x08003f80   0x08003f80   0x00000018   Code   RO         6745    i.TIM_SetIC2Prescaler  stm32f10x_tim.o
    0x08003f98   0x08003f98   0x00000010   Code   RO         6746    i.TIM_SetIC3Prescaler  stm32f10x_tim.o
    0x08003fa8   0x08003fa8   0x00000018   Code   RO         6747    i.TIM_SetIC4Prescaler  stm32f10x_tim.o
    0x08003fc0   0x08003fc0   0x0000009c   Code   RO         6749    i.TIM_TimeBaseInit  stm32f10x_tim.o
    0x0800405c   0x0800405c   0x00000054   Code   RO         1128    i.USART3_IRQHandler  stm32_usart_slave.o
    0x080040b0   0x080040b0   0x00000040   Code   RO         7230    i.USART_GetITStatus  stm32f10x_usart.o
    0x080040f0   0x080040f0   0x00000008   Code   RO         7240    i.USART_ReceiveData  stm32f10x_usart.o
    0x080040f8   0x080040f8   0x00000002   Code   RO          248    i.UsageFault_Handler  stm32f10x_it.o
    0x080040fa   0x080040fa   0x00000002   PAD
    0x080040fc   0x080040fc   0x00000024   Code   RO         8038    i.__0vsprintf       mc_w.l(printfa.o)
    0x08004120   0x08004120   0x0000000e   Code   RO         8295    i.__scatterload_copy  mc_w.l(handlers.o)
    0x0800412e   0x0800412e   0x00000002   Code   RO         8296    i.__scatterload_null  mc_w.l(handlers.o)
    0x08004130   0x08004130   0x0000000e   Code   RO         8297    i.__scatterload_zeroinit  mc_w.l(handlers.o)
    0x0800413e   0x0800413e   0x00000002   PAD
    0x08004140   0x08004140   0x00000184   Code   RO         8039    i._fp_digits        mc_w.l(printfa.o)
    0x080042c4   0x080042c4   0x000006b4   Code   RO         8040    i._printf_core      mc_w.l(printfa.o)
    0x08004978   0x08004978   0x00000024   Code   RO         8041    i._printf_post_padding  mc_w.l(printfa.o)
    0x0800499c   0x0800499c   0x0000002e   Code   RO         8042    i._printf_pre_padding  mc_w.l(printfa.o)
    0x080049ca   0x080049ca   0x0000000a   Code   RO         8044    i._sputc            mc_w.l(printfa.o)
    0x080049d4   0x080049d4   0x00000084   Code   RO            4    i.main              main.o
    0x08004a58   0x08004a58   0x00000118   Code   RO          933    i.ps2_ADCInit       ps2_adc_dma.o
    0x08004b70   0x08004b70   0x00000028   Data   RO          536    .constdata          contact.o
    0x08004b98   0x08004b98   0x000005f0   Data   RO         7725    .constdata          oled_data.o
    0x08005188   0x08005188   0x0000023a   Data   RO         7726    .constdata          oled_data.o
    0x080053c2   0x080053c2   0x000006a6   Data   RO         7727    .constdata          oled_data.o
    0x08005a68   0x08005a68   0x0000000c   Data   RO         7781    .constdata          mc_w.l(mktime.o)
    0x08005a74   0x08005a74   0x0000000c   Data   RO         8237    .constdata          mc_w.l(localtime_i.o)
    0x08005a80   0x08005a80   0x00000050   Data   RO          366    .conststring        menu.o
    0x08005ad0   0x08005ad0   0x00000020   Data   RO         8293    Region$$Table       anon$$obj.o


    Execution Region RW_IRAM1 (Exec base: 0x20000000, Load base: 0x08005af0, Size: 0x00001c38, Max: 0x00005000, ABSOLUTE)

    Exec Addr    Load Addr    Size         Type   Attr      Idx    E Section Name        Object

    0x20000000   0x08005af0   0x00000018   Data   RW            5    .data               main.o
    0x20000018   0x08005b08   0x0000003c   Data   RW          319    .data               remote_nec_driver.o
    0x20000054   0x08005b44   0x00000020   Data   RW          367    .data               menu.o
    0x20000074   0x08005b64   0x00000008   Data   RW          417    .data               guessnum.o
    0x2000007c   0x08005b6c   0x0000000c   Data   RW          472    .data               guessmine.o
    0x20000088   0x08005b78   0x00000009   Data   RW          537    .data               contact.o
    0x20000091   0x08005b81   0x00000007   PAD
    0x20000098   0x08005b88   0x00000010   Data   RW          603    .data               greedysnake.o
    0x200000a8   0x08005b98   0x00000008   Data   RW          699    .data               app_timer.o
    0x200000b0   0x08005ba0   0x00000010   Data   RW          754    .data               led_blink.o
    0x200000c0   0x08005bb0   0x00000002   Data   RW          813    .data               arm_control.o
    0x200000c2   0x08005bb2   0x00000008   Data   RW          934    .data               ps2_adc_dma.o
    0x200000ca   0x08005bba   0x00000008   Data   RW          966    .data               rtc_driver.o
    0x200000d2   0x08005bc2   0x00000006   PAD
    0x200000d8   0x08005bc8   0x00000020   Data   RW         1018    .data               alarm.o
    0x200000f8   0x08005be8   0x00000001   Data   RW         1089    .data               ps2_key.o
    0x200000f9   0x08005be9   0x00000002   Data   RW         1131    .data               stm32_usart_slave.o
    0x200000fb   0x08005beb   0x00000005   PAD
    0x20000100   0x08005bf0   0x00000010   Data   RW         1180    .data               stm32f10x_pal.o
    0x20000110   0x08005c00   0x00000014   Data   RW         6026    .data               stm32f10x_rcc.o
    0x20000124   0x08005c14   0x00000004   Data   RW         7774    .data               mc_w.l(rand.o)
    0x20000128        -       0x000001cc   Zero   RW          471    .bss                guessmine.o
    0x200002f4        -       0x00000175   Zero   RW          535    .bss                contact.o
    0x20000469   0x08005c18   0x00000003   PAD
    0x2000046c        -       0x00000360   Zero   RW          602    .bss                greedysnake.o
    0x200007cc        -       0x00000010   Zero   RW          812    .bss                arm_control.o
    0x200007dc        -       0x00000018   Zero   RW         1017    .bss                alarm.o
    0x200007f4        -       0x00000014   Zero   RW         1130    .bss                stm32_usart_slave.o
    0x20000808        -       0x00000400   Zero   RW         7516    .bss                oled.o
    0x20000c08        -       0x0000002c   Zero   RW         8234    .bss                mc_w.l(localtime_w.o)
    0x20000c34   0x08005c18   0x00000004   PAD
    0x20000c38        -       0x00001000   Zero   RW         1162    STACK               startup_stm32f10x_md.o


==============================================================================

Image component sizes


      Code (inc. data)   RO Data    RW Data    ZI Data      Debug   Object Name

      1348        168          0         32         24       5839   alarm.o
       224         20          0          8          0       2075   app_timer.o
       952        174          0          2         16       4977   arm_control.o
      1336        236         40          9        373       5104   contact.o
      1006         60          0         16        864       9137   greedysnake.o
       694         56          0         12        460       3748   guessmine.o
       364         78          0          8          0       2241   guessnum.o
       330         28          0         16          0       3305   led_blink.o
       132          6          0         24          0     276571   main.o
       496         98         80         32          0       2852   menu.o
       100          4          0          0          0       1164   misc.o
      2058         66          0          0       1024      15052   oled.o
         0          0       3792          0          0       1162   oled_data.o
       280         18          0          8          0       1283   ps2_adc_dma.o
       196         10          0          1          0       1259   ps2_key.o
       604         36          0         60          0       4013   remote_nec_driver.o
       256         10          0          8          0       3150   rtc_driver.o
       258         14          0          0          0       2471   serov_driver.o
        36          8        236          0       4096        780   startup_stm32f10x_md.o
        84         12          0          2         20       1272   stm32_usart_slave.o
       308         10          0          0          0       7657   stm32f10x_adc.o
        40         12          0          0          0       2243   stm32f10x_bkp.o
        84          0          0          0          0       2889   stm32f10x_dma.o
       160         16          0          0          0       2304   stm32f10x_exti.o
       240          6          0          0          0       4978   stm32f10x_gpio.o
        20          0          0          0          0       3638   stm32f10x_it.o
       176         20          0         16          0       1968   stm32f10x_pal.o
         0          0          0          0          0        648   stm32f10x_pal_usart.o
        12          6          0          0          0        494   stm32f10x_pwr.o
       448         78          0         20          0       9122   stm32f10x_rcc.o
       168         34          0          0          0       3587   stm32f10x_rtc.o
      1498        186          0          0          0      20085   stm32f10x_tim.o
        72          0          0          0          0       2932   stm32f10x_usart.o
       260         26          0          0          0       1885   system_stm32f10x.o

    ----------------------------------------------------------------------
     14264       1496       4180        292       6880     411885   Object Totals
         0          0         32          0          0          0   (incl. Generated)
        24          0          0         18          3          0   (incl. Padding)

    ----------------------------------------------------------------------

      Code (inc. data)   RO Data    RW Data    ZI Data      Debug   Library Member Name

         0          0          0          0          0          0   entry.o
         0          0          0          0          0          0   entry10a.o
         0          0          0          0          0          0   entry11a.o
         4          0          0          0          0          0   entry12b.o
         8          4          0          0          0          0   entry2.o
         4          0          0          0          0          0   entry5.o
         0          0          0          0          0          0   entry7b.o
         0          0          0          0          0          0   entry8b.o
         8          4          0          0          0          0   entry9a.o
        30          0          0          0          0          0   handlers.o
        36          8          0          0          0         68   init.o
         0          0          0          0          0          0   iusefp.o
        30          0          0          0          0         68   llshl.o
        36          0          0          0          0         68   llsshr.o
        32          0          0          0          0         68   llushr.o
       140          6         12          0          0         76   localtime_i.o
        12          6          0          0         44         68   localtime_w.o
        36          0          0          0          0         68   memcpya.o
        36          0          0          0          0        108   memseta.o
       168         18         12          0          0         80   mktime.o
      2232         86          0          0          0        528   printfa.o
        36         10          0          4          0        136   rand.o
        28          0          0          0          0         76   strcmp.o
        24          0          0          0          0         76   strncpy.o
        44          0          0          0          0         80   uidiv.o
        98          0          0          0          0         92   uldiv.o
        48          0          0          0          0         68   cdrcmple.o
        56          0          0          0          0         88   d2f.o
       334          0          0          0          0        148   dadd.o
       222          0          0          0          0        100   ddiv.o
       186          0          0          0          0        176   depilogue.o
        48          0          0          0          0         68   dfixul.o
        26          0          0          0          0         76   dfltui.o
       228          0          0          0          0         96   dmul.o
        38          0          0          0          0         68   f2d.o
       176          0          0          0          0        140   fadd.o
       124          0          0          0          0         88   fdiv.o
       110          0          0          0          0        168   fepilogue.o
        40          0          0          0          0         68   ffixui.o
        18          0          0          0          0         68   fflti.o
        10          0          0          0          0         68   ffltui.o
       100          0          0          0          0         76   fmul.o

    ----------------------------------------------------------------------
      4812        142         24          4         48       3224   Library Totals
         6          0          0          0          4          0   (incl. Padding)

    ----------------------------------------------------------------------

      Code (inc. data)   RO Data    RW Data    ZI Data      Debug   Library Name

      3042        142         24          4         44       1660   mc_w.l
      1764          0          0          0          0       1564   mf_w.l

    ----------------------------------------------------------------------
      4812        142         24          4         48       3224   Library Totals

    ----------------------------------------------------------------------

==============================================================================


      Code (inc. data)   RO Data    RW Data    ZI Data      Debug   

     19076       1638       4204        296       6928     404133   Grand Totals
     19076       1638       4204        296       6928     404133   ELF Image Totals
     19076       1638       4204        296          0          0   ROM Totals

==============================================================================

    Total RO  Size (Code + RO Data)                23280 (  22.73kB)
    Total RW  Size (RW Data + ZI Data)              7224 (   7.05kB)
    Total ROM Size (Code + RO Data + RW Data)      23576 (  23.02kB)

==============================================================================

