Component: ARM Compiler 5.06 update 7 (build 960) Tool: armlink [4d3601]

==============================================================================

Section Cross References

    main.o(i.main) refers to oled.o(i.OLED_Init) for OLED_Init
    main.o(i.main) refers to rtc_driver.o(i.Rtc_Init) for Rtc_Init
    main.o(i.main) refers to remote_nec_driver.o(i.Capture_Config) for Capture_Config
    main.o(i.main) refers to guessmine.o(i.MineBoard_Init) for MineBoard_Init
    main.o(i.main) refers to contact.o(i.Contact_Init) for Contact_Init
    main.o(i.main) refers to led_blink.o(i.Led_BlinkInit) for Led_BlinkInit
    main.o(i.main) refers to ps2_adc_dma.o(i.ps2_ADCInit) for ps2_ADCInit
    main.o(i.main) refers to serov_driver.o(i.Arm_Init) for Arm_Init
    main.o(i.main) refers to arm_control.o(i.Arm_Reset) for Arm_Reset
    main.o(i.main) refers to app_timer.o(i.App_Timer_Init) for App_Timer_Init
    main.o(i.main) refers to ps2_key.o(i.Ps2_KeyInit) for Ps2_KeyInit
    main.o(i.main) refers to app_timer.o(i.App_Timer_GetTick) for App_Timer_GetTick
    main.o(i.main) refers to menu.o(i.Menu_Proc) for Menu_Proc
    main.o(i.main) refers to guessnum.o(i.GuessNum_Proc) for GuessNum_Proc
    main.o(i.main) refers to guessmine.o(i.GuessMine_Proc) for GuessMine_Proc
    main.o(i.main) refers to contact.o(i.Contact_Proc) for Contact_Proc
    main.o(i.main) refers to greedysnake.o(i.GreedySnake_Proc) for GreedySnake_Proc
    main.o(i.main) refers to arm_control.o(i.Arm_Proc) for Arm_Proc
    main.o(i.main) refers to alarm.o(i.Alarm_Proc) for Alarm_Proc
    main.o(i.main) refers to led_blink.o(i.Led_Blink_Proc) for Led_Blink_Proc
    main.o(i.main) refers to main.o(.data) for .data
    system_stm32f10x.o(i.SetSysClock) refers to system_stm32f10x.o(i.SetSysClockTo72) for SetSysClockTo72
    system_stm32f10x.o(i.SystemCoreClockUpdate) refers to system_stm32f10x.o(.data) for .data
    system_stm32f10x.o(i.SystemInit) refers to system_stm32f10x.o(i.SetSysClock) for SetSysClock
    remote_nec_driver.o(i.Capture_Config) refers to stm32f10x_rcc.o(i.RCC_APB2PeriphClockCmd) for RCC_APB2PeriphClockCmd
    remote_nec_driver.o(i.Capture_Config) refers to stm32f10x_gpio.o(i.GPIO_Init) for GPIO_Init
    remote_nec_driver.o(i.Capture_Config) refers to stm32f10x_rcc.o(i.RCC_APB2PeriphResetCmd) for RCC_APB2PeriphResetCmd
    remote_nec_driver.o(i.Capture_Config) refers to stm32f10x_tim.o(i.TIM_ARRPreloadConfig) for TIM_ARRPreloadConfig
    remote_nec_driver.o(i.Capture_Config) refers to stm32f10x_tim.o(i.TIM_TimeBaseInit) for TIM_TimeBaseInit
    remote_nec_driver.o(i.Capture_Config) refers to stm32f10x_tim.o(i.TIM_GenerateEvent) for TIM_GenerateEvent
    remote_nec_driver.o(i.Capture_Config) refers to stm32f10x_tim.o(i.TIM_SelectHallSensor) for TIM_SelectHallSensor
    remote_nec_driver.o(i.Capture_Config) refers to stm32f10x_tim.o(i.TIM_SetClockDivision) for TIM_SetClockDivision
    remote_nec_driver.o(i.Capture_Config) refers to stm32f10x_tim.o(i.TIM_ICInit) for TIM_ICInit
    remote_nec_driver.o(i.Capture_Config) refers to stm32f10x_tim.o(i.TIM_Cmd) for TIM_Cmd
    remote_nec_driver.o(i.Capture_Config) refers to stm32f10x_tim.o(i.TIM_CCxCmd) for TIM_CCxCmd
    remote_nec_driver.o(i.Capture_Config) refers to stm32f10x_tim.o(i.TIM_ITConfig) for TIM_ITConfig
    remote_nec_driver.o(i.Capture_Config) refers to stm32f10x_tim.o(i.TIM_ClearFlag) for TIM_ClearFlag
    remote_nec_driver.o(i.Capture_Config) refers to misc.o(i.NVIC_Init) for NVIC_Init
    remote_nec_driver.o(i.IR_GetKey) refers to remote_nec_driver.o(.data) for .data
    remote_nec_driver.o(i.TIM1_CC_IRQHandler) refers to stm32f10x_tim.o(i.TIM_GetITStatus) for TIM_GetITStatus
    remote_nec_driver.o(i.TIM1_CC_IRQHandler) refers to stm32f10x_tim.o(i.TIM_ClearITPendingBit) for TIM_ClearITPendingBit
    remote_nec_driver.o(i.TIM1_CC_IRQHandler) refers to stm32f10x_tim.o(i.TIM_GetCapture1) for TIM_GetCapture1
    remote_nec_driver.o(i.TIM1_CC_IRQHandler) refers to remote_nec_driver.o(.data) for .data
    remote_nec_driver.o(i.TIM1_CC_IRQHandler) refers to alarm.o(.data) for Alarm_count
    remote_nec_driver.o(i.TIM1_UP_IRQHandler) refers to stm32f10x_tim.o(i.TIM_GetITStatus) for TIM_GetITStatus
    remote_nec_driver.o(i.TIM1_UP_IRQHandler) refers to stm32f10x_tim.o(i.TIM_ClearITPendingBit) for TIM_ClearITPendingBit
    remote_nec_driver.o(i.TIM1_UP_IRQHandler) refers to stm32f10x_gpio.o(i.GPIO_ReadInputDataBit) for GPIO_ReadInputDataBit
    remote_nec_driver.o(i.TIM1_UP_IRQHandler) refers to remote_nec_driver.o(.data) for .data
    menu.o(i.GetRandom) refers to stm32f10x_tim.o(i.TIM_GetCounter) for TIM_GetCounter
    menu.o(i.GetRandom) refers to rand.o(.text) for srand
    menu.o(i.GetRandom) refers to menu.o(.data) for .data
    menu.o(i.Menu_HomeShow) refers to oled.o(i.OLED_Clear) for OLED_Clear
    menu.o(i.Menu_HomeShow) refers to oled.o(i.OLED_Printf) for OLED_Printf
    menu.o(i.Menu_HomeShow) refers to oled.o(i.OLED_ReverseArea) for OLED_ReverseArea
[...]
    i.Input_Char                             0x08001fec   Section        0  contact.o(i.Input_Char)
    i.Input_State                            0x080020d0   Section        0  contact.o(i.Input_State)
    i.LED_Flicker_Proc                       0x0800211c   Section        0  led_blink.o(i.LED_Flicker_Proc)
    i.LED_Shwo                               0x08002198   Section        0  led_blink.o(i.LED_Shwo)
    i.Led_BlinkInit                          0x080021c0   Section        0  led_blink.o(i.Led_BlinkInit)
    i.Led_Blink_Proc                         0x080021f8   Section        0  led_blink.o(i.Led_Blink_Proc)
    i.Led_GetKey_Num                         0x08002254   Section        0  led_blink.o(i.Led_GetKey_Num)
    i.MemManage_Handler                      0x08002266   Section        0  stm32f10x_it.o(i.MemManage_Handler)
    i.Menu_HomeShow                          0x08002268   Section        0  menu.o(i.Menu_HomeShow)
    Menu_HomeShow                            0x08002269   Thumb Code   128  menu.o(i.Menu_HomeShow)
    i.Menu_Proc                              0x08002308   Section        0  menu.o(i.Menu_Proc)
    i.MineBoard_Init                         0x0800242c   Section        0  guessmine.o(i.MineBoard_Init)
    i.Mine_CursorShow                        0x08002464   Section        0  guessmine.o(i.Mine_CursorShow)
    i.Mine_Victory                           0x08002488   Section        0  guessmine.o(i.Mine_Victory)
    i.NMI_Handler                            0x080024c0   Section        0  stm32f10x_it.o(i.NMI_Handler)
    i.NVIC_Init                              0x080024c4   Section        0  misc.o(i.NVIC_Init)
    i.Name_HomeShow                          0x08002528   Section        0  contact.o(i.Name_HomeShow)
    Name_HomeShow                            0x08002529   Thumb Code   192  contact.o(i.Name_HomeShow)
    i.OLED_Clear                             0x0800260c   Section        0  oled.o(i.OLED_Clear)
    i.OLED_ClearArea                         0x08002634   Section        0  oled.o(i.OLED_ClearArea)
    i.OLED_DrawLine                          0x08002690   Section        0  oled.o(i.OLED_DrawLine)
    i.OLED_DrawPoint                         0x080027dc   Section        0  oled.o(i.OLED_DrawPoint)
    i.OLED_DrawRectangle                     0x08002810   Section        0  oled.o(i.OLED_DrawRectangle)
    i.OLED_GPIO_Init                         0x0800288c   Section        0  oled.o(i.OLED_GPIO_Init)
    i.OLED_I2C_SendByte                      0x080028e8   Section        0  oled.o(i.OLED_I2C_SendByte)
    i.OLED_I2C_Start                         0x08002922   Section        0  oled.o(i.OLED_I2C_Start)
    i.OLED_I2C_Stop                          0x08002940   Section        0  oled.o(i.OLED_I2C_Stop)
    i.OLED_Init                              0x08002958   Section        0  oled.o(i.OLED_Init)
    i.OLED_Printf                            0x080029f4   Section        0  oled.o(i.OLED_Printf)
    i.OLED_ReverseArea                       0x08002a20   Section        0  oled.o(i.OLED_ReverseArea)
    i.OLED_SetCursor                         0x08002a7c   Section        0  oled.o(i.OLED_SetCursor)
    i.OLED_ShowChar                          0x08002aa0   Section        0  oled.o(i.OLED_ShowChar)
    i.OLED_ShowImage                         0x08002adc   Section        0  oled.o(i.OLED_ShowImage)
    i.OLED_ShowString                        0x08002b90   Section        0  oled.o(i.OLED_ShowString)
    i.OLED_Update                            0x08002d18   Section        0  oled.o(i.OLED_Update)
    i.OLED_UpdateArea                        0x08002d40   Section        0  oled.o(i.OLED_UpdateArea)
    i.OLED_W_SCL                             0x08002da8   Section        0  oled.o(i.OLED_W_SCL)
    i.OLED_W_SDA                             0x08002db8   Section        0  oled.o(i.OLED_W_SDA)
    i.OLED_WriteCommand                      0x08002dc8   Section        0  oled.o(i.OLED_WriteCommand)
    i.OLED_WriteData                         0x08002dea   Section        0  oled.o(i.OLED_WriteData)
    i.PWM_SetCompare1                        0x08002e1a   Section        0  serov_driver.o(i.PWM_SetCompare1)
    i.PWM_SetCompare2                        0x08002e24   Section        0  serov_driver.o(i.PWM_SetCompare2)
    i.PWM_SetCompare3                        0x08002e2e   Section        0  serov_driver.o(i.PWM_SetCompare3)
    i.PWM_SetCompare4                        0x08002e38   Section        0  serov_driver.o(i.PWM_SetCompare4)
    i.PWR_BackupAccessCmd                    0x08002e44   Section        0  stm32f10x_pwr.o(i.PWR_BackupAccessCmd)
    i.PendSV_Handler                         0x08002e50   Section        0  stm32f10x_it.o(i.PendSV_Handler)
    i.Ps2_KeyInit                            0x08002e54   Section        0  ps2_key.o(i.Ps2_KeyInit)
    i.RCC_ADCCLKConfig                       0x08002ee4   Section        0  stm32f10x_rcc.o(i.RCC_ADCCLKConfig)
    i.RCC_AHBPeriphClockCmd                  0x08002ef8   Section        0  stm32f10x_rcc.o(i.RCC_AHBPeriphClockCmd)
    i.RCC_APB1PeriphClockCmd                 0x08002f14   Section        0  stm32f10x_rcc.o(i.RCC_APB1PeriphClockCmd)
    i.RCC_APB1PeriphResetCmd                 0x08002f30   Section        0  stm32f10x_rcc.o(i.RCC_APB1PeriphResetCmd)
    i.RCC_APB2PeriphClockCmd                 0x08002f4c   Section        0  stm32f10x_rcc.o(i.RCC_APB2PeriphClockCmd)
    i.RCC_APB2PeriphResetCmd                 0x08002f68   Section        0  stm32f10x_rcc.o(i.RCC_APB2PeriphResetCmd)
    i.RCC_GetFlagStatus                      0x08002f84   Section        0  stm32f10x_rcc.o(i.RCC_GetFlagStatus)
    i.RCC_LSEConfig                          0x08002fb4   Section        0  stm32f10x_rcc.o(i.RCC_LSEConfig)
    i.RCC_RTCCLKCmd                          0x08002fdc   Section        0  stm32f10x_rcc.o(i.RCC_RTCCLKCmd)
    i.RCC_RTCCLKConfig                       0x08002fe8   Section        0  stm32f10x_rcc.o(i.RCC_RTCCLKConfig)
    i.RTC_EnterConfigMode                    0x08002ff8   Section        0  stm32f10x_rtc.o(i.RTC_EnterConfigMode)
    i.RTC_ExitConfigMode                     0x08003008   Section        0  stm32f10x_rtc.o(i.RTC_ExitConfigMode)
    i.RTC_GetCounter                         0x08003018   Section        0  stm32f10x_rtc.o(i.RTC_GetCounter)
    i.RTC_ReadTime                           0x08003038   Section        0  rtc_driver.o(i.RTC_ReadTime)
    i.RTC_SetCounter                         0x08003080   Section        0  stm32f10x_rtc.o(i.RTC_SetCounter)
    i.RTC_SetPrescaler                       0x080030a0   Section        0  stm32f10x_rtc.o(i.RTC_SetPrescaler)
    i.RTC_SetTime                            0x080030c0   Section        0  rtc_driver.o(i.RTC_SetTime)
    i.RTC_WaitForLastTask                    0x08003100   Section        0  stm32f10x_rtc.o(i.RTC_WaitForLastTask)
    i.RTC_WaitForSynchro                     0x08003110   Section        0  stm32f10x_rtc.o(i.RTC_WaitForSynchro)
    i.Rtc_Init                               0x08003128   Section        0  rtc_driver.o(i.Rtc_Init)
    i.SVC_Handler                            0x080031a0   Section        0  stm32f10x_it.o(i.SVC_Handler)
    i.SetSysClock                            0x080031a2   Section        0  system_stm32f10x.o(i.SetSysClock)
    SetSysClock                              0x080031a3   Thumb Code     4  system_stm32f10x.o(i.SetSysClock)
    i.SetSysClockTo72                        0x080031a8   Section        0  system_stm32f10x.o(i.SetSysClockTo72)
    SetSysClockTo72                          0x080031a9   Thumb Code   166  system_stm32f10x.o(i.SetSysClockTo72)
    i.Set_Alarm                              0x08003258   Section        0  alarm.o(i.Set_Alarm)
    i.Set_RTC_Time                           0x080033a0   Section        0  alarm.o(i.Set_RTC_Time)
    i.SnakeDeInit                            0x080034c8   Section        0  greedysnake.o(i.SnakeDeInit)
    i.SnakeGame_Init                         0x080034d0   Section        0  greedysnake.o(i.SnakeGame_Init)
    i.SnakeInit                              0x080034f8   Section        0  greedysnake.o(i.SnakeInit)
    i.Snake_CreateTmp                        0x0800350e   Section        0  greedysnake.o(i.Snake_CreateTmp)
    i.Snake_DeleteTail                       0x080035a6   Section        0  greedysnake.o(i.Snake_DeleteTail)
    i.Snake_GameOver                         0x080035c4   Section        0  greedysnake.o(i.Snake_GameOver)
    i.Snake_GameVictory                      0x08003604   Section        0  greedysnake.o(i.Snake_GameVictory)
    i.Snake_GenerateFood                     0x08003644   Section        0  greedysnake.o(i.Snake_GenerateFood)
    i.Snake_IsDead                           0x080036a4   Section        0  greedysnake.o(i.Snake_IsDead)
    i.Snake_Move                             0x08003704   Section        0  greedysnake.o(i.Snake_Move)
    i.Snake_PushHead                         0x08003780   Section        0  greedysnake.o(i.Snake_PushHead)
    i.SysTick_Handler                        0x080037b2   Section        0  stm32f10x_it.o(i.SysTick_Handler)
    i.SystemInit                             0x080037b4   Section        0  system_stm32f10x.o(i.SystemInit)
    i.TI1_Config                             0x08003804   Section        0  stm32f10x_tim.o(i.TI1_Config)
    TI1_Config                               0x08003805   Thumb Code    94  stm32f10x_tim.o(i.TI1_Config)
    i.TI2_Config                             0x08003878   Section        0  stm32f10x_tim.o(i.TI2_Config)
    TI2_Config                               0x08003879   Thumb Code   102  stm32f10x_tim.o(i.TI2_Config)
    i.TI3_Config                             0x080038f4   Section        0  stm32f10x_tim.o(i.TI3_Config)
    TI3_Config                               0x080038f5   Thumb Code    98  stm32f10x_tim.o(i.TI3_Config)
    i.TI4_Config                             0x0800396c   Section        0  stm32f10x_tim.o(i.TI4_Config)
    TI4_Config                               0x0800396d   Thumb Code   102  stm32f10x_tim.o(i.TI4_Config)
    i.TIM1_CC_IRQHandler                     0x080039e8   Section        0  remote_nec_driver.o(i.TIM1_CC_IRQHandler)
    i.TIM1_UP_IRQHandler                     0x08003ad4   Section        0  remote_nec_driver.o(i.TIM1_UP_IRQHandler)
    i.TIM3_IRQHandler                        0x08003b20   Section        0  app_timer.o(i.TIM3_IRQHandler)
    i.TIM_ARRPreloadConfig                   0x08003b54   Section        0  stm32f10x_tim.o(i.TIM_ARRPreloadConfig)
    i.TIM_CCxCmd                             0x08003b6c   Section        0  stm32f10x_tim.o(i.TIM_CCxCmd)
    i.TIM_ClearFlag                          0x08003b82   Section        0  stm32f10x_tim.o(i.TIM_ClearFlag)
    i.TIM_ClearITPendingBit                  0x08003b88   Section        0  stm32f10x_tim.o(i.TIM_ClearITPendingBit)
    i.TIM_Cmd                                0x08003b8e   Section        0  stm32f10x_tim.o(i.TIM_Cmd)
    i.TIM_GenerateEvent                      0x08003ba6   Section        0  stm32f10x_tim.o(i.TIM_GenerateEvent)
    i.TIM_GetCapture1                        0x08003baa   Section        0  stm32f10x_tim.o(i.TIM_GetCapture1)
    i.TIM_GetCounter                         0x08003bae   Section        0  stm32f10x_tim.o(i.TIM_GetCounter)
    i.TIM_GetFlagStatus                      0x08003bb2   Section        0  stm32f10x_tim.o(i.TIM_GetFlagStatus)
    i.TIM_GetITStatus                        0x08003bc0   Section        0  stm32f10x_tim.o(i.TIM_GetITStatus)
    i.TIM_ICInit                             0x08003bd8   Section        0  stm32f10x_tim.o(i.TIM_ICInit)
    i.TIM_ITConfig                           0x08003c64   Section        0  stm32f10x_tim.o(i.TIM_ITConfig)
    i.TIM_InternalClockConfig                0x08003c78   Section        0  stm32f10x_tim.o(i.TIM_InternalClockConfig)
    i.TIM_OC1Init                            0x08003c84   Section        0  stm32f10x_tim.o(i.TIM_OC1Init)
    i.TIM_OC2Init                            0x08003d0c   Section        0  stm32f10x_tim.o(i.TIM_OC2Init)
    i.TIM_OC3Init                            0x08003d94   Section        0  stm32f10x_tim.o(i.TIM_OC3Init)
    i.TIM_OCStructInit                       0x08003e18   Section        0  stm32f10x_tim.o(i.TIM_OCStructInit)
    i.TIM_SelectHallSensor                   0x08003e2c   Section        0  stm32f10x_tim.o(i.TIM_SelectHallSensor)
    i.TIM_SetClockDivision                   0x08003e44   Section        0  stm32f10x_tim.o(i.TIM_SetClockDivision)
    i.TIM_SetCompare1                        0x08003e54   Section        0  stm32f10x_tim.o(i.TIM_SetCompare1)
    i.TIM_SetCompare2                        0x08003e58   Section        0  stm32f10x_tim.o(i.TIM_SetCompare2)
    i.TIM_SetCompare3                        0x08003e5c   Section        0  stm32f10x_tim.o(i.TIM_SetCompare3)
    i.TIM_SetIC1Prescaler                    0x08003e60   Section        0  stm32f10x_tim.o(i.TIM_SetIC1Prescaler)
    i.TIM_SetIC2Prescaler                    0x08003e70   Section        0  stm32f10x_tim.o(i.TIM_SetIC2Prescaler)
    i.TIM_SetIC3Prescaler                    0x08003e88   Section        0  stm32f10x_tim.o(i.TIM_SetIC3Prescaler)
    i.TIM_SetIC4Prescaler                    0x08003e98   Section        0  stm32f10x_tim.o(i.TIM_SetIC4Prescaler)
    i.TIM_TimeBaseInit                       0x08003eb0   Section        0  stm32f10x_tim.o(i.TIM_TimeBaseInit)
    i.USART3_IRQHandler                      0x08003f4c   Section        0  usart_frame_handler.o(i.USART3_IRQHandler)
    i.USART_GetITStatus                      0x08003f74   Section        0  stm32f10x_usart.o(i.USART_GetITStatus)
    i.USART_ProcessByte                      0x08003fb4   Section        0  usart_frame_handler.o(i.USART_ProcessByte)
    i.USART_ReceiveData                      0x0800402c   Section        0  stm32f10x_usart.o(i.USART_ReceiveData)
    i.UsageFault_Handler                     0x08004034   Section        0  stm32f10x_it.o(i.UsageFault_Handler)
    i.__0vsprintf                            0x08004038   Section        0  printfa.o(i.__0vsprintf)
    i.__scatterload_copy                     0x0800405c   Section       14  handlers.o(i.__scatterload_copy)
    i.__scatterload_null                     0x0800406a   Section        2  handlers.o(i.__scatterload_null)
    i.__scatterload_zeroinit                 0x0800406c   Section       14  handlers.o(i.__scatterload_zeroinit)
    i._fp_digits                             0x0800407c   Section        0  printfa.o(i._fp_digits)
    _fp_digits                               0x0800407d   Thumb Code   366  printfa.o(i._fp_digits)
    i._printf_core                           0x08004200   Section        0  printfa.o(i._printf_core)
    _printf_core                             0x08004201   Thumb Code  1704  printfa.o(i._printf_core)
    i._printf_post_padding                   0x080048b4   Section        0  printfa.o(i._printf_post_padding)
    _printf_post_padding                     0x080048b5   Thumb Code    36  printfa.o(i._printf_post_padding)
    i._printf_pre_padding                    0x080048d8   Section        0  printfa.o(i._printf_pre_padding)
    _printf_pre_padding                      0x080048d9   Thumb Code    46  printfa.o(i._printf_pre_padding)
    i._sputc                                 0x08004906   Section        0  printfa.o(i._sputc)
    _sputc                                   0x08004907   Thumb Code    10  printfa.o(i._sputc)
    i.main                                   0x08004910   Section        0  main.o(i.main)
    i.ps2_ADCInit                            0x08004990   Section        0  ps2_adc_dma.o(i.ps2_ADCInit)
    .constdata                               0x08004aa8   Section       40  contact.o(.constdata)
    .constdata                               0x08004ad0   Section     1520  oled_data.o(.constdata)
    .constdata                               0x080050c0   Section      570  oled_data.o(.constdata)
    .constdata                               0x080052fa   Section     1702  oled_data.o(.constdata)
    .constdata                               0x080059a0   Section       12  mktime.o(.constdata)
    monlen                                   0x080059a0   Data          12  mktime.o(.constdata)
    .constdata                               0x080059ac   Section       12  localtime_i.o(.constdata)
    monlen                                   0x080059ac   Data          12  localtime_i.o(.constdata)
    .conststring                             0x080059b8   Section       80  menu.o(.conststring)
    .data                                    0x20000000   Section       24  main.o(.data)
    .data                                    0x20000018   Section       60  remote_nec_driver.o(.data)
    .data                                    0x20000054   Section       32  menu.o(.data)
    Menu_PageStart                           0x20000055   Data           1  menu.o(.data)
    Menu_Cursor                              0x20000056   Data           1  menu.o(.data)
    RandomInit_Flag                          0x20000057   Data           1  menu.o(.data)
    menu_items                               0x20000058   Data          28  menu.o(.data)
    .data                                    0x20000074   Section        8  guessnum.o(.data)
    GuessNum_Show_Flag                       0x20000075   Data           1  guessnum.o(.data)
    r                                        0x20000076   Data           2  guessnum.o(.data)
    GuessNum_Guess                           0x20000078   Data           4  guessnum.o(.data)
    .data                                    0x2000007c   Section       12  guessmine.o(.data)
    Mine_Cursor_X                            0x2000007d   Data           1  guessmine.o(.data)
    Mine_Cursor_Y                            0x2000007e   Data           1  guessmine.o(.data)
    MineBoard_X                              0x2000007f   Data           1  guessmine.o(.data)
    MineBoard_Y                              0x20000080   Data           1  guessmine.o(.data)
    Opened_Count                             0x20000082   Data           2  guessmine.o(.data)
    Opened_Flag                              0x20000084   Data           2  guessmine.o(.data)
    Closed_Flag                              0x20000086   Data           2  guessmine.o(.data)
    .data                                    0x20000088   Section        9  contact.o(.data)
    ContactName_Flag                         0x20000089   Data           1  contact.o(.data)
    Input_State_Flag                         0x2000008a   Data           1  contact.o(.data)
    Contact_PageStart                        0x2000008b   Data           1  contact.o(.data)
    Contact_Cursor                           0x2000008c   Data           1  contact.o(.data)
    Temp_Cursor                              0x2000008d   Data           1  contact.o(.data)
    input_index                              0x2000008e   Data           1  contact.o(.data)
    key_last                                 0x2000008f   Data           1  contact.o(.data)
    key_count                                0x20000090   Data           1  contact.o(.data)
    .data                                    0x20000098   Section       16  greedysnake.o(.data)
    Snake_DelayTime_Flag                     0x20000099   Data           1  greedysnake.o(.data)
    SnakeInit_Flag                           0x2000009a   Data           1  greedysnake.o(.data)
    Snake_DelayTime                          0x200000a0   Data           8  greedysnake.o(.data)
    .data                                    0x200000a8   Section        8  app_timer.o(.data)
    currentTick                              0x200000a8   Data           8  app_timer.o(.data)
    .data                                    0x200000b0   Section       16  led_blink.o(.data)
    Blink_Flag                               0x200000b1   Data           1  led_blink.o(.data)
    Temp_Key                                 0x200000b2   Data           1  led_blink.o(.data)
    Flicker                                  0x200000b4   Data           2  led_blink.o(.data)
    Time                                     0x200000b8   Data           8  led_blink.o(.data)
    .data                                    0x200000c0   Section        2  arm_control.o(.data)
    Arm_Cursor                               0x200000c1   Data           1  arm_control.o(.data)
    .data                                    0x200000c2   Section        8  ps2_adc_dma.o(.data)
    .data                                    0x200000ca   Section        8  rtc_driver.o(.data)
    .data                                    0x200000d8   Section       32  alarm.o(.data)
    Alarm_Cursor                             0x200000d8   Data           1  alarm.o(.data)
    Set_Alarm_Flag                           0x200000da   Data           1  alarm.o(.data)
    Set_RTC_Flag_Flag                        0x200000db   Data           1  alarm.o(.data)
    Alarm_switch                             0x200000dc   Data           1  alarm.o(.data)
    Alarm_Trigger_Flag                       0x200000dd   Data           1  alarm.o(.data)
    Alarm_Delay_Flag                         0x200000de   Data           1  alarm.o(.data)
    index                                    0x200000df   Data           1  alarm.o(.data)
    Tmp_Cnt                                  0x200000e0   Data           1  alarm.o(.data)
    Last_Time                                0x200000e8   Data           8  alarm.o(.data)
    .data                                    0x200000f8   Section        1  ps2_key.o(.data)
    .data                                    0x200000f9   Section        1  usart_frame_handler.o(.data)
    .data                                    0x200000fc   Section        4  rand.o(.data)
    _rand_state                              0x200000fc   Data           4  rand.o(.data)
    .bss                                     0x20000100   Section      460  guessmine.o(.bss)
    MineField                                0x20000100   Data         230  guessmine.o(.bss)
    MineField_Flag                           0x200001e6   Data         230  guessmine.o(.bss)
    .bss                                     0x200002cc   Section      373  contact.o(.bss)
    contact_list                             0x200002cc   Data         361  contact.o(.bss)
    input_Data                               0x20000435   Data          12  contact.o(.bss)
    .bss                                     0x20000444   Section      864  greedysnake.o(.bss)
    Snake_P1                                 0x20000444   Data         864  greedysnake.o(.bss)
    .bss                                     0x200007a4   Section       16  arm_control.o(.bss)
    .bss                                     0x200007b4   Section       24  alarm.o(.bss)
    Tmp                                      0x200007b4   Data          24  alarm.o(.bss)
    .bss                                     0x200007cc   Section       10  usart_frame_handler.o(.bss)
    USART_Frame                              0x200007cc   Data          10  usart_frame_handler.o(.bss)
    .bss                                     0x200007d6   Section     1024  oled.o(.bss)
    .bss                                     0x20000bd8   Section       44  localtime_w.o(.bss)
    _tms                                     0x20000bd8   Data          44  localtime_w.o(.bss)
    STACK                                    0x20000c08   Section     4096  startup_stm32f10x_md.o(STACK)

    Global Symbols

    Symbol Name                              Value     Ov Type        Size  Object(Section)

    BuildAttributes$$THM_ISAv4$P$D$K$B$S$PE$A:L22UL41UL21$X:L11$S22US41US21$IEEE1$IW$USESV6$~STKCKD$USESV7$~SHL$OTIME$ROPI$IEEEX$EBA8$MICROLIB$REQ8$PRES8$EABIv2 0x00000000   Number         0  anon$$obj.o ABSOLUTE
    __ARM_use_no_argv                        0x00000000   Number         0  main.o ABSOLUTE
    __arm_fini_                               - Undefined Weak Reference
    __cpp_initialize__aeabi_                  - Undefined Weak Reference
    __cxa_finalize                            - Undefined Weak Reference
    __decompress                              - Undefined Weak Reference
    _clock_init                               - Undefined Weak Reference
    _microlib_exit                            - Undefined Weak Reference
    __Vectors_Size                           0x000000ec   Number         0  startup_stm32f10x_md.o ABSOLUTE
    __Vectors                                0x08000000   Data           4  startup_stm32f10x_md.o(RESET)
    __Vectors_End                            0x080000ec   Data           0  startup_stm32f10x_md.o(RESET)
    __main                                   0x080000ed   Thumb Code     0  entry.o(.ARM.Collect$$$$00000000)
    _main_stk                                0x080000ed   Thumb Code     0  entry2.o(.ARM.Collect$$$$00000001)
    _main_scatterload                        0x080000f1   Thumb Code     0  entry5.o(.ARM.Collect$$$$00000004)
    __main_after_scatterload                 0x080000f5   Thumb Code     0  entry5.o(.ARM.Collect$$$$00000004)
    _main_clock                              0x080000f5   Thumb Code     0  entry7b.o(.ARM.Collect$$$$00000008)
    _main_cpp_init                           0x080000f5   Thumb Code     0  entry8b.o(.ARM.Collect$$$$0000000A)
    _main_init                               0x080000f5   Thumb Code     0  entry9a.o(.ARM.Collect$$$$0000000B)
    __rt_lib_shutdown_fini                   0x080000fd   Thumb Code     0  entry12b.o(.ARM.Collect$$$$0000000E)
    __rt_final_cpp                           0x08000101   Thumb Code     0  entry10a.o(.ARM.Collect$$$$0000000F)
    __rt_final_exit                          0x08000101   Thumb Code     0  entry11a.o(.ARM.Collect$$$$00000011)
    Reset_Handler                            0x08000105   Thumb Code     8  startup_stm32f10x_md.o(.text)
    ADC1_2_IRQHandler                        0x0800011f   Thumb Code     0  startup_stm32f10x_md.o(.text)
    CAN1_RX1_IRQHandler                      0x0800011f   Thumb Code     0  startup_stm32f10x_md.o(.text)
    CAN1_SCE_IRQHandler                      0x0800011f   Thumb Code     0  startup_stm32f10x_md.o(.text)
    DMA1_Channel1_IRQHandler                 0x0800011f   Thumb Code     0  startup_stm32f10x_md.o(.text)
    DMA1_Channel2_IRQHandler                 0x0800011f   Thumb Code     0  startup_stm32f10x_md.o(.text)
    DMA1_Channel3_IRQHandler                 0x0800011f   Thumb Code     0  startup_stm32f10x_md.o(.text)
    DMA1_Channel4_IRQHandler                 0x0800011f   Thumb Code     0  startup_stm32f10x_md.o(.text)
    DMA1_Channel5_IRQHandler                 0x0800011f   Thumb Code     0  startup_stm32f10x_md.o(.text)
    DMA1_Channel6_IRQHandler                 0x0800011f   Thumb Code     0  startup_stm32f10x_md.o(.text)
    DMA1_Channel7_IRQHandler                 0x0800011f   Thumb Code     0  startup_stm32f10x_md.o(.text)
    EXTI0_IRQHandler                         0x0800011f   Thumb Code     0  startup_stm32f10x_md.o(.text)
    EXTI1_IRQHandler                         0x0800011f   Thumb Code     0  startup_stm32f10x_md.o(.text)
    EXTI2_IRQHandler                         0x0800011f   Thumb Code     0  startup_stm32f10x_md.o(.text)
    EXTI3_IRQHandler                         0x0800011f   Thumb Code     0  startup_stm32f10x_md.o(.text)
    EXTI4_IRQHandler                         0x0800011f   Thumb Code     0  startup_stm32f10x_md.o(.text)
    EXTI9_5_IRQHandler                       0x0800011f   Thumb Code     0  startup_stm32f10x_md.o(.text)
    FLASH_IRQHandler                         0x0800011f   Thumb Code     0  startup_stm32f10x_md.o(.text)
    I2C1_ER_IRQHandler                       0x0800011f   Thumb Code     0  startup_stm32f10x_md.o(.text)
    I2C1_EV_IRQHandler                       0x0800011f   Thumb Code     0  startup_stm32f10x_md.o(.text)
    I2C2_ER_IRQHandler                       0x0800011f   Thumb Code     0  startup_stm32f10x_md.o(.text)
    I2C2_EV_IRQHandler                       0x0800011f   Thumb Code     0  startup_stm32f10x_md.o(.text)
    PVD_IRQHandler                           0x0800011f   Thumb Code     0  startup_stm32f10x_md.o(.text)
    RCC_IRQHandler                           0x0800011f   Thumb Code     0  startup_stm32f10x_md.o(.text)
    RTCAlarm_IRQHandler                      0x0800011f   Thumb Code     0  startup_stm32f10x_md.o(.text)
    RTC_IRQHandler                           0x0800011f   Thumb Code     0  startup_stm32f10x_md.o(.text)
    SPI1_IRQHandler                          0x0800011f   Thumb Code     0  startup_stm32f10x_md.o(.text)
    SPI2_IRQHandler                          0x0800011f   Thumb Code     0  startup_stm32f10x_md.o(.text)
    TAMPER_IRQHandler                        0x0800011f   Thumb Code     0  startup_stm32f10x_md.o(.text)
    TIM1_BRK_IRQHandler                      0x0800011f   Thumb Code     0  startup_stm32f10x_md.o(.text)
    TIM1_TRG_COM_IRQHandler                  0x0800011f   Thumb Code     0  startup_stm32f10x_md.o(.text)
    TIM2_IRQHandler                          0x0800011f   Thumb Code     0  startup_stm32f10x_md.o(.text)
    TIM4_IRQHandler                          0x0800011f   Thumb Code     0  startup_stm32f10x_md.o(.text)
    USART1_IRQHandler                        0x0800011f   Thumb Code     0  startup_stm32f10x_md.o(.text)
    USART2_IRQHandler                        0x0800011f   Thumb Code     0  startup_stm32f10x_md.o(.text)
    USBWakeUp_IRQHandler                     0x0800011f   Thumb Code     0  startup_stm32f10x_md.o(.text)
    USB_HP_CAN1_TX_IRQHandler                0x0800011f   Thumb Code     0  startup_stm32f10x_md.o(.text)
    USB_LP_CAN1_RX0_IRQHandler               0x0800011f   Thumb Code     0  startup_stm32f10x_md.o(.text)
    WWDG_IRQHandler                          0x0800011f   Thumb Code     0  startup_stm32f10x_md.o(.text)
    rand                                     0x08000129   Thumb Code    20  rand.o(.text)
    srand                                    0x0800013d   Thumb Code     6  rand.o(.text)
    mktime                                   0x0800014d   Thumb Code   150  mktime.o(.text)
    __aeabi_memcpy                           0x080001f5   Thumb Code    36  memcpya.o(.text)
    __aeabi_memcpy4                          0x080001f5   Thumb Code     0  memcpya.o(.text)
    __aeabi_memcpy8                          0x080001f5   Thumb Code     0  memcpya.o(.text)
    __aeabi_memset                           0x08000219   Thumb Code    14  memseta.o(.text)
    __aeabi_memset4                          0x08000219   Thumb Code     0  memseta.o(.text)
    __aeabi_memset8                          0x08000219   Thumb Code     0  memseta.o(.text)
    __aeabi_memclr                           0x08000227   Thumb Code     4  memseta.o(.text)
    __aeabi_memclr4                          0x08000227   Thumb Code     0  memseta.o(.text)
    __aeabi_memclr8                          0x08000227   Thumb Code     0  memseta.o(.text)
    _memset$wrapper                          0x0800022b   Thumb Code    18  memseta.o(.text)
    strncpy                                  0x0800023d   Thumb Code    24  strncpy.o(.text)
    strcmp                                   0x08000255   Thumb Code    28  strcmp.o(.text)
    __aeabi_fadd                             0x08000271   Thumb Code   164  fadd.o(.text)
    __aeabi_fsub                             0x08000315   Thumb Code     6  fadd.o(.text)
    __aeabi_frsub                            0x0800031b   Thumb Code     6  fadd.o(.text)
    __aeabi_fmul                             0x08000321   Thumb Code   100  fmul.o(.text)
    __aeabi_fdiv                             0x08000385   Thumb Code   124  fdiv.o(.text)
    __aeabi_dadd                             0x08000401   Thumb Code   322  dadd.o(.text)
    __aeabi_dsub                             0x08000543   Thumb Code     6  dadd.o(.text)
    __aeabi_drsub                            0x08000549   Thumb Code     6  dadd.o(.text)
    __aeabi_dmul                             0x0800054f   Thumb Code   228  dmul.o(.text)
    __aeabi_ddiv                             0x08000633   Thumb Code   222  ddiv.o(.text)
    __aeabi_i2f                              0x08000711   Thumb Code    18  fflti.o(.text)
    __aeabi_ui2f                             0x08000723   Thumb Code    10  ffltui.o(.text)
    __aeabi_f2uiz                            0x0800072d   Thumb Code    40  ffixui.o(.text)
    __aeabi_f2d                              0x08000755   Thumb Code    38  f2d.o(.text)
    __aeabi_cdrcmple                         0x0800077d   Thumb Code    48  cdrcmple.o(.text)
    __aeabi_uidiv                            0x080007ad   Thumb Code     0  uidiv.o(.text)
    __aeabi_uidivmod                         0x080007ad   Thumb Code    44  uidiv.o(.text)
    __aeabi_uldivmod                         0x080007d9   Thumb Code    98  uldiv.o(.text)
    __aeabi_llsl                             0x0800083b   Thumb Code    30  llshl.o(.text)
    _ll_shift_l                              0x0800083b   Thumb Code     0  llshl.o(.text)
    __aeabi_llsr                             0x08000859   Thumb Code    32  llushr.o(.text)
    _ll_ushift_r                             0x08000859   Thumb Code     0  llushr.o(.text)
    __aeabi_lasr                             0x08000879   Thumb Code    36  llsshr.o(.text)
    _ll_sshift_r                             0x08000879   Thumb Code     0  llsshr.o(.text)
    localtime                                0x0800089d   Thumb Code     6  localtime_w.o(.text)
    _localtime                               0x080008a9   Thumb Code   134  localtime_i.o(.text)
    __I$use$fp                               0x08000935   Thumb Code     0  iusefp.o(.text)
    _float_round                             0x08000935   Thumb Code    18  fepilogue.o(.text)
    _float_epilogue                          0x08000947   Thumb Code    92  fepilogue.o(.text)
    _double_round                            0x080009a3   Thumb Code    30  depilogue.o(.text)
    _double_epilogue                         0x080009c1   Thumb Code   156  depilogue.o(.text)
    __aeabi_d2ulz                            0x08000a5d   Thumb Code    48  dfixul.o(.text)
    __scatterload                            0x08000a8d   Thumb Code    28  init.o(.text)
    __scatterload_rt2                        0x08000a8d   Thumb Code     0  init.o(.text)
    ADC_Cmd                                  0x08000ab1   Thumb Code    24  stm32f10x_adc.o(i.ADC_Cmd)
    ADC_DMACmd                               0x08000ac9   Thumb Code    24  stm32f10x_adc.o(i.ADC_DMACmd)
    ADC_GetCalibrationStatus                 0x08000ae1   Thumb Code    14  stm32f10x_adc.o(i.ADC_GetCalibrationStatus)
    ADC_GetResetCalibrationStatus            0x08000aef   Thumb Code    14  stm32f10x_adc.o(i.ADC_GetResetCalibrationStatus)
    ADC_Init                                 0x08000afd   Thumb Code    62  stm32f10x_adc.o(i.ADC_Init)
    ADC_RegularChannelConfig                 0x08000b45   Thumb Code   116  stm32f10x_adc.o(i.ADC_RegularChannelConfig)
    ADC_ResetCalibration                     0x08000bb9   Thumb Code    10  stm32f10x_adc.o(i.ADC_ResetCalibration)
    ADC_SoftwareStartConvCmd                 0x08000bc3   Thumb Code    24  stm32f10x_adc.o(i.ADC_SoftwareStartConvCmd)
    ADC_StartCalibration                     0x08000bdb   Thumb Code    10  stm32f10x_adc.o(i.ADC_StartCalibration)
    Alarm_Check                              0x08000be5   Thumb Code    50  alarm.o(i.Alarm_Check)
    Alarm_Delay                              0x08000c21   Thumb Code   132  alarm.o(i.Alarm_Delay)
    Alarm_Proc                               0x08000cad   Thumb Code   108  alarm.o(i.Alarm_Proc)
    Alarm_Ring                               0x08000d25   Thumb Code    62  alarm.o(i.Alarm_Ring)
    Alarm_Show                               0x08000d71   Thumb Code   176  alarm.o(i.Alarm_Show)
    Alarm_Switch                             0x08000e55   Thumb Code    46  alarm.o(i.Alarm_Switch)
    App_Timer_GetTick                        0x08000e89   Thumb Code     8  app_timer.o(i.App_Timer_GetTick)
    App_Timer_Init                           0x08000e95   Thumb Code   154  app_timer.o(i.App_Timer_Init)
    Arm_Init                                 0x08000fe9   Thumb Code   298  serov_driver.o(i.Arm_Init)
    Arm_Proc                                 0x08001121   Thumb Code   192  arm_control.o(i.Arm_Proc)
    Arm_Reset                                0x080011f9   Thumb Code    16  arm_control.o(i.Arm_Reset)
    Arm_SetBase                              0x0800120d   Thumb Code    56  arm_control.o(i.Arm_SetBase)
    Arm_SetElbow                             0x08001259   Thumb Code    56  arm_control.o(i.Arm_SetElbow)
    Arm_SetFanSpeed                          0x080012a5   Thumb Code   108  arm_control.o(i.Arm_SetFanSpeed)
    Arm_SetShoulder                          0x08001319   Thumb Code    56  arm_control.o(i.Arm_SetShoulder)
    Arm_Update                               0x08001411   Thumb Code    34  arm_control.o(i.Arm_Update)
    BKP_ReadBackupRegister                   0x08001439   Thumb Code    14  stm32f10x_bkp.o(i.BKP_ReadBackupRegister)
    BKP_WriteBackupRegister                  0x0800144d   Thumb Code    14  stm32f10x_bkp.o(i.BKP_WriteBackupRegister)
    BusFault_Handler                         0x08001461   Thumb Code     2  stm32f10x_it.o(i.BusFault_Handler)
    Capture_Config                           0x08001465   Thumb Code   252  remote_nec_driver.o(i.Capture_Config)
    Contact_Init                             0x080015c5   Thumb Code   214  contact.o(i.Contact_Init)
    Contact_Proc                             0x08001715   Thumb Code   360  contact.o(i.Contact_Proc)
    CreateMap                                0x0800188d   Thumb Code    68  greedysnake.o(i.CreateMap)
    DMA_Cmd                                  0x080018d1   Thumb Code    26  stm32f10x_dma.o(i.DMA_Cmd)
    DMA_Init                                 0x080018eb   Thumb Code    58  stm32f10x_dma.o(i.DMA_Init)
    DebugMon_Handler                         0x08001925   Thumb Code     2  stm32f10x_it.o(i.DebugMon_Handler)
    EXTI15_10_IRQHandler                     0x08001929   Thumb Code    54  ps2_key.o(i.EXTI15_10_IRQHandler)
    EXTI_ClearITPendingBit                   0x08001965   Thumb Code     6  stm32f10x_exti.o(i.EXTI_ClearITPendingBit)
    EXTI_GetITStatus                         0x08001971   Thumb Code    28  stm32f10x_exti.o(i.EXTI_GetITStatus)
    EXTI_Init                                0x08001991   Thumb Code   110  stm32f10x_exti.o(i.EXTI_Init)
    GPIO_EXTILineConfig                      0x08001a05   Thumb Code    34  stm32f10x_gpio.o(i.GPIO_EXTILineConfig)
    GPIO_Init                                0x08001a2d   Thumb Code   166  stm32f10x_gpio.o(i.GPIO_Init)
    GPIO_ReadInputDataBit                    0x08001ad3   Thumb Code    14  stm32f10x_gpio.o(i.GPIO_ReadInputDataBit)
    GPIO_ResetBits                           0x08001ae1   Thumb Code     4  stm32f10x_gpio.o(i.GPIO_ResetBits)
    GPIO_SetBits                             0x08001ae5   Thumb Code     4  stm32f10x_gpio.o(i.GPIO_SetBits)
    GPIO_WriteBit                            0x08001ae9   Thumb Code    12  stm32f10x_gpio.o(i.GPIO_WriteBit)
    GetRandom                                0x08001af5   Thumb Code    40  menu.o(i.GetRandom)
    Get_CursorToBoard                        0x08001b25   Thumb Code    26  guessmine.o(i.Get_CursorToBoard)
    Get_GuessNum                             0x08001b45   Thumb Code    96  guessnum.o(i.Get_GuessNum)
    GreedySnake_Proc                         0x08001bb5   Thumb Code   180  greedysnake.o(i.GreedySnake_Proc)
    GuessMine_Proc                           0x08001c75   Thumb Code   466  guessmine.o(i.GuessMine_Proc)
    GuessNum_Proc                            0x08001e6d   Thumb Code    24  guessnum.o(i.GuessNum_Proc)
    GuessNum_Show                            0x08001e89   Thumb Code    38  guessnum.o(i.GuessNum_Show)
    HardFault_Handler                        0x08001ec9   Thumb Code     2  stm32f10x_it.o(i.HardFault_Handler)
    HasMine                                  0x08001ecb   Thumb Code    76  guessmine.o(i.HasMine)
    HighLow                                  0x08001f19   Thumb Code   136  guessnum.o(i.HighLow)
    IR_GetKey                                0x08001fc1   Thumb Code    38  remote_nec_driver.o(i.IR_GetKey)
    Input_Char                               0x08001fed   Thumb Code   196  contact.o(i.Input_Char)
    Input_State                              0x080020d1   Thumb Code    64  contact.o(i.Input_State)
    LED_Flicker_Proc                         0x0800211d   Thumb Code   116  led_blink.o(i.LED_Flicker_Proc)
    LED_Shwo                                 0x08002199   Thumb Code    36  led_blink.o(i.LED_Shwo)
    Led_BlinkInit                            0x080021c1   Thumb Code    52  led_blink.o(i.Led_BlinkInit)
    Led_Blink_Proc                           0x080021f9   Thumb Code    80  led_blink.o(i.Led_Blink_Proc)
    Led_GetKey_Num                           0x08002255   Thumb Code    18  led_blink.o(i.Led_GetKey_Num)
    MemManage_Handler                        0x08002267   Thumb Code     2  stm32f10x_it.o(i.MemManage_Handler)
    Menu_Proc                                0x08002309   Thumb Code   242  menu.o(i.Menu_Proc)
    MineBoard_Init                           0x0800242d   Thumb Code    52  guessmine.o(i.MineBoard_Init)
    Mine_CursorShow                          0x08002465   Thumb Code    34  guessmine.o(i.Mine_CursorShow)
    Mine_Victory                             0x08002489   Thumb Code    34  guessmine.o(i.Mine_Victory)
    NMI_Handler                              0x080024c1   Thumb Code     2  stm32f10x_it.o(i.NMI_Handler)
    NVIC_Init                                0x080024c5   Thumb Code    96  misc.o(i.NVIC_Init)
    OLED_Clear                               0x0800260d   Thumb Code    34  oled.o(i.OLED_Clear)
    OLED_ClearArea                           0x08002635   Thumb Code    88  oled.o(i.OLED_ClearArea)
    OLED_DrawLine                            0x08002691   Thumb Code   332  oled.o(i.OLED_DrawLine)
    OLED_DrawPoint                           0x080027dd   Thumb Code    46  oled.o(i.OLED_DrawPoint)
    OLED_DrawRectangle                       0x08002811   Thumb Code   124  oled.o(i.OLED_DrawRectangle)
    OLED_GPIO_Init                           0x0800288d   Thumb Code    88  oled.o(i.OLED_GPIO_Init)
    OLED_I2C_SendByte                        0x080028e9   Thumb Code    58  oled.o(i.OLED_I2C_SendByte)
    OLED_I2C_Start                           0x08002923   Thumb Code    30  oled.o(i.OLED_I2C_Start)
    OLED_I2C_Stop                            0x08002941   Thumb Code    24  oled.o(i.OLED_I2C_Stop)
    OLED_Init                                0x08002959   Thumb Code   156  oled.o(i.OLED_Init)
    OLED_Printf                              0x080029f5   Thumb Code    42  oled.o(i.OLED_Printf)
    OLED_ReverseArea                         0x08002a21   Thumb Code    88  oled.o(i.OLED_ReverseArea)
    OLED_SetCursor                           0x08002a7d   Thumb Code    34  oled.o(i.OLED_SetCursor)
    OLED_ShowChar                            0x08002aa1   Thumb Code    52  oled.o(i.OLED_ShowChar)
    OLED_ShowImage                           0x08002add   Thumb Code   176  oled.o(i.OLED_ShowImage)
    OLED_ShowString                          0x08002b91   Thumb Code   382  oled.o(i.OLED_ShowString)
    OLED_Update                              0x08002d19   Thumb Code    34  oled.o(i.OLED_Update)
    OLED_UpdateArea                          0x08002d41   Thumb Code    98  oled.o(i.OLED_UpdateArea)
    OLED_W_SCL                               0x08002da9   Thumb Code    12  oled.o(i.OLED_W_SCL)
    OLED_W_SDA                               0x08002db9   Thumb Code    12  oled.o(i.OLED_W_SDA)
    OLED_WriteCommand                        0x08002dc9   Thumb Code    34  oled.o(i.OLED_WriteCommand)
    OLED_WriteData                           0x08002deb   Thumb Code    48  oled.o(i.OLED_WriteData)
    PWM_SetCompare1                          0x08002e1b   Thumb Code    10  serov_driver.o(i.PWM_SetCompare1)
    PWM_SetCompare2                          0x08002e25   Thumb Code    10  serov_driver.o(i.PWM_SetCompare2)
    PWM_SetCompare3                          0x08002e2f   Thumb Code    10  serov_driver.o(i.PWM_SetCompare3)
    PWM_SetCompare4                          0x08002e39   Thumb Code     8  serov_driver.o(i.PWM_SetCompare4)
    PWR_BackupAccessCmd                      0x08002e45   Thumb Code     6  stm32f10x_pwr.o(i.PWR_BackupAccessCmd)
    PendSV_Handler                           0x08002e51   Thumb Code     2  stm32f10x_it.o(i.PendSV_Handler)
    Ps2_KeyInit                              0x08002e55   Thumb Code   140  ps2_key.o(i.Ps2_KeyInit)
    RCC_ADCCLKConfig                         0x08002ee5   Thumb Code    14  stm32f10x_rcc.o(i.RCC_ADCCLKConfig)
    RCC_AHBPeriphClockCmd                    0x08002ef9   Thumb Code    22  stm32f10x_rcc.o(i.RCC_AHBPeriphClockCmd)
    RCC_APB1PeriphClockCmd                   0x08002f15   Thumb Code    22  stm32f10x_rcc.o(i.RCC_APB1PeriphClockCmd)
    RCC_APB1PeriphResetCmd                   0x08002f31   Thumb Code    22  stm32f10x_rcc.o(i.RCC_APB1PeriphResetCmd)
    RCC_APB2PeriphClockCmd                   0x08002f4d   Thumb Code    22  stm32f10x_rcc.o(i.RCC_APB2PeriphClockCmd)
    RCC_APB2PeriphResetCmd                   0x08002f69   Thumb Code    22  stm32f10x_rcc.o(i.RCC_APB2PeriphResetCmd)
    RCC_GetFlagStatus                        0x08002f85   Thumb Code    42  stm32f10x_rcc.o(i.RCC_GetFlagStatus)
    RCC_LSEConfig                            0x08002fb5   Thumb Code    34  stm32f10x_rcc.o(i.RCC_LSEConfig)
    RCC_RTCCLKCmd                            0x08002fdd   Thumb Code     6  stm32f10x_rcc.o(i.RCC_RTCCLKCmd)
    RCC_RTCCLKConfig                         0x08002fe9   Thumb Code    10  stm32f10x_rcc.o(i.RCC_RTCCLKConfig)
    RTC_EnterConfigMode                      0x08002ff9   Thumb Code    12  stm32f10x_rtc.o(i.RTC_EnterConfigMode)
    RTC_ExitConfigMode                       0x08003009   Thumb Code    12  stm32f10x_rtc.o(i.RTC_ExitConfigMode)
    RTC_GetCounter                           0x08003019   Thumb Code    28  stm32f10x_rtc.o(i.RTC_GetCounter)
    RTC_ReadTime                             0x08003039   Thumb Code    66  rtc_driver.o(i.RTC_ReadTime)
    RTC_SetCounter                           0x08003081   Thumb Code    26  stm32f10x_rtc.o(i.RTC_SetCounter)
    RTC_SetPrescaler                         0x080030a1   Thumb Code    28  stm32f10x_rtc.o(i.RTC_SetPrescaler)
    RTC_SetTime                              0x080030c1   Thumb Code    64  rtc_driver.o(i.RTC_SetTime)
    RTC_WaitForLastTask                      0x08003101   Thumb Code    10  stm32f10x_rtc.o(i.RTC_WaitForLastTask)
    RTC_WaitForSynchro                       0x08003111   Thumb Code    18  stm32f10x_rtc.o(i.RTC_WaitForSynchro)
    Rtc_Init                                 0x08003129   Thumb Code   116  rtc_driver.o(i.Rtc_Init)
    SVC_Handler                              0x080031a1   Thumb Code     2  stm32f10x_it.o(i.SVC_Handler)
    Set_Alarm                                0x08003259   Thumb Code   306  alarm.o(i.Set_Alarm)
    Set_RTC_Time                             0x080033a1   Thumb Code   260  alarm.o(i.Set_RTC_Time)
    SnakeDeInit                              0x080034c9   Thumb Code     8  greedysnake.o(i.SnakeDeInit)
    SnakeGame_Init                           0x080034d1   Thumb Code    36  greedysnake.o(i.SnakeGame_Init)
    SnakeInit                                0x080034f9   Thumb Code    22  greedysnake.o(i.SnakeInit)
    Snake_CreateTmp                          0x0800350f   Thumb Code   152  greedysnake.o(i.Snake_CreateTmp)
    Snake_DeleteTail                         0x080035a7   Thumb Code    30  greedysnake.o(i.Snake_DeleteTail)
    Snake_GameOver                           0x080035c5   Thumb Code    42  greedysnake.o(i.Snake_GameOver)
    Snake_GameVictory                        0x08003605   Thumb Code    42  greedysnake.o(i.Snake_GameVictory)
    Snake_GenerateFood                       0x08003645   Thumb Code    96  greedysnake.o(i.Snake_GenerateFood)
    Snake_IsDead                             0x080036a5   Thumb Code    96  greedysnake.o(i.Snake_IsDead)
    Snake_Move                               0x08003705   Thumb Code   124  greedysnake.o(i.Snake_Move)
    Snake_PushHead                           0x08003781   Thumb Code    50  greedysnake.o(i.Snake_PushHead)
    SysTick_Handler                          0x080037b3   Thumb Code     2  stm32f10x_it.o(i.SysTick_Handler)
    SystemInit                               0x080037b5   Thumb Code    64  system_stm32f10x.o(i.SystemInit)
    TIM1_CC_IRQHandler                       0x080039e9   Thumb Code   224  remote_nec_driver.o(i.TIM1_CC_IRQHandler)
    TIM1_UP_IRQHandler                       0x08003ad5   Thumb Code    62  remote_nec_driver.o(i.TIM1_UP_IRQHandler)
    TIM3_IRQHandler                          0x08003b21   Thumb Code    42  app_timer.o(i.TIM3_IRQHandler)
    TIM_ARRPreloadConfig                     0x08003b55   Thumb Code    24  stm32f10x_tim.o(i.TIM_ARRPreloadConfig)
    TIM_CCxCmd                               0x08003b6d   Thumb Code    22  stm32f10x_tim.o(i.TIM_CCxCmd)
    TIM_ClearFlag                            0x08003b83   Thumb Code     6  stm32f10x_tim.o(i.TIM_ClearFlag)
    TIM_ClearITPendingBit                    0x08003b89   Thumb Code     6  stm32f10x_tim.o(i.TIM_ClearITPendingBit)
    TIM_Cmd                                  0x08003b8f   Thumb Code    24  stm32f10x_tim.o(i.TIM_Cmd)
    TIM_GenerateEvent                        0x08003ba7   Thumb Code     4  stm32f10x_tim.o(i.TIM_GenerateEvent)
    TIM_GetCapture1                          0x08003bab   Thumb Code     4  stm32f10x_tim.o(i.TIM_GetCapture1)
    TIM_GetCounter                           0x08003baf   Thumb Code     4  stm32f10x_tim.o(i.TIM_GetCounter)
    TIM_GetFlagStatus                        0x08003bb3   Thumb Code    14  stm32f10x_tim.o(i.TIM_GetFlagStatus)
    TIM_GetITStatus                          0x08003bc1   Thumb Code    24  stm32f10x_tim.o(i.TIM_GetITStatus)
    TIM_ICInit                               0x08003bd9   Thumb Code   122  stm32f10x_tim.o(i.TIM_ICInit)
    TIM_ITConfig                             0x08003c65   Thumb Code    20  stm32f10x_tim.o(i.TIM_ITConfig)
    TIM_InternalClockConfig                  0x08003c79   Thumb Code    10  stm32f10x_tim.o(i.TIM_InternalClockConfig)
    TIM_OC1Init                              0x08003c85   Thumb Code   114  stm32f10x_tim.o(i.TIM_OC1Init)
    TIM_OC2Init                              0x08003d0d   Thumb Code   128  stm32f10x_tim.o(i.TIM_OC2Init)
    TIM_OC3Init                              0x08003d95   Thumb Code   124  stm32f10x_tim.o(i.TIM_OC3Init)
    TIM_OCStructInit                         0x08003e19   Thumb Code    20  stm32f10x_tim.o(i.TIM_OCStructInit)
    TIM_SelectHallSensor                     0x08003e2d   Thumb Code    24  stm32f10x_tim.o(i.TIM_SelectHallSensor)
    TIM_SetClockDivision                     0x08003e45   Thumb Code    16  stm32f10x_tim.o(i.TIM_SetClockDivision)
    TIM_SetCompare1                          0x08003e55   Thumb Code     4  stm32f10x_tim.o(i.TIM_SetCompare1)
    TIM_SetCompare2                          0x08003e59   Thumb Code     4  stm32f10x_tim.o(i.TIM_SetCompare2)
    TIM_SetCompare3                          0x08003e5d   Thumb Code     4  stm32f10x_tim.o(i.TIM_SetCompare3)
    TIM_SetIC1Prescaler                      0x08003e61   Thumb Code    16  stm32f10x_tim.o(i.TIM_SetIC1Prescaler)
    TIM_SetIC2Prescaler                      0x08003e71   Thumb Code    24  stm32f10x_tim.o(i.TIM_SetIC2Prescaler)
    TIM_SetIC3Prescaler                      0x08003e89   Thumb Code    16  stm32f10x_tim.o(i.TIM_SetIC3Prescaler)
    TIM_SetIC4Prescaler                      0x08003e99   Thumb Code    24  stm32f10x_tim.o(i.TIM_SetIC4Prescaler)
    TIM_TimeBaseInit                         0x08003eb1   Thumb Code   114  stm32f10x_tim.o(i.TIM_TimeBaseInit)
    USART3_IRQHandler                        0x08003f4d   Thumb Code    36  usart_frame_handler.o(i.USART3_IRQHandler)
    USART_GetITStatus                        0x08003f75   Thumb Code    64  stm32f10x_usart.o(i.USART_GetITStatus)
    USART_ProcessByte                        0x08003fb5   Thumb Code   112  usart_frame_handler.o(i.USART_ProcessByte)
    USART_ReceiveData                        0x0800402d   Thumb Code     8  stm32f10x_usart.o(i.USART_ReceiveData)
    UsageFault_Handler                       0x08004035   Thumb Code     2  stm32f10x_it.o(i.UsageFault_Handler)
    __0vsprintf                              0x08004039   Thumb Code    30  printfa.o(i.__0vsprintf)
    __1vsprintf                              0x08004039   Thumb Code     0  printfa.o(i.__0vsprintf)
    __2vsprintf                              0x08004039   Thumb Code     0  printfa.o(i.__0vsprintf)
    __c89vsprintf                            0x08004039   Thumb Code     0  printfa.o(i.__0vsprintf)
    vsprintf                                 0x08004039   Thumb Code     0  printfa.o(i.__0vsprintf)
    __scatterload_copy                       0x0800405d   Thumb Code    14  handlers.o(i.__scatterload_copy)
    __scatterload_null                       0x0800406b   Thumb Code     2  handlers.o(i.__scatterload_null)
    __scatterload_zeroinit                   0x0800406d   Thumb Code    14  handlers.o(i.__scatterload_zeroinit)
    main                                     0x08004911   Thumb Code   122  main.o(i.main)
    ps2_ADCInit                              0x08004991   Thumb Code   262  ps2_adc_dma.o(i.ps2_ADCInit)
    key_map                                  0x08004aa8   Data          40  contact.o(.constdata)
    OLED_F8x16                               0x08004ad0   Data        1520  oled_data.o(.constdata)
    OLED_F6x8                                0x080050c0   Data         570  oled_data.o(.constdata)
    OLED_CF16x16                             0x080052fa   Data        1702  oled_data.o(.constdata)
    Region$$Table$$Base                      0x08005a08   Number         0  anon$$obj.o(Region$$Table)
    Region$$Table$$Limit                     0x08005a28   Number         0  anon$$obj.o(Region$$Table)
    Now                                      0x20000000   Data           8  main.o(.data)
    Last                                     0x20000008   Data           8  main.o(.data)
    Time                                     0x20000010   Data           8  main.o(.data)
    IR_Sta                                   0x20000018   Data           1  remote_nec_driver.o(.data)
    IR_Up                                    0x20000019   Data           1  remote_nec_driver.o(.data)
    IR_PulseCnt                              0x2000001a   Data           1  remote_nec_driver.o(.data)
    IR_Data                                  0x2000001b   Data           1  remote_nec_driver.o(.data)
    IR_Flag                                  0x2000001c   Data           1  remote_nec_driver.o(.data)
    IR_ThisPulse                             0x2000001e   Data           2  remote_nec_driver.o(.data)
    IR_LastPulse                             0x20000020   Data           2  remote_nec_driver.o(.data)
    IR_PulseSub                              0x20000022   Data           2  remote_nec_driver.o(.data)
    LianfaCnt                                0x20000024   Data           2  remote_nec_driver.o(.data)
    IR_Code                                  0x20000028   Data           4  remote_nec_driver.o(.data)
    IR_Key                                   0x2000002c   Data           4  remote_nec_driver.o(.data)
    Key_arr                                  0x20000030   Data          36  remote_nec_driver.o(.data)
    Menu_Flag                                0x20000054   Data           1  menu.o(.data)
    GuessNum_Flag                            0x20000074   Data           1  guessnum.o(.data)
    GuessMine_Flag                           0x2000007c   Data           1  guessmine.o(.data)
    Contact_Flag                             0x20000088   Data           1  contact.o(.data)
    SnakeState_Flag                          0x20000098   Data           1  greedysnake.o(.data)
    LED_Blink_Flag                           0x200000b0   Data           1  led_blink.o(.data)
    Arm_Flag                                 0x200000c0   Data           1  arm_control.o(.data)
    PS2_AD                                   0x200000c2   Data           8  ps2_adc_dma.o(.data)
    Rtctime                                  0x200000ca   Data           8  rtc_driver.o(.data)
    Alarm_Flag                               0x200000d9   Data           1  alarm.o(.data)
    Alarm_count                              0x200000e2   Data           2  alarm.o(.data)
    Set_AlarmTime                            0x200000e4   Data           3  alarm.o(.data)
    Alarm                                    0x200000f0   Data           8  alarm.o(.data)
    PS2_KeyFlag                              0x200000f8   Data           1  ps2_key.o(.data)
    ESP32_Rx_Flag                            0x200000f9   Data           1  usart_frame_handler.o(.data)
    ServoAngles                              0x200007a4   Data          16  arm_control.o(.bss)
    OLED_DisplayBuf                          0x200007d6   Data        1024  oled.o(.bss)
    __initial_sp                             0x20001c08   Data           0  startup_stm32f10x_md.o(STACK)



==============================================================================

Memory Map of the image

  Image Entry point : 0x080000ed

  Load Region LR_IROM1 (Base: 0x08000000, Size: 0x00005b28, Max: 0x00010000, ABSOLUTE)

    Execution Region ER_IROM1 (Exec base: 0x08000000, Load base: 0x08000000, Size: 0x00005a28, Max: 0x00010000, ABSOLUTE)

    Exec Addr    Load Addr    Size         Type   Attr      Idx    E Section Name        Object

    0x08000000   0x08000000   0x000000ec   Data   RO         1209    RESET               startup_stm32f10x_md.o
    0x080000ec   0x080000ec   0x00000000   Code   RO         4780  * .ARM.Collect$$$$00000000  mc_w.l(entry.o)
    0x080000ec   0x080000ec   0x00000004   Code   RO         4890    .ARM.Collect$$$$00000001  mc_w.l(entry2.o)
    0x080000f0   0x080000f0   0x00000004   Code   RO         4893    .ARM.Collect$$$$00000004  mc_w.l(entry5.o)
    0x080000f4   0x080000f4   0x00000000   Code   RO         4895    .ARM.Collect$$$$00000008  mc_w.l(entry7b.o)
    0x080000f4   0x080000f4   0x00000000   Code   RO         4897    .ARM.Collect$$$$0000000A  mc_w.l(entry8b.o)
    0x080000f4   0x080000f4   0x00000008   Code   RO         4898    .ARM.Collect$$$$0000000B  mc_w.l(entry9a.o)
    0x080000fc   0x080000fc   0x00000004   Code   RO         4905    .ARM.Collect$$$$0000000E  mc_w.l(entry12b.o)
    0x08000100   0x08000100   0x00000000   Code   RO         4900    .ARM.Collect$$$$0000000F  mc_w.l(entry10a.o)
    0x08000100   0x08000100   0x00000000   Code   RO         4902    .ARM.Collect$$$$00000011  mc_w.l(entry11a.o)
    0x08000100   0x08000100   0x00000004   Code   RO         4891    .ARM.Collect$$$$00002712  mc_w.l(entry2.o)
    0x08000104   0x08000104   0x00000024   Code   RO         1210    .text               startup_stm32f10x_md.o
    0x08000128   0x08000128   0x00000024   Code   RO         4783    .text               mc_w.l(rand.o)
    0x0800014c   0x0800014c   0x000000a8   Code   RO         4790    .text               mc_w.l(mktime.o)
    0x080001f4   0x080001f4   0x00000024   Code   RO         4793    .text               mc_w.l(memcpya.o)
    0x08000218   0x08000218   0x00000024   Code   RO         4795    .text               mc_w.l(memseta.o)
    0x0800023c   0x0800023c   0x00000018   Code   RO         4797    .text               mc_w.l(strncpy.o)
    0x08000254   0x08000254   0x0000001c   Code   RO         4799    .text               mc_w.l(strcmp.o)
    0x08000270   0x08000270   0x000000b0   Code   RO         4831    .text               mf_w.l(fadd.o)
    0x08000320   0x08000320   0x00000064   Code   RO         4833    .text               mf_w.l(fmul.o)
    0x08000384   0x08000384   0x0000007c   Code   RO         4835    .text               mf_w.l(fdiv.o)
    0x08000400   0x08000400   0x0000014e   Code   RO         4837    .text               mf_w.l(dadd.o)
    0x0800054e   0x0800054e   0x000000e4   Code   RO         4839    .text               mf_w.l(dmul.o)
    0x08000632   0x08000632   0x000000de   Code   RO         4841    .text               mf_w.l(ddiv.o)
    0x08000710   0x08000710   0x00000012   Code   RO         4843    .text               mf_w.l(fflti.o)
    0x08000722   0x08000722   0x0000000a   Code   RO         4845    .text               mf_w.l(ffltui.o)
    0x0800072c   0x0800072c   0x00000028   Code   RO         4851    .text               mf_w.l(ffixui.o)
    0x08000754   0x08000754   0x00000026   Code   RO         4857    .text               mf_w.l(f2d.o)
    0x0800077a   0x0800077a   0x00000002   PAD
    0x0800077c   0x0800077c   0x00000030   Code   RO         4861    .text               mf_w.l(cdrcmple.o)
    0x080007ac   0x080007ac   0x0000002c   Code   RO         4909    .text               mc_w.l(uidiv.o)
    0x080007d8   0x080007d8   0x00000062   Code   RO         4911    .text               mc_w.l(uldiv.o)
    0x0800083a   0x0800083a   0x0000001e   Code   RO         4913    .text               mc_w.l(llshl.o)
    0x08000858   0x08000858   0x00000020   Code   RO         4915    .text               mc_w.l(llushr.o)
    0x08000878   0x08000878   0x00000024   Code   RO         4917    .text               mc_w.l(llsshr.o)
    0x0800089c   0x0800089c   0x0000000c   Code   RO         4919    .text               mc_w.l(localtime_w.o)
    0x080008a8   0x080008a8   0x0000008c   Code   RO         4922    .text               mc_w.l(localtime_i.o)
    0x08000934   0x08000934   0x00000000   Code   RO         4932    .text               mc_w.l(iusefp.o)
    0x08000934   0x08000934   0x0000006e   Code   RO         4933    .text               mf_w.l(fepilogue.o)
    0x080009a2   0x080009a2   0x000000ba   Code   RO         4935    .text               mf_w.l(depilogue.o)
    0x08000a5c   0x08000a5c   0x00000030   Code   RO         4939    .text               mf_w.l(dfixul.o)
    0x08000a8c   0x08000a8c   0x00000024   Code   RO         4945    .text               mc_w.l(init.o)
    0x08000ab0   0x08000ab0   0x00000018   Code   RO         1271    i.ADC_Cmd           stm32f10x_adc.o
    0x08000ac8   0x08000ac8   0x00000018   Code   RO         1272    i.ADC_DMACmd        stm32f10x_adc.o
    0x08000ae0   0x08000ae0   0x0000000e   Code   RO         1279    i.ADC_GetCalibrationStatus  stm32f10x_adc.o
    0x08000aee   0x08000aee   0x0000000e   Code   RO         1285    i.ADC_GetResetCalibrationStatus  stm32f10x_adc.o
    0x08000afc   0x08000afc   0x00000048   Code   RO         1289    i.ADC_Init          stm32f10x_adc.o
    0x08000b44   0x08000b44   0x00000074   Code   RO         1293    i.ADC_RegularChannelConfig  stm32f10x_adc.o
    0x08000bb8   0x08000bb8   0x0000000a   Code   RO         1294    i.ADC_ResetCalibration  stm32f10x_adc.o
    0x08000bc2   0x08000bc2   0x00000018   Code   RO         1296    i.ADC_SoftwareStartConvCmd  stm32f10x_adc.o
    0x08000bda   0x08000bda   0x0000000a   Code   RO         1298    i.ADC_StartCalibration  stm32f10x_adc.o
    0x08000be4   0x08000be4   0x0000003c   Code   RO         1019    i.Alarm_Check       alarm.o
    0x08000c20   0x08000c20   0x0000008c   Code   RO         1020    i.Alarm_Delay       alarm.o
    0x08000cac   0x08000cac   0x00000078   Code   RO         1022    i.Alarm_Proc        alarm.o
    0x08000d24   0x08000d24   0x0000004c   Code   RO         1023    i.Alarm_Ring        alarm.o
    0x08000d70   0x08000d70   0x000000e4   Code   RO         1024    i.Alarm_Show        alarm.o
    0x08000e54   0x08000e54   0x00000034   Code   RO         1025    i.Alarm_Switch      alarm.o
    0x08000e88   0x08000e88   0x0000000c   Code   RO          702    i.App_Timer_GetTick  app_timer.o
    0x08000e94   0x08000e94   0x000000a0   Code   RO          704    i.App_Timer_Init    app_timer.o
    0x08000f34   0x08000f34   0x000000b4   Code   RO          810    i.Arm_CursorSwitch  arm_control.o
    0x08000fe8   0x08000fe8   0x00000138   Code   RO          896    i.Arm_Init          serov_driver.o
    0x08001120   0x08001120   0x000000d8   Code   RO          812    i.Arm_Proc          arm_control.o
    0x080011f8   0x080011f8   0x00000014   Code   RO          813    i.Arm_Reset         arm_control.o
    0x0800120c   0x0800120c   0x0000004c   Code   RO          814    i.Arm_SetBase       arm_control.o
    0x08001258   0x08001258   0x0000004c   Code   RO          815    i.Arm_SetElbow      arm_control.o
    0x080012a4   0x080012a4   0x00000074   Code   RO          816    i.Arm_SetFanSpeed   arm_control.o
    0x08001318   0x08001318   0x0000004c   Code   RO          817    i.Arm_SetShoulder   arm_control.o
    0x08001364   0x08001364   0x000000ac   Code   RO          818    i.Arm_Show_Status   arm_control.o
    0x08001410   0x08001410   0x00000028   Code   RO          819    i.Arm_Update        arm_control.o
    0x08001438   0x08001438   0x00000014   Code   RO         1506    i.BKP_ReadBackupRegister  stm32f10x_bkp.o
    0x0800144c   0x0800144c   0x00000014   Code   RO         1510    i.BKP_WriteBackupRegister  stm32f10x_bkp.o
    0x08001460   0x08001460   0x00000002   Code   RO          247    i.BusFault_Handler  stm32f10x_it.o
    0x08001462   0x08001462   0x00000002   PAD
    0x08001464   0x08001464   0x00000104   Code   RO          322    i.Capture_Config    remote_nec_driver.o
    0x08001568   0x08001568   0x0000005c   Code   RO          536    i.Contact_HomeShow  contact.o
    0x080015c4   0x080015c4   0x00000150   Code   RO          537    i.Contact_Init      contact.o
    0x08001714   0x08001714   0x00000178   Code   RO          538    i.Contact_Proc      contact.o
    0x0800188c   0x0800188c   0x00000044   Code   RO          596    i.CreateMap         greedysnake.o
    0x080018d0   0x080018d0   0x0000001a   Code   RO         2040    i.DMA_Cmd           stm32f10x_dma.o
    0x080018ea   0x080018ea   0x0000003a   Code   RO         2046    i.DMA_Init          stm32f10x_dma.o
    0x08001924   0x08001924   0x00000002   Code   RO          248    i.DebugMon_Handler  stm32f10x_it.o
    0x08001926   0x08001926   0x00000002   PAD
    0x08001928   0x08001928   0x0000003c   Code   RO         1104    i.EXTI15_10_IRQHandler  ps2_key.o
    0x08001964   0x08001964   0x0000000c   Code   RO         2123    i.EXTI_ClearITPendingBit  stm32f10x_exti.o
    0x08001970   0x08001970   0x00000020   Code   RO         2127    i.EXTI_GetITStatus  stm32f10x_exti.o
    0x08001990   0x08001990   0x00000074   Code   RO         2128    i.EXTI_Init         stm32f10x_exti.o
    0x08001a04   0x08001a04   0x00000028   Code   RO         2509    i.GPIO_EXTILineConfig  stm32f10x_gpio.o
    0x08001a2c   0x08001a2c   0x000000a6   Code   RO         2512    i.GPIO_Init         stm32f10x_gpio.o
    0x08001ad2   0x08001ad2   0x0000000e   Code   RO         2516    i.GPIO_ReadInputDataBit  stm32f10x_gpio.o
    0x08001ae0   0x08001ae0   0x00000004   Code   RO         2519    i.GPIO_ResetBits    stm32f10x_gpio.o
    0x08001ae4   0x08001ae4   0x00000004   Code   RO         2520    i.GPIO_SetBits      stm32f10x_gpio.o
    0x08001ae8   0x08001ae8   0x0000000c   Code   RO         2523    i.GPIO_WriteBit     stm32f10x_gpio.o
    0x08001af4   0x08001af4   0x00000030   Code   RO          370    i.GetRandom         menu.o
    0x08001b24   0x08001b24   0x00000020   Code   RO          472    i.Get_CursorToBoard  guessmine.o
    0x08001b44   0x08001b44   0x00000070   Code   RO          420    i.Get_GuessNum      guessnum.o
    0x08001bb4   0x08001bb4   0x000000c0   Code   RO          597    i.GreedySnake_Proc  greedysnake.o
    0x08001c74   0x08001c74   0x000001f8   Code   RO          473    i.GuessMine_Proc    guessmine.o
    0x08001e6c   0x08001e6c   0x0000001c   Code   RO          421    i.GuessNum_Proc     guessnum.o
    0x08001e88   0x08001e88   0x00000040   Code   RO          422    i.GuessNum_Show     guessnum.o
    0x08001ec8   0x08001ec8   0x00000002   Code   RO          249    i.HardFault_Handler  stm32f10x_it.o
    0x08001eca   0x08001eca   0x0000004c   Code   RO          474    i.HasMine           guessmine.o
    0x08001f16   0x08001f16   0x00000002   PAD
    0x08001f18   0x08001f18   0x000000a8   Code   RO          423    i.HighLow           guessnum.o
    0x08001fc0   0x08001fc0   0x0000002c   Code   RO          323    i.IR_GetKey         remote_nec_driver.o
    0x08001fec   0x08001fec   0x000000e4   Code   RO          539    i.Input_Char        contact.o
    0x080020d0   0x080020d0   0x0000004c   Code   RO          540    i.Input_State       contact.o
    0x0800211c   0x0800211c   0x0000007c   Code   RO          756    i.LED_Flicker_Proc  led_blink.o
    0x08002198   0x08002198   0x00000028   Code   RO          757    i.LED_Shwo          led_blink.o
    0x080021c0   0x080021c0   0x00000038   Code   RO          758    i.Led_BlinkInit     led_blink.o
    0x080021f8   0x080021f8   0x0000005c   Code   RO          759    i.Led_Blink_Proc    led_blink.o
    0x08002254   0x08002254   0x00000012   Code   RO          760    i.Led_GetKey_Num    led_blink.o
    0x08002266   0x08002266   0x00000002   Code   RO          250    i.MemManage_Handler  stm32f10x_it.o
    0x08002268   0x08002268   0x000000a0   Code   RO          371    i.Menu_HomeShow     menu.o
    0x08002308   0x08002308   0x00000124   Code   RO          372    i.Menu_Proc         menu.o
    0x0800242c   0x0800242c   0x00000038   Code   RO          475    i.MineBoard_Init    guessmine.o
    0x08002464   0x08002464   0x00000022   Code   RO          476    i.Mine_CursorShow   guessmine.o
    0x08002486   0x08002486   0x00000002   PAD
    0x08002488   0x08002488   0x00000038   Code   RO          477    i.Mine_Victory      guessmine.o
    0x080024c0   0x080024c0   0x00000002   Code   RO          251    i.NMI_Handler       stm32f10x_it.o
    0x080024c2   0x080024c2   0x00000002   PAD
    0x080024c4   0x080024c4   0x00000064   Code   RO         1217    i.NVIC_Init         misc.o
    0x08002528   0x08002528   0x000000e4   Code   RO          541    i.Name_HomeShow     contact.o
    0x0800260c   0x0800260c   0x00000028   Code   RO         4460    i.OLED_Clear        oled.o
    0x08002634   0x08002634   0x0000005c   Code   RO         4461    i.OLED_ClearArea    oled.o
    0x08002690   0x08002690   0x0000014c   Code   RO         4465    i.OLED_DrawLine     oled.o
    0x080027dc   0x080027dc   0x00000034   Code   RO         4466    i.OLED_DrawPoint    oled.o
    0x08002810   0x08002810   0x0000007c   Code   RO         4467    i.OLED_DrawRectangle  oled.o
    0x0800288c   0x0800288c   0x0000005c   Code   RO         4469    i.OLED_GPIO_Init    oled.o
    0x080028e8   0x080028e8   0x0000003a   Code   RO         4471    i.OLED_I2C_SendByte  oled.o
    0x08002922   0x08002922   0x0000001e   Code   RO         4472    i.OLED_I2C_Start    oled.o
    0x08002940   0x08002940   0x00000018   Code   RO         4473    i.OLED_I2C_Stop     oled.o
    0x08002958   0x08002958   0x0000009c   Code   RO         4474    i.OLED_Init         oled.o
    0x080029f4   0x080029f4   0x0000002a   Code   RO         4477    i.OLED_Printf       oled.o
    0x08002a1e   0x08002a1e   0x00000002   PAD
    0x08002a20   0x08002a20   0x0000005c   Code   RO         4479    i.OLED_ReverseArea  oled.o
    0x08002a7c   0x08002a7c   0x00000022   Code   RO         4480    i.OLED_SetCursor    oled.o
    0x08002a9e   0x08002a9e   0x00000002   PAD
    0x08002aa0   0x08002aa0   0x0000003c   Code   RO         4482    i.OLED_ShowChar     oled.o
    0x08002adc   0x08002adc   0x000000b4   Code   RO         4485    i.OLED_ShowImage    oled.o
    0x08002b90   0x08002b90   0x00000188   Code   RO         4488    i.OLED_ShowString   oled.o
    0x08002d18   0x08002d18   0x00000028   Code   RO         4489    i.OLED_Update       oled.o
    0x08002d40   0x08002d40   0x00000068   Code   RO         4490    i.OLED_UpdateArea   oled.o
    0x08002da8   0x08002da8   0x00000010   Code   RO         4491    i.OLED_W_SCL        oled.o
    0x08002db8   0x08002db8   0x00000010   Code   RO         4492    i.OLED_W_SDA        oled.o
    0x08002dc8   0x08002dc8   0x00000022   Code   RO         4493    i.OLED_WriteCommand  oled.o
    0x08002dea   0x08002dea   0x00000030   Code   RO         4494    i.OLED_WriteData    oled.o
    0x08002e1a   0x08002e1a   0x0000000a   Code   RO          897    i.PWM_SetCompare1   serov_driver.o
    0x08002e24   0x08002e24   0x0000000a   Code   RO          898    i.PWM_SetCompare2   serov_driver.o
    0x08002e2e   0x08002e2e   0x0000000a   Code   RO          899    i.PWM_SetCompare3   serov_driver.o
    0x08002e38   0x08002e38   0x0000000c   Code   RO          900    i.PWM_SetCompare4   serov_driver.o
    0x08002e44   0x08002e44   0x0000000c   Code   RO         2902    i.PWR_BackupAccessCmd  stm32f10x_pwr.o
    0x08002e50   0x08002e50   0x00000002   Code   RO          252    i.PendSV_Handler    stm32f10x_it.o
    0x08002e52   0x08002e52   0x00000002   PAD
    0x08002e54   0x08002e54   0x00000090   Code   RO         1105    i.Ps2_KeyInit       ps2_key.o
    0x08002ee4   0x08002ee4   0x00000014   Code   RO         2974    i.RCC_ADCCLKConfig  stm32f10x_rcc.o
    0x08002ef8   0x08002ef8   0x0000001c   Code   RO         2975    i.RCC_AHBPeriphClockCmd  stm32f10x_rcc.o
    0x08002f14   0x08002f14   0x0000001c   Code   RO         2976    i.RCC_APB1PeriphClockCmd  stm32f10x_rcc.o
    0x08002f30   0x08002f30   0x0000001c   Code   RO         2977    i.RCC_APB1PeriphResetCmd  stm32f10x_rcc.o
    0x08002f4c   0x08002f4c   0x0000001c   Code   RO         2978    i.RCC_APB2PeriphClockCmd  stm32f10x_rcc.o
    0x08002f68   0x08002f68   0x0000001c   Code   RO         2979    i.RCC_APB2PeriphResetCmd  stm32f10x_rcc.o
    0x08002f84   0x08002f84   0x00000030   Code   RO         2987    i.RCC_GetFlagStatus  stm32f10x_rcc.o
    0x08002fb4   0x08002fb4   0x00000028   Code   RO         2994    i.RCC_LSEConfig     stm32f10x_rcc.o
    0x08002fdc   0x08002fdc   0x0000000c   Code   RO         3001    i.RCC_RTCCLKCmd     stm32f10x_rcc.o
    0x08002fe8   0x08002fe8   0x00000010   Code   RO         3002    i.RCC_RTCCLKConfig  stm32f10x_rcc.o
    0x08002ff8   0x08002ff8   0x00000010   Code   RO         3188    i.RTC_EnterConfigMode  stm32f10x_rtc.o
    0x08003008   0x08003008   0x00000010   Code   RO         3189    i.RTC_ExitConfigMode  stm32f10x_rtc.o
    0x08003018   0x08003018   0x00000020   Code   RO         3190    i.RTC_GetCounter    stm32f10x_rtc.o
    0x08003038   0x08003038   0x00000048   Code   RO          974    i.RTC_ReadTime      rtc_driver.o
    0x08003080   0x08003080   0x00000020   Code   RO         3196    i.RTC_SetCounter    stm32f10x_rtc.o
    0x080030a0   0x080030a0   0x00000020   Code   RO         3197    i.RTC_SetPrescaler  stm32f10x_rtc.o
    0x080030c0   0x080030c0   0x00000040   Code   RO          975    i.RTC_SetTime       rtc_driver.o
    0x08003100   0x08003100   0x00000010   Code   RO         3198    i.RTC_WaitForLastTask  stm32f10x_rtc.o
    0x08003110   0x08003110   0x00000018   Code   RO         3199    i.RTC_WaitForSynchro  stm32f10x_rtc.o
    0x08003128   0x08003128   0x00000078   Code   RO          976    i.Rtc_Init          rtc_driver.o
    0x080031a0   0x080031a0   0x00000002   Code   RO          253    i.SVC_Handler       stm32f10x_it.o
    0x080031a2   0x080031a2   0x00000004   Code   RO          201    i.SetSysClock       system_stm32f10x.o
    0x080031a6   0x080031a6   0x00000002   PAD
    0x080031a8   0x080031a8   0x000000b0   Code   RO          202    i.SetSysClockTo72   system_stm32f10x.o
    0x08003258   0x08003258   0x00000148   Code   RO         1027    i.Set_Alarm         alarm.o
    0x080033a0   0x080033a0   0x00000128   Code   RO         1028    i.Set_RTC_Time      alarm.o
    0x080034c8   0x080034c8   0x00000008   Code   RO          598    i.SnakeDeInit       greedysnake.o
    0x080034d0   0x080034d0   0x00000028   Code   RO          599    i.SnakeGame_Init    greedysnake.o
    0x080034f8   0x080034f8   0x00000016   Code   RO          600    i.SnakeInit         greedysnake.o
    0x0800350e   0x0800350e   0x00000098   Code   RO          601    i.Snake_CreateTmp   greedysnake.o
    0x080035a6   0x080035a6   0x0000001e   Code   RO          602    i.Snake_DeleteTail  greedysnake.o
    0x080035c4   0x080035c4   0x00000040   Code   RO          603    i.Snake_GameOver    greedysnake.o
    0x08003604   0x08003604   0x00000040   Code   RO          604    i.Snake_GameVictory  greedysnake.o
    0x08003644   0x08003644   0x00000060   Code   RO          605    i.Snake_GenerateFood  greedysnake.o
    0x080036a4   0x080036a4   0x00000060   Code   RO          606    i.Snake_IsDead      greedysnake.o
    0x08003704   0x08003704   0x0000007c   Code   RO          607    i.Snake_Move        greedysnake.o
    0x08003780   0x08003780   0x00000032   Code   RO          608    i.Snake_PushHead    greedysnake.o
    0x080037b2   0x080037b2   0x00000002   Code   RO          254    i.SysTick_Handler   stm32f10x_it.o
    0x080037b4   0x080037b4   0x00000050   Code   RO          204    i.SystemInit        system_stm32f10x.o
    0x08003804   0x08003804   0x00000074   Code   RO         3642    i.TI1_Config        stm32f10x_tim.o
    0x08003878   0x08003878   0x0000007c   Code   RO         3643    i.TI2_Config        stm32f10x_tim.o
    0x080038f4   0x080038f4   0x00000078   Code   RO         3644    i.TI3_Config        stm32f10x_tim.o
    0x0800396c   0x0800396c   0x0000007c   Code   RO         3645    i.TI4_Config        stm32f10x_tim.o
    0x080039e8   0x080039e8   0x000000ec   Code   RO          324    i.TIM1_CC_IRQHandler  remote_nec_driver.o
    0x08003ad4   0x08003ad4   0x0000004c   Code   RO          325    i.TIM1_UP_IRQHandler  remote_nec_driver.o
    0x08003b20   0x08003b20   0x00000034   Code   RO          705    i.TIM3_IRQHandler   app_timer.o
    0x08003b54   0x08003b54   0x00000018   Code   RO         3646    i.TIM_ARRPreloadConfig  stm32f10x_tim.o
    0x08003b6c   0x08003b6c   0x00000016   Code   RO         3650    i.TIM_CCxCmd        stm32f10x_tim.o
    0x08003b82   0x08003b82   0x00000006   Code   RO         3652    i.TIM_ClearFlag     stm32f10x_tim.o
    0x08003b88   0x08003b88   0x00000006   Code   RO         3653    i.TIM_ClearITPendingBit  stm32f10x_tim.o
    0x08003b8e   0x08003b8e   0x00000018   Code   RO         3658    i.TIM_Cmd           stm32f10x_tim.o
    0x08003ba6   0x08003ba6   0x00000004   Code   RO         3672    i.TIM_GenerateEvent  stm32f10x_tim.o
    0x08003baa   0x08003baa   0x00000004   Code   RO         3673    i.TIM_GetCapture1   stm32f10x_tim.o
    0x08003bae   0x08003bae   0x00000004   Code   RO         3677    i.TIM_GetCounter    stm32f10x_tim.o
    0x08003bb2   0x08003bb2   0x0000000e   Code   RO         3678    i.TIM_GetFlagStatus  stm32f10x_tim.o
    0x08003bc0   0x08003bc0   0x00000018   Code   RO         3679    i.TIM_GetITStatus   stm32f10x_tim.o
    0x08003bd8   0x08003bd8   0x0000008c   Code   RO         3681    i.TIM_ICInit        stm32f10x_tim.o
    0x08003c64   0x08003c64   0x00000014   Code   RO         3683    i.TIM_ITConfig      stm32f10x_tim.o
    0x08003c78   0x08003c78   0x0000000a   Code   RO         3685    i.TIM_InternalClockConfig  stm32f10x_tim.o
    0x08003c82   0x08003c82   0x00000002   PAD
    0x08003c84   0x08003c84   0x00000088   Code   RO         3687    i.TIM_OC1Init       stm32f10x_tim.o
    0x08003d0c   0x08003d0c   0x00000088   Code   RO         3692    i.TIM_OC2Init       stm32f10x_tim.o
    0x08003d94   0x08003d94   0x00000084   Code   RO         3697    i.TIM_OC3Init       stm32f10x_tim.o
    0x08003e18   0x08003e18   0x00000014   Code   RO         3705    i.TIM_OCStructInit  stm32f10x_tim.o
    0x08003e2c   0x08003e2c   0x00000018   Code   RO         3710    i.TIM_SelectHallSensor  stm32f10x_tim.o
    0x08003e44   0x08003e44   0x00000010   Code   RO         3718    i.TIM_SetClockDivision  stm32f10x_tim.o
    0x08003e54   0x08003e54   0x00000004   Code   RO         3719    i.TIM_SetCompare1   stm32f10x_tim.o
    0x08003e58   0x08003e58   0x00000004   Code   RO         3720    i.TIM_SetCompare2   stm32f10x_tim.o
    0x08003e5c   0x08003e5c   0x00000004   Code   RO         3721    i.TIM_SetCompare3   stm32f10x_tim.o
    0x08003e60   0x08003e60   0x00000010   Code   RO         3724    i.TIM_SetIC1Prescaler  stm32f10x_tim.o
    0x08003e70   0x08003e70   0x00000018   Code   RO         3725    i.TIM_SetIC2Prescaler  stm32f10x_tim.o
    0x08003e88   0x08003e88   0x00000010   Code   RO         3726    i.TIM_SetIC3Prescaler  stm32f10x_tim.o
    0x08003e98   0x08003e98   0x00000018   Code   RO         3727    i.TIM_SetIC4Prescaler  stm32f10x_tim.o
    0x08003eb0   0x08003eb0   0x0000009c   Code   RO         3729    i.TIM_TimeBaseInit  stm32f10x_tim.o
    0x08003f4c   0x08003f4c   0x00000028   Code   RO         1140    i.USART3_IRQHandler  usart_frame_handler.o
    0x08003f74   0x08003f74   0x00000040   Code   RO         4210    i.USART_GetITStatus  stm32f10x_usart.o
    0x08003fb4   0x08003fb4   0x00000078   Code   RO         1141    i.USART_ProcessByte  usart_frame_handler.o
    0x0800402c   0x0800402c   0x00000008   Code   RO         4220    i.USART_ReceiveData  stm32f10x_usart.o
    0x08004034   0x08004034   0x00000002   Code   RO          255    i.UsageFault_Handler  stm32f10x_it.o
    0x08004036   0x08004036   0x00000002   PAD
    0x08004038   0x08004038   0x00000024   Code   RO         4810    i.__0vsprintf       mc_w.l(printfa.o)
    0x0800405c   0x0800405c   0x0000000e   Code   RO         4953    i.__scatterload_copy  mc_w.l(handlers.o)
    0x0800406a   0x0800406a   0x00000002   Code   RO         4954    i.__scatterload_null  mc_w.l(handlers.o)
    0x0800406c   0x0800406c   0x0000000e   Code   RO         4955    i.__scatterload_zeroinit  mc_w.l(handlers.o)
    0x0800407a   0x0800407a   0x00000002   PAD
    0x0800407c   0x0800407c   0x00000184   Code   RO         4811    i._fp_digits        mc_w.l(printfa.o)
    0x08004200   0x08004200   0x000006b4   Code   RO         4812    i._printf_core      mc_w.l(printfa.o)
    0x080048b4   0x080048b4   0x00000024   Code   RO         4813    i._printf_post_padding  mc_w.l(printfa.o)
    0x080048d8   0x080048d8   0x0000002e   Code   RO         4814    i._printf_pre_padding  mc_w.l(printfa.o)
    0x08004906   0x08004906   0x0000000a   Code   RO         4816    i._sputc            mc_w.l(printfa.o)
    0x08004910   0x08004910   0x00000080   Code   RO            4    i.main              main.o
    0x08004990   0x08004990   0x00000118   Code   RO          944    i.ps2_ADCInit       ps2_adc_dma.o
    0x08004aa8   0x08004aa8   0x00000028   Data   RO          543    .constdata          contact.o
    0x08004ad0   0x08004ad0   0x000005f0   Data   RO         4708    .constdata          oled_data.o
    0x080050c0   0x080050c0   0x0000023a   Data   RO         4709    .constdata          oled_data.o
    0x080052fa   0x080052fa   0x000006a6   Data   RO         4710    .constdata          oled_data.o
    0x080059a0   0x080059a0   0x0000000c   Data   RO         4791    .constdata          mc_w.l(mktime.o)
    0x080059ac   0x080059ac   0x0000000c   Data   RO         4923    .constdata          mc_w.l(localtime_i.o)
    0x080059b8   0x080059b8   0x00000050   Data   RO          373    .conststring        menu.o
    0x08005a08   0x08005a08   0x00000020   Data   RO         4951    Region$$Table       anon$$obj.o


    Execution Region RW_IRAM1 (Exec base: 0x20000000, Load base: 0x08005a28, Size: 0x00001c08, Max: 0x00005000, ABSOLUTE)

    Exec Addr    Load Addr    Size         Type   Attr      Idx    E Section Name        Object

    0x20000000   0x08005a28   0x00000018   Data   RW            5    .data               main.o
    0x20000018   0x08005a40   0x0000003c   Data   RW          326    .data               remote_nec_driver.o
    0x20000054   0x08005a7c   0x00000020   Data   RW          374    .data               menu.o
    0x20000074   0x08005a9c   0x00000008   Data   RW          424    .data               guessnum.o
    0x2000007c   0x08005aa4   0x0000000c   Data   RW          479    .data               guessmine.o
    0x20000088   0x08005ab0   0x00000009   Data   RW          544    .data               contact.o
    0x20000091   0x08005ab9   0x00000007   PAD
    0x20000098   0x08005ac0   0x00000010   Data   RW          610    .data               greedysnake.o
    0x200000a8   0x08005ad0   0x00000008   Data   RW          706    .data               app_timer.o
    0x200000b0   0x08005ad8   0x00000010   Data   RW          761    .data               led_blink.o
    0x200000c0   0x08005ae8   0x00000002   Data   RW          821    .data               arm_control.o
    0x200000c2   0x08005aea   0x00000008   Data   RW          945    .data               ps2_adc_dma.o
    0x200000ca   0x08005af2   0x00000008   Data   RW          977    .data               rtc_driver.o
    0x200000d2   0x08005afa   0x00000006   PAD
    0x200000d8   0x08005b00   0x00000020   Data   RW         1030    .data               alarm.o
    0x200000f8   0x08005b20   0x00000001   Data   RW         1106    .data               ps2_key.o
    0x200000f9   0x08005b21   0x00000001   Data   RW         1144    .data               usart_frame_handler.o
    0x200000fa   0x08005b22   0x00000002   PAD
    0x200000fc   0x08005b24   0x00000004   Data   RW         4784    .data               mc_w.l(rand.o)
    0x20000100        -       0x000001cc   Zero   RW          478    .bss                guessmine.o
    0x200002cc        -       0x00000175   Zero   RW          542    .bss                contact.o
    0x20000441   0x08005b28   0x00000003   PAD
    0x20000444        -       0x00000360   Zero   RW          609    .bss                greedysnake.o
    0x200007a4        -       0x00000010   Zero   RW          820    .bss                arm_control.o
    0x200007b4        -       0x00000018   Zero   RW         1029    .bss                alarm.o
    0x200007cc        -       0x0000000a   Zero   RW         1143    .bss                usart_frame_handler.o
    0x200007d6        -       0x00000400   Zero   RW         4496    .bss                oled.o
    0x20000bd6   0x08005b28   0x00000002   PAD
    0x20000bd8        -       0x0000002c   Zero   RW         4920    .bss                mc_w.l(localtime_w.o)
    0x20000c04   0x08005b28   0x00000004   PAD
    0x20000c08        -       0x00001000   Zero   RW         1207    STACK               startup_stm32f10x_md.o


==============================================================================

Image component sizes


      Code (inc. data)   RO Data    RW Data    ZI Data      Debug   Object Name

      1300        160          0         32         24       5390   alarm.o
       224         20          0          8          0       2059   app_timer.o
       972        174          0          2         16       5268   arm_control.o
      1336        236         40          9        373       5084   contact.o
      1006         60          0         16        864       9093   greedysnake.o
       758         78          0         12        460       4214   guessmine.o
       372         78          0          8          0       2229   guessnum.o
       330         28          0         16          0       3289   led_blink.o
       128          6          0         24          0     267807   main.o
       500         98         80         32          0       2840   menu.o
       100          4          0          0          0       1156   misc.o
      2058         66          0          0       1024      15628   oled.o
         0          0       3792          0          0       1154   oled_data.o
       280         18          0          8          0       1271   ps2_adc_dma.o
       204         10          0          1          0       1259   ps2_key.o
       616         40          0         60          0       4025   remote_nec_driver.o
       256         10          0          8          0       3138   rtc_driver.o
       354         18          0          0          0       2519   serov_driver.o
        36          8        236          0       4096        776   startup_stm32f10x_md.o
       308         10          0          0          0       7629   stm32f10x_adc.o
        40         12          0          0          0       2239   stm32f10x_bkp.o
        84          0          0          0          0       2877   stm32f10x_dma.o
       160         16          0          0          0       2296   stm32f10x_exti.o
       240          6          0          0          0       4954   stm32f10x_gpio.o
        18          0          0          0          0       3610   stm32f10x_it.o
        12          6          0          0          0        490   stm32f10x_pwr.o
       276         60          0          0          0       5582   stm32f10x_rcc.o
       168         34          0          0          0       3559   stm32f10x_rtc.o
      1498        186          0          0          0      19965   stm32f10x_tim.o
        72          0          0          0          0       2928   stm32f10x_usart.o
       260         26          0          0          0       1881   system_stm32f10x.o
       160         12          0          1         10       2252   usart_frame_handler.o

    ----------------------------------------------------------------------
     14148       1480       4180        252       6872     398461   Object Totals
         0          0         32          0          0          0   (incl. Generated)
        22          0          0         15          5          0   (incl. Padding)

    ----------------------------------------------------------------------

      Code (inc. data)   RO Data    RW Data    ZI Data      Debug   Library Member Name

         0          0          0          0          0          0   entry.o
         0          0          0          0          0          0   entry10a.o
         0          0          0          0          0          0   entry11a.o
         4          0          0          0          0          0   entry12b.o
         8          4          0          0          0          0   entry2.o
         4          0          0          0          0          0   entry5.o
         0          0          0          0          0          0   entry7b.o
         0          0          0          0          0          0   entry8b.o
         8          4          0          0          0          0   entry9a.o
        30          0          0          0          0          0   handlers.o
        36          8          0          0          0         68   init.o
         0          0          0          0          0          0   iusefp.o
        30          0          0          0          0         68   llshl.o
        36          0          0          0          0         68   llsshr.o
        32          0          0          0          0         68   llushr.o
       140          6         12          0          0         76   localtime_i.o
        12          6          0          0         44         68   localtime_w.o
        36          0          0          0          0         68   memcpya.o
        36          0          0          0          0        108   memseta.o
       168         18         12          0          0         80   mktime.o
      2232         86          0          0          0        528   printfa.o
        36         10          0          4          0        136   rand.o
        28          0          0          0          0         76   strcmp.o
        24          0          0          0          0         76   strncpy.o
        44          0          0          0          0         80   uidiv.o
        98          0          0          0          0         92   uldiv.o
        48          0          0          0          0         68   cdrcmple.o
       334          0          0          0          0        148   dadd.o
       222          0          0          0          0        100   ddiv.o
       186          0          0          0          0        176   depilogue.o
        48          0          0          0          0         68   dfixul.o
       228          0          0          0          0         96   dmul.o
        38          0          0          0          0         68   f2d.o
       176          0          0          0          0        140   fadd.o
       124          0          0          0          0         88   fdiv.o
       110          0          0          0          0        168   fepilogue.o
        40          0          0          0          0         68   ffixui.o
        18          0          0          0          0         68   fflti.o
        10          0          0          0          0         68   ffltui.o
       100          0          0          0          0         76   fmul.o

    ----------------------------------------------------------------------
      4728        142         24          4         48       3060   Library Totals
         4          0          0          0          4          0   (incl. Padding)

    ----------------------------------------------------------------------

      Code (inc. data)   RO Data    RW Data    ZI Data      Debug   Library Name

      3042        142         24          4         44       1660   mc_w.l
      1682          0          0          0          0       1400   mf_w.l

    ----------------------------------------------------------------------
      4728        142         24          4         48       3060   Library Totals

    ----------------------------------------------------------------------

==============================================================================


      Code (inc. data)   RO Data    RW Data    ZI Data      Debug   

     18876       1622       4204        256       6920     390753   Grand Totals
     18876       1622       4204        256       6920     390753   ELF Image Totals
     18876       1622       4204        256          0          0   ROM Totals

==============================================================================

    Total RO  Size (Code + RO Data)                23080 (  22.54kB)
    Total RW  Size (RW Data + ZI Data)              7176 (   7.01kB)
    Total ROM Size (Code + RO Data + RW Data)      23336 (  22.79kB)

==============================================================================

