<!doctype html public "-//w3c//dtd html 4.0 transitional//en">
<html><head>
<title>Static Call Graph - [.\Objects\template.axf]</title></head>
<body><HR>
<H1>Static Call Graph for image .\Objects\template.axf</H1><HR>
<BR><P>#&#060CALLGRAPH&#062# ARM Linker, 5060960: Last Updated: Fri Nov 07 15:51:11 2025
<BR><P>
<H3>Maximum Stack Usage =       1312 bytes + Unknown(Cycles, Untraceable Function Pointers)</H3><H3>
Call chain for Maximum Stack Depth:</H3>
GreedySnake_Proc &rArr; Snake_GameVictory &rArr; OLED_Printf &rArr; OLED_ShowString &rArr; OLED_ShowChar &rArr; OLED_ShowImage &rArr; OLED_ClearArea
<P>
<H3>
Mutually Recursive functions
</H3> <LI><a href="#[1c]">ADC1_2_IRQHandler</a>&nbsp;&nbsp;&nbsp;&rArr;&nbsp;&nbsp;&nbsp;<a href="#[1c]">ADC1_2_IRQHandler</a><BR>
</UL>
<P>
<H3>
Function Pointers
</H3><UL>
 <LI><a href="#[1c]">ADC1_2_IRQHandler</a> from startup_stm32f10x_md.o(.text) referenced from startup_stm32f10x_md.o(RESET)
 <LI><a href="#[38]">ActionRum</a> from arm_menu.o(i.ActionRum) referenced from arm_menu.o(i.ActionRum)
 <LI><a href="#[38]">ActionRum</a> from arm_menu.o(i.ActionRum) referenced from arm_menu.o(i.ActionStop)
 <LI><a href="#[38]">ActionRum</a> from arm_menu.o(i.ActionRum) referenced from arm_menu.o(i.Change_Action)
 <LI><a href="#[3d]">Alarm_Check</a> from alarm_clock.o(i.Alarm_Check) referenced from alarm_clock.o(i.Alarm_Check)
 <LI><a href="#[3d]">Alarm_Check</a> from alarm_clock.o(i.Alarm_Check) referenced from alarm_clock.o(i.Alarm_Set)
 <LI><a href="#[3c]">Alarm_Clock_Proc</a> from alarm_clock.o(i.Alarm_Clock_Proc) referenced from menu.o(.data)
 <LI><a href="#[3c]">Alarm_Clock_Proc</a> from alarm_clock.o(i.Alarm_Clock_Proc) referenced from alarm_clock.o(i.Alarm_Clock_Proc)
 <LI><a href="#[3c]">Alarm_Clock_Proc</a> from alarm_clock.o(i.Alarm_Clock_Proc) referenced from alarm_clock.o(i.Alarm_Set)
 <LI><a href="#[3c]">Alarm_Clock_Proc</a> from alarm_clock.o(i.Alarm_Clock_Proc) referenced from alarm_clock.o(i.Buzzer_SetParam)
 <LI><a href="#[3c]">Alarm_Clock_Proc</a> from alarm_clock.o(i.Alarm_Clock_Proc) referenced from alarm_clock.o(i.Time_Set)
 <LI><a href="#[3c]">Alarm_Clock_Proc</a> from alarm_clock.o(i.Alarm_Clock_Proc) referenced from alarm_clock.o(i.menu_selector)
 <LI><a href="#[3b]">Alarm_Set</a> from alarm_clock.o(i.Alarm_Set) referenced from alarm_clock.o(i.Alarm_Set)
 <LI><a href="#[3b]">Alarm_Set</a> from alarm_clock.o(i.Alarm_Set) referenced from alarm_clock.o(i.menu_selector)
 <LI><a href="#[3e]">ArmMenu_Proc</a> from arm_menu.o(i.ArmMenu_Proc) referenced from menu.o(.data)
 <LI><a href="#[3e]">ArmMenu_Proc</a> from arm_menu.o(i.ArmMenu_Proc) referenced from arm_menu.o(i.ArmMenu_Home)
 <LI><a href="#[3f]">ArmMode_Task</a> from arm_menu.o(i.ArmMode_Task) referenced from arm_menu.o(i.ArmMenu_Init)
 <LI><a href="#[4]">BusFault_Handler</a> from stm32f10x_it.o(i.BusFault_Handler) referenced from startup_stm32f10x_md.o(RESET)
 <LI><a href="#[3a]">Buzzer_Proc</a> from active_buzzer.o(i.Buzzer_Proc) referenced from alarm_clock.o(i.Alarm_Init)
 <LI><a href="#[40]">Buzzer_SetParam</a> from alarm_clock.o(i.Buzzer_SetParam) referenced from alarm_clock.o(i.Buzzer_SetParam)
 <LI><a href="#[40]">Buzzer_SetParam</a> from alarm_clock.o(i.Buzzer_SetParam) referenced from alarm_clock.o(i.menu_selector)
 <LI><a href="#[1f]">CAN1_RX1_IRQHandler</a> from startup_stm32f10x_md.o(.text) referenced from startup_stm32f10x_md.o(RESET)
 <LI><a href="#[20]">CAN1_SCE_IRQHandler</a> from startup_stm32f10x_md.o(.text) referenced from startup_stm32f10x_md.o(RESET)
 <LI><a href="#[48]">Contact_Proc</a> from contact.o(i.Contact_Proc) referenced from menu.o(.data)
 <LI><a href="#[48]">Contact_Proc</a> from contact.o(i.Contact_Proc) referenced 2 times from contact.o(i.Contact_Proc)
 <LI><a href="#[48]">Contact_Proc</a> from contact.o(i.Contact_Proc) referenced from contact.o(i.Name_HomeShow)
 <LI><a href="#[15]">DMA1_Channel1_IRQHandler</a> from startup_stm32f10x_md.o(.text) referenced from startup_stm32f10x_md.o(RESET)
 <LI><a href="#[16]">DMA1_Channel2_IRQHandler</a> from startup_stm32f10x_md.o(.text) referenced from startup_stm32f10x_md.o(RESET)
 <LI><a href="#[17]">DMA1_Channel3_IRQHandler</a> from startup_stm32f10x_md.o(.text) referenced from startup_stm32f10x_md.o(RESET)
 <LI><a href="#[18]">DMA1_Channel4_IRQHandler</a> from startup_stm32f10x_md.o(.text) referenced from startup_stm32f10x_md.o(RESET)
 <LI><a href="#[19]">DMA1_Channel5_IRQHandler</a> from startup_stm32f10x_md.o(.text) referenced from startup_stm32f10x_md.o(RESET)
 <LI><a href="#[1a]">DMA1_Channel6_IRQHandler</a> from startup_stm32f10x_md.o(.text) referenced from startup_stm32f10x_md.o(RESET)
 <LI><a href="#[1b]">DMA1_Channel7_IRQHandler</a> from startup_stm32f10x_md.o(.text) referenced from startup_stm32f10x_md.o(RESET)
 <LI><a href="#[7]">DebugMon_Handler</a> from stm32f10x_it.o(i.DebugMon_Handler) referenced from startup_stm32f10x_md.o(RESET)
 <LI><a href="#[10]">EXTI0_IRQHandler</a> from startup_stm32f10x_md.o(.text) referenced from startup_stm32f10x_md.o(RESET)
 <LI><a href="#[32]">EXTI15_10_IRQHandler</a> from startup_stm32f10x_md.o(.text) referenced from startup_stm32f10x_md.o(RESET)
 <LI><a href="#[11]">EXTI1_IRQHandler</a> from startup_stm32f10x_md.o(.text) referenced from startup_stm32f10x_md.o(RESET)
 <LI><a href="#[12]">EXTI2_IRQHandler</a> from startup_stm32f10x_md.o(.text) referenced from startup_stm32f10x_md.o(RESET)
 <LI><a href="#[13]">EXTI3_IRQHandler</a> from startup_stm32f10x_md.o(.text) referenced from startup_stm32f10x_md.o(RESET)
 <LI><a href="#[14]">EXTI4_IRQHandler</a> from startup_stm32f10x_md.o(.text) referenced from startup_stm32f10x_md.o(RESET)
 <LI><a href="#[21]">EXTI9_5_IRQHandler</a> from startup_stm32f10x_md.o(.text) referenced from startup_stm32f10x_md.o(RESET)
 <LI><a href="#[e]">FLASH_IRQHandler</a> from startup_stm32f10x_md.o(.text) referenced from startup_stm32f10x_md.o(RESET)
 <LI><a href="#[4c]">GreedySnake_Proc</a> from greedysnake.o(i.GreedySnake_Proc) referenced from menu.o(.data)
 <LI><a href="#[4c]">GreedySnake_Proc</a> from greedysnake.o(i.GreedySnake_Proc) referenced from greedysnake.o(i.GreedySnake_Proc)
 <LI><a href="#[4d]">GuessMine_Proc</a> from guessmine.o(i.GuessMine_Proc) referenced from menu.o(.data)
 <LI><a href="#[4d]">GuessMine_Proc</a> from guessmine.o(i.GuessMine_Proc) referenced from guessmine.o(i.GuessMine_Proc)
 <LI><a href="#[4e]">GuessNum_Proc</a> from guessnum.o(i.GuessNum_Proc) referenced from menu.o(.data)
 <LI><a href="#[4e]">GuessNum_Proc</a> from guessnum.o(i.GuessNum_Proc) referenced from guessnum.o(i.GuessNum_Proc)
 <LI><a href="#[2]">HardFault_Handler</a> from stm32f10x_it.o(i.HardFault_Handler) referenced from startup_stm32f10x_md.o(RESET)
 <LI><a href="#[2a]">I2C1_ER_IRQHandler</a> from startup_stm32f10x_md.o(.text) referenced from startup_stm32f10x_md.o(RESET)
 <LI><a href="#[29]">I2C1_EV_IRQHandler</a> from startup_stm32f10x_md.o(.text) referenced from startup_stm32f10x_md.o(RESET)
 <LI><a href="#[2c]">I2C2_ER_IRQHandler</a> from startup_stm32f10x_md.o(.text) referenced from startup_stm32f10x_md.o(RESET)
 <LI><a href="#[2b]">I2C2_EV_IRQHandler</a> from startup_stm32f10x_md.o(.text) referenced from startup_stm32f10x_md.o(RESET)
 <LI><a href="#[42]">Input_Char</a> from contact.o(i.Input_Char) referenced from contact.o(i.Input_Char)
 <LI><a href="#[42]">Input_Char</a> from contact.o(i.Input_Char) referenced from contact.o(i.Name_HomeShow)
 <LI><a href="#[47]">LED_Proc</a> from led_blink.o(i.LED_Proc) referenced from led_frequency.o(i.Led_BlinkInit)
 <LI><a href="#[44]">LedSet_Menu_Proc</a> from led_frequency.o(i.LedSet_Menu_Proc) referenced from menu.o(.data)
 <LI><a href="#[44]">LedSet_Menu_Proc</a> from led_frequency.o(i.LedSet_Menu_Proc) referenced from led_frequency.o(i.LedSet_Menu_Proc)
 <LI><a href="#[44]">LedSet_Menu_Proc</a> from led_frequency.o(i.LedSet_Menu_Proc) referenced from led_frequency.o(i.LedSet_Proc_Cam)
 <LI><a href="#[44]">LedSet_Menu_Proc</a> from led_frequency.o(i.LedSet_Menu_Proc) referenced from led_frequency.o(i.LedSet_Proc_Esp)
 <LI><a href="#[44]">LedSet_Menu_Proc</a> from led_frequency.o(i.LedSet_Menu_Proc) referenced from led_frequency.o(i.LedSet_Proc_Stm)
 <LI><a href="#[44]">LedSet_Menu_Proc</a> from led_frequency.o(i.LedSet_Menu_Proc) referenced from led_frequency.o(i.menu_selector)
 <LI><a href="#[43]">LedSet_Proc_Cam</a> from led_frequency.o(i.LedSet_Proc_Cam) referenced from led_frequency.o(i.LedSet_Proc_Cam)
 <LI><a href="#[43]">LedSet_Proc_Cam</a> from led_frequency.o(i.LedSet_Proc_Cam) referenced from led_frequency.o(i.menu_selector)
 <LI><a href="#[45]">LedSet_Proc_Esp</a> from led_frequency.o(i.LedSet_Proc_Esp) referenced from led_frequency.o(i.LedSet_Proc_Esp)
 <LI><a href="#[45]">LedSet_Proc_Esp</a> from led_frequency.o(i.LedSet_Proc_Esp) referenced from led_frequency.o(i.menu_selector)
 <LI><a href="#[46]">LedSet_Proc_Stm</a> from led_frequency.o(i.LedSet_Proc_Stm) referenced from led_frequency.o(i.LedSet_Proc_Stm)
 <LI><a href="#[46]">LedSet_Proc_Stm</a> from led_frequency.o(i.LedSet_Proc_Stm) referenced from led_frequency.o(i.menu_selector)
 <LI><a href="#[3]">MemManage_Handler</a> from stm32f10x_it.o(i.MemManage_Handler) referenced from startup_stm32f10x_md.o(RESET)
 <LI><a href="#[39]">Menu_Proc</a> from menu.o(i.Menu_Proc) referenced from alarm_clock.o(i.Alarm_Clock_Proc)
 <LI><a href="#[39]">Menu_Proc</a> from menu.o(i.Menu_Proc) referenced from arm_menu.o(i.ArmMenu_Home)
 <LI><a href="#[39]">Menu_Proc</a> from menu.o(i.Menu_Proc) referenced from contact.o(i.Contact_Proc)
 <LI><a href="#[39]">Menu_Proc</a> from menu.o(i.Menu_Proc) referenced from greedysnake.o(i.GreedySnake_Proc)
 <LI><a href="#[39]">Menu_Proc</a> from menu.o(i.Menu_Proc) referenced from guessmine.o(i.GuessMine_Proc)
 <LI><a href="#[39]">Menu_Proc</a> from menu.o(i.Menu_Proc) referenced from guessnum.o(i.GuessNum_Proc)
 <LI><a href="#[39]">Menu_Proc</a> from menu.o(i.Menu_Proc) referenced from led_frequency.o(i.LedSet_Menu_Proc)
 <LI><a href="#[39]">Menu_Proc</a> from menu.o(i.Menu_Proc) referenced from menu.o(i.Task_creation)
 <LI><a href="#[39]">Menu_Proc</a> from menu.o(i.Menu_Proc) referenced from main.o(i.main)
 <LI><a href="#[1]">NMI_Handler</a> from stm32f10x_it.o(i.NMI_Handler) referenced from startup_stm32f10x_md.o(RESET)
 <LI><a href="#[41]">Name_HomeShow</a> from contact.o(i.Name_HomeShow) referenced from contact.o(i.Contact_Proc)
 <LI><a href="#[41]">Name_HomeShow</a> from contact.o(i.Name_HomeShow) referenced from contact.o(i.Input_Char)
 <LI><a href="#[41]">Name_HomeShow</a> from contact.o(i.Name_HomeShow) referenced from contact.o(i.Name_HomeShow)
 <LI><a href="#[4b]">OLED_UpdateStep</a> from oled.o(i.OLED_UpdateStep) referenced from main.o(i.main)
 <LI><a href="#[b]">PVD_IRQHandler</a> from startup_stm32f10x_md.o(.text) referenced from startup_stm32f10x_md.o(RESET)
 <LI><a href="#[8]">PendSV_Handler</a> from stm32f10x_it.o(i.PendSV_Handler) referenced from startup_stm32f10x_md.o(RESET)
 <LI><a href="#[f]">RCC_IRQHandler</a> from startup_stm32f10x_md.o(.text) referenced from startup_stm32f10x_md.o(RESET)
 <LI><a href="#[33]">RTCAlarm_IRQHandler</a> from startup_stm32f10x_md.o(.text) referenced from startup_stm32f10x_md.o(RESET)
 <LI><a href="#[d]">RTC_IRQHandler</a> from startup_stm32f10x_md.o(.text) referenced from startup_stm32f10x_md.o(RESET)
 <LI><a href="#[0]">Reset_Handler</a> from startup_stm32f10x_md.o(.text) referenced from startup_stm32f10x_md.o(RESET)
 <LI><a href="#[2d]">SPI1_IRQHandler</a> from startup_stm32f10x_md.o(.text) referenced from startup_stm32f10x_md.o(RESET)
 <LI><a href="#[2e]">SPI2_IRQHandler</a> from startup_stm32f10x_md.o(.text) referenced from startup_stm32f10x_md.o(RESET)
 <LI><a href="#[6]">SVC_Handler</a> from stm32f10x_it.o(i.SVC_Handler) referenced from startup_stm32f10x_md.o(RESET)
 <LI><a href="#[9]">SysTick_Handler</a> from stm32f10x_it.o(i.SysTick_Handler) referenced from startup_stm32f10x_md.o(RESET)
 <LI><a href="#[36]">SystemInit</a> from system_stm32f10x.o(i.SystemInit) referenced from startup_stm32f10x_md.o(.text)
 <LI><a href="#[c]">TAMPER_IRQHandler</a> from startup_stm32f10x_md.o(.text) referenced from startup_stm32f10x_md.o(RESET)
 <LI><a href="#[22]">TIM1_BRK_IRQHandler</a> from startup_stm32f10x_md.o(.text) referenced from startup_stm32f10x_md.o(RESET)
 <LI><a href="#[25]">TIM1_CC_IRQHandler</a> from nec_driver.o(i.TIM1_CC_IRQHandler) referenced from startup_stm32f10x_md.o(RESET)
 <LI><a href="#[24]">TIM1_TRG_COM_IRQHandler</a> from startup_stm32f10x_md.o(.text) referenced from startup_stm32f10x_md.o(RESET)
 <LI><a href="#[23]">TIM1_UP_IRQHandler</a> from nec_driver.o(i.TIM1_UP_IRQHandler) referenced from startup_stm32f10x_md.o(RESET)
 <LI><a href="#[26]">TIM2_IRQHandler</a> from startup_stm32f10x_md.o(.text) referenced from startup_stm32f10x_md.o(RESET)
 <LI><a href="#[27]">TIM3_IRQHandler</a> from app_timer.o(i.TIM3_IRQHandler) referenced from startup_stm32f10x_md.o(RESET)
 <LI><a href="#[28]">TIM4_IRQHandler</a> from startup_stm32f10x_md.o(.text) referenced from startup_stm32f10x_md.o(RESET)
 <LI><a href="#[49]">Time_Set</a> from alarm_clock.o(i.Time_Set) referenced from alarm_clock.o(i.Time_Set)
 <LI><a href="#[49]">Time_Set</a> from alarm_clock.o(i.Time_Set) referenced from alarm_clock.o(i.menu_selector)
 <LI><a href="#[2f]">USART1_IRQHandler</a> from startup_stm32f10x_md.o(.text) referenced from startup_stm32f10x_md.o(RESET)
 <LI><a href="#[30]">USART2_IRQHandler</a> from startup_stm32f10x_md.o(.text) referenced from startup_stm32f10x_md.o(RESET)
 <LI><a href="#[31]">USART3_IRQHandler</a> from usart_rx_driver.o(i.USART3_IRQHandler) referenced from startup_stm32f10x_md.o(RESET)
 <LI><a href="#[34]">USBWakeUp_IRQHandler</a> from startup_stm32f10x_md.o(.text) referenced from startup_stm32f10x_md.o(RESET)
 <LI><a href="#[1d]">USB_HP_CAN1_TX_IRQHandler</a> from startup_stm32f10x_md.o(.text) referenced from startup_stm32f10x_md.o(RESET)
 <LI><a href="#[1e]">USB_LP_CAN1_RX0_IRQHandler</a> from startup_stm32f10x_md.o(.text) referenced from startup_stm32f10x_md.o(RESET)
 <LI><a href="#[5]">UsageFault_Handler</a> from stm32f10x_it.o(i.UsageFault_Handler) referenced from startup_stm32f10x_md.o(RESET)
 <LI><a href="#[a]">WWDG_IRQHandler</a> from startup_stm32f10x_md.o(.text) referenced from startup_stm32f10x_md.o(RESET)
 <LI><a href="#[37]">__main</a> from entry.o(.ARM.Collect$$$$00000000) referenced from startup_stm32f10x_md.o(.text)
 <LI><a href="#[4a]">_sputc</a> from printfa.o(i._sputc) referenced from printfa.o(i.__0vsprintf)
 <LI><a href="#[35]">main</a> from main.o(i.main) referenced from entry9a.o(.ARM.Collect$$$$0000000B)
</UL>
<P>
<H3>
Global Symbols
</H3>
<P><STRONG><a name="[37]"></a>__main</STRONG> (Thumb, 0 bytes, Stack size unknown bytes, entry.o(.ARM.Collect$$$$00000000))
<BR>[Address Reference Count : 1]<UL><LI> startup_stm32f10x_md.o(.text)
</UL>
<P><STRONG><a name="[15e]"></a>_main_stk</STRONG> (Thumb, 0 bytes, Stack size unknown bytes, entry2.o(.ARM.Collect$$$$00000001))

<P><STRONG><a name="[4f]"></a>_main_scatterload</STRONG> (Thumb, 0 bytes, Stack size unknown bytes, entry5.o(.ARM.Collect$$$$00000004))
<BR><BR>[Calls]<UL><LI><a href="#[50]">&gt;&gt;</a>&nbsp;&nbsp;&nbsp;__scatterload
</UL>

<P><STRONG><a name="[6f]"></a>__main_after_scatterload</STRONG> (Thumb, 0 bytes, Stack size unknown bytes, entry5.o(.ARM.Collect$$$$00000004))
<BR><BR>[Called By]<UL><LI><a href="#[50]">&gt;&gt;</a>&nbsp;&nbsp;&nbsp;__scatterload
</UL>

<P><STRONG><a name="[15f]"></a>_main_clock</STRONG> (Thumb, 0 bytes, Stack size unknown bytes, entry7b.o(.ARM.Collect$$$$00000008))

<P><STRONG><a name="[160]"></a>_main_cpp_init</STRONG> (Thumb, 0 bytes, Stack size unknown bytes, entry8b.o(.ARM.Collect$$$$0000000A))

<P><STRONG><a name="[161]"></a>_main_init</STRONG> (Thumb, 0 bytes, Stack size unknown bytes, entry9a.o(.ARM.Collect$$$$0000000B))

<P><STRONG><a name="[162]"></a>__rt_lib_shutdown_fini</STRONG> (Thumb, 0 bytes, Stack size unknown bytes, entry12b.o(.ARM.Collect$$$$0000000E))

<P><STRONG><a name="[163]"></a>__rt_final_cpp</STRONG> (Thumb, 0 bytes, Stack size unknown bytes, entry10a.o(.ARM.Collect$$$$0000000F))

<P><STRONG><a name="[164]"></a>__rt_final_exit</STRONG> (Thumb, 0 bytes, Stack size unknown bytes, entry11a.o(.ARM.Collect$$$$00000011))

<P><STRONG><a name="[0]"></a>Reset_Handler</STRONG> (Thumb, 8 bytes, Stack size 0 bytes, startup_stm32f10x_md.o(.text))
<BR>[Address Reference Count : 1]<UL><LI> startup_stm32f10x_md.o(RESET)
</UL>
<P><STRONG><a name="[1c]"></a>ADC1_2_IRQHandler</STRONG> (Thumb, 0 bytes, Stack size 0 bytes, startup_stm32f10x_md.o(.text))
<BR><BR>[Calls]<UL><LI><a href="#[1c]">&gt;&gt;</a>&nbsp;&nbsp;&nbsp;ADC1_2_IRQHandler
</UL>
<BR>[Called By]<UL><LI><a href="#[1c]">&gt;&gt;</a>&nbsp;&nbsp;&nbsp;ADC1_2_IRQHandler
</UL>
<BR>[Address Reference Count : 1]<UL><LI> startup_stm32f10x_md.o(RESET)
</UL>
<P><STRONG><a name="[1f]"></a>CAN1_RX1_IRQHandler</STRONG> (Thumb, 0 bytes, Stack size 0 bytes, startup_stm32f10x_md.o(.text))
<BR>[Address Reference Count : 1]<UL><LI> startup_stm32f10x_md.o(RESET)
</UL>
<P><STRONG><a name="[20]"></a>CAN1_SCE_IRQHandler</STRONG> (Thumb, 0 bytes, Stack size 0 bytes, startup_stm32f10x_md.o(.text))
<BR>[Address Reference Count : 1]<UL><LI> startup_stm32f10x_md.o(RESET)
</UL>
<P><STRONG><a name="[15]"></a>DMA1_Channel1_IRQHandler</STRONG> (Thumb, 0 bytes, Stack size 0 bytes, startup_stm32f10x_md.o(.text))
<BR>[Address Reference Count : 1]<UL><LI> startup_stm32f10x_md.o(RESET)
</UL>
<P><STRONG><a name="[16]"></a>DMA1_Channel2_IRQHandler</STRONG> (Thumb, 0 bytes, Stack size 0 bytes, startup_stm32f10x_md.o(.text))
<BR>[Address Reference Count : 1]<UL><LI> startup_stm32f10x_md.o(RESET)
</UL>
<P><STRONG><a name="[17]"></a>DMA1_Channel3_IRQHandler</STRONG> (Thumb, 0 bytes, Stack size 0 bytes, startup_stm32f10x_md.o(.text))
<BR>[Address Reference Count : 1]<UL><LI> startup_stm32f10x_md.o(RESET)
</UL>
<P><STRONG><a name="[18]"></a>DMA1_Channel4_IRQHandler</STRONG> (Thumb, 0 bytes, Stack size 0 bytes, startup_stm32f10x_md.o(.text))
<BR>[Address Reference Count : 1]<UL><LI> startup_stm32f10x_md.o(RESET)
</UL>
<P><STRONG><a name="[19]"></a>DMA1_Channel5_IRQHandler</STRONG> (Thumb, 0 bytes, Stack size 0 bytes, startup_stm32f10x_md.o(.text))
<BR>[Address Reference Count : 1]<UL><LI> startup_stm32f10x_md.o(RESET)
</UL>
<P><STRONG><a name="[1a]"></a>DMA1_Channel6_IRQHandler</STRONG> (Thumb, 0 bytes, Stack size 0 bytes, startup_stm32f10x_md.o(.text))
<BR>[Address Reference Count : 1]<UL><LI> startup_stm32f10x_md.o(RESET)
</UL>
<P><STRONG><a name="[1b]"></a>DMA1_Channel7_IRQHandler</STRONG> (Thumb, 0 bytes, Stack size 0 bytes, startup_stm32f10x_md.o(.text))
<BR>[Address Reference Count : 1]<UL><LI> startup_stm32f10x_md.o(RESET)
</UL>
<P><STRONG><a name="[10]"></a>EXTI0_IRQHandler</STRONG> (Thumb, 0 bytes, Stack size 0 bytes, startup_stm32f10x_md.o(.text))
<BR>[Address Reference Count : 1]<UL><LI> startup_stm32f10x_md.o(RESET)
</UL>
<P><STRONG><a name="[32]"></a>EXTI15_10_IRQHandler</STRONG> (Thumb, 0 bytes, Stack size 0 bytes, startup_stm32f10x_md.o(.text))
<BR>[Address Reference Count : 1]<UL><LI> startup_stm32f10x_md.o(RESET)
</UL>
<P><STRONG><a name="[11]"></a>EXTI1_IRQHandler</STRONG> (Thumb, 0 bytes, Stack size 0 bytes, startup_stm32f10x_md.o(.text))
<BR>[Address Reference Count : 1]<UL><LI> startup_stm32f10x_md.o(RESET)
</UL>
<P><STRONG><a name="[12]"></a>EXTI2_IRQHandler</STRONG> (Thumb, 0 bytes, Stack size 0 bytes, startup_stm32f10x_md.o(.text))
<BR>[Address Reference Count : 1]<UL><LI> startup_stm32f10x_md.o(RESET)
</UL>
<P><STRONG><a name="[13]"></a>EXTI3_IRQHandler</STRONG> (Thumb, 0 bytes, Stack size 0 bytes, startup_stm32f10x_md.o(.text))
<BR>[Address Reference Count : 1]<UL><LI> startup_stm32f10x_md.o(RESET)
</UL>
<P><STRONG><a name="[14]"></a>EXTI4_IRQHandler</STRONG> (Thumb, 0 bytes, Stack size 0 bytes, startup_stm32f10x_md.o(.text))
<BR>[Address Reference Count : 1]<UL><LI> startup_stm32f10x_md.o(RESET)
</UL>
<P><STRONG><a name="[21]"></a>EXTI9_5_IRQHandler</STRONG> (Thumb, 0 bytes, Stack size 0 bytes, startup_stm32f10x_md.o(.text))
<BR>[Address Reference Count : 1]<UL><LI> startup_stm32f10x_md.o(RESET)
</UL>
<P><STRONG><a name="[e]"></a>FLASH_IRQHandler</STRONG> (Thumb, 0 bytes, Stack size 0 bytes, startup_stm32f10x_md.o(.text))
<BR>[Address Reference Count : 1]<UL><LI> startup_stm32f10x_md.o(RESET)
</UL>
<P><STRONG><a name="[2a]"></a>I2C1_ER_IRQHandler</STRONG> (Thumb, 0 bytes, Stack size 0 bytes, startup_stm32f10x_md.o(.text))
<BR>[Address Reference Count : 1]<UL><LI> startup_stm32f10x_md.o(RESET)
</UL>
<P><STRONG><a name="[29]"></a>I2C1_EV_IRQHandler</STRONG> (Thumb, 0 bytes, Stack size 0 bytes, startup_stm32f10x_md.o(.text))
<BR>[Address Reference Count : 1]<UL><LI> startup_stm32f10x_md.o(RESET)
</UL>
<P><STRONG><a name="[2c]"></a>I2C2_ER_IRQHandler</STRONG> (Thumb, 0 bytes, Stack size 0 bytes, startup_stm32f10x_md.o(.text))
<BR>[Address Reference Count : 1]<UL><LI> startup_stm32f10x_md.o(RESET)
</UL>
<P><STRONG><a name="[2b]"></a>I2C2_EV_IRQHandler</STRONG> (Thumb, 0 bytes, Stack size 0 bytes, startup_stm32f10x_md.o(.text))
<BR>[Address Reference Count : 1]<UL><LI> startup_stm32f10x_md.o(RESET)
</UL>
<P><STRONG><a name="[b]"></a>PVD_IRQHandler</STRONG> (Thumb, 0 bytes, Stack size 0 bytes, startup_stm32f10x_md.o(.text))
<BR>[Address Reference Count : 1]<UL><LI> startup_stm32f10x_md.o(RESET)
</UL>
<P><STRONG><a name="[f]"></a>RCC_IRQHandler</STRONG> (Thumb, 0 bytes, Stack size 0 bytes, startup_stm32f10x_md.o(.text))
<BR>[Address Reference Count : 1]<UL><LI> startup_stm32f10x_md.o(RESET)
</UL>
<P><STRONG><a name="[33]"></a>RTCAlarm_IRQHandler</STRONG> (Thumb, 0 bytes, Stack size 0 bytes, startup_stm32f10x_md.o(.text))
<BR>[Address Reference Count : 1]<UL><LI> startup_stm32f10x_md.o(RESET)
</UL>
<P><STRONG><a name="[d]"></a>RTC_IRQHandler</STRONG> (Thumb, 0 bytes, Stack size 0 bytes, startup_stm32f10x_md.o(.text))
<BR>[Address Reference Count : 1]<UL><LI> startup_stm32f10x_md.o(RESET)
</UL>
<P><STRONG><a name="[2d]"></a>SPI1_IRQHandler</STRONG> (Thumb, 0 bytes, Stack size 0 bytes, startup_stm32f10x_md.o(.text))
<BR>[Address Reference Count : 1]<UL><LI> startup_stm32f10x_md.o(RESET)
</UL>
<P><STRONG><a name="[2e]"></a>SPI2_IRQHandler</STRONG> (Thumb, 0 bytes, Stack size 0 bytes, startup_stm32f10x_md.o(.text))
<BR>[Address Reference Count : 1]<UL><LI> startup_stm32f10x_md.o(RESET)
</UL>
<P><STRONG><a name="[c]"></a>TAMPER_IRQHandler</STRONG> (Thumb, 0 bytes, Stack size 0 bytes, startup_stm32f10x_md.o(.text))
<BR>[Address Reference Count : 1]<UL><LI> startup_stm32f10x_md.o(RESET)
</UL>
<P><STRONG><a name="[22]"></a>TIM1_BRK_IRQHandler</STRONG> (Thumb, 0 bytes, Stack size 0 bytes, startup_stm32f10x_md.o(.text))
<BR>[Address Reference Count : 1]<UL><LI> startup_stm32f10x_md.o(RESET)
</UL>
<P><STRONG><a name="[24]"></a>TIM1_TRG_COM_IRQHandler</STRONG> (Thumb, 0 bytes, Stack size 0 bytes, startup_stm32f10x_md.o(.text))
<BR>[Address Reference Count : 1]<UL><LI> startup_stm32f10x_md.o(RESET)
</UL>
<P><STRONG><a name="[26]"></a>TIM2_IRQHandler</STRONG> (Thumb, 0 bytes, Stack size 0 bytes, startup_stm32f10x_md.o(.text))
<BR>[Address Reference Count : 1]<UL><LI> startup_stm32f10x_md.o(RESET)
</UL>
<P><STRONG><a name="[28]"></a>TIM4_IRQHandler</STRONG> (Thumb, 0 bytes, Stack size 0 bytes, startup_stm32f10x_md.o(.text))
<BR>[Address Reference Count : 1]<UL><LI> startup_stm32f10x_md.o(RESET)
</UL>
<P><STRONG><a name="[2f]"></a>USART1_IRQHandler</STRONG> (Thumb, 0 bytes, Stack size 0 bytes, startup_stm32f10x_md.o(.text))
<BR>[Address Reference Count : 1]<UL><LI> startup_stm32f10x_md.o(RESET)
</UL>
<P><STRONG><a name="[30]"></a>USART2_IRQHandler</STRONG> (Thumb, 0 bytes, Stack size 0 bytes, startup_stm32f10x_md.o(.text))
<BR>[Address Reference Count : 1]<UL><LI> startup_stm32f10x_md.o(RESET)
</UL>
<P><STRONG><a name="[34]"></a>USBWakeUp_IRQHandler</STRONG> (Thumb, 0 bytes, Stack size 0 bytes, startup_stm32f10x_md.o(.text))
<BR>[Address Reference Count : 1]<UL><LI> startup_stm32f10x_md.o(RESET)
</UL>
<P><STRONG><a name="[1d]"></a>USB_HP_CAN1_TX_IRQHandler</STRONG> (Thumb, 0 bytes, Stack size 0 bytes, startup_stm32f10x_md.o(.text))
<BR>[Address Reference Count : 1]<UL><LI> startup_stm32f10x_md.o(RESET)
</UL>
<P><STRONG><a name="[1e]"></a>USB_LP_CAN1_RX0_IRQHandler</STRONG> (Thumb, 0 bytes, Stack size 0 bytes, startup_stm32f10x_md.o(.text))
<BR>[Address Reference Count : 1]<UL><LI> startup_stm32f10x_md.o(RESET)
</UL>
<P><STRONG><a name="[a]"></a>WWDG_IRQHandler</STRONG> (Thumb, 0 bytes, Stack size 0 bytes, startup_stm32f10x_md.o(.text))
<BR>[Address Reference Count : 1]<UL><LI> startup_stm32f10x_md.o(RESET)
</UL>
<P><STRONG><a name="[c4]"></a>rand</STRONG> (Thumb, 20 bytes, Stack size 0 bytes, rand.o(.text))
<BR><BR>[Called By]<UL><LI><a href="#[c1]">&gt;&gt;</a>&nbsp;&nbsp;&nbsp;GetRandom
</UL>

<P><STRONG><a name="[c3]"></a>srand</STRONG> (Thumb, 6 bytes, Stack size 0 bytes, rand.o(.text))
<BR><BR>[Called By]<UL><LI><a href="#[c1]">&gt;&gt;</a>&nbsp;&nbsp;&nbsp;GetRandom
</UL>

<P><STRONG><a name="[51]"></a>mktime</STRONG> (Thumb, 150 bytes, Stack size 16 bytes, mktime.o(.text))
<BR><BR>[Stack]<UL><LI>Max Depth = 24<LI>Call Chain = mktime &rArr; _localtime
</UL>
<BR>[Calls]<UL><LI><a href="#[52]">&gt;&gt;</a>&nbsp;&nbsp;&nbsp;_localtime
</UL>
<BR>[Called By]<UL><LI><a href="#[11e]">&gt;&gt;</a>&nbsp;&nbsp;&nbsp;RTC_SetTime
</UL>

<P><STRONG><a name="[b6]"></a>__aeabi_memcpy</STRONG> (Thumb, 36 bytes, Stack size 0 bytes, memcpya.o(.text))
<BR><BR>[Called By]<UL><LI><a href="#[bc]">&gt;&gt;</a>&nbsp;&nbsp;&nbsp;Head_insertion
<LI><a href="#[b4]">&gt;&gt;</a>&nbsp;&nbsp;&nbsp;Contact_Delete
<LI><a href="#[b8]">&gt;&gt;</a>&nbsp;&nbsp;&nbsp;Contact_Init
</UL>

<P><STRONG><a name="[c8]"></a>__aeabi_memcpy4</STRONG> (Thumb, 0 bytes, Stack size 0 bytes, memcpya.o(.text))
<BR><BR>[Called By]<UL><LI><a href="#[7b]">&gt;&gt;</a>&nbsp;&nbsp;&nbsp;RTC_ReadTime
<LI><a href="#[4c]">&gt;&gt;</a>&nbsp;&nbsp;&nbsp;GreedySnake_Proc
</UL>

<P><STRONG><a name="[165]"></a>__aeabi_memcpy8</STRONG> (Thumb, 0 bytes, Stack size 0 bytes, memcpya.o(.text), UNUSED)

<P><STRONG><a name="[54]"></a>__aeabi_memset</STRONG> (Thumb, 14 bytes, Stack size 0 bytes, memseta.o(.text))
<BR><BR>[Called By]<UL><LI><a href="#[55]">&gt;&gt;</a>&nbsp;&nbsp;&nbsp;_memset$wrapper
<LI><a href="#[53]">&gt;&gt;</a>&nbsp;&nbsp;&nbsp;__aeabi_memclr
</UL>

<P><STRONG><a name="[166]"></a>__aeabi_memset4</STRONG> (Thumb, 0 bytes, Stack size 0 bytes, memseta.o(.text), UNUSED)

<P><STRONG><a name="[167]"></a>__aeabi_memset8</STRONG> (Thumb, 0 bytes, Stack size 0 bytes, memseta.o(.text), UNUSED)

<P><STRONG><a name="[53]"></a>__aeabi_memclr</STRONG> (Thumb, 4 bytes, Stack size 0 bytes, memseta.o(.text))
<BR><BR>[Calls]<UL><LI><a href="#[54]">&gt;&gt;</a>&nbsp;&nbsp;&nbsp;__aeabi_memset
</UL>
<BR>[Called By]<UL><LI><a href="#[bc]">&gt;&gt;</a>&nbsp;&nbsp;&nbsp;Head_insertion
<LI><a href="#[b4]">&gt;&gt;</a>&nbsp;&nbsp;&nbsp;Contact_Delete
<LI><a href="#[4d]">&gt;&gt;</a>&nbsp;&nbsp;&nbsp;GuessMine_Proc
<LI><a href="#[b8]">&gt;&gt;</a>&nbsp;&nbsp;&nbsp;Contact_Init
</UL>

<P><STRONG><a name="[12f]"></a>__aeabi_memclr4</STRONG> (Thumb, 0 bytes, Stack size 0 bytes, memseta.o(.text))
<BR><BR>[Called By]<UL><LI><a href="#[c6]">&gt;&gt;</a>&nbsp;&nbsp;&nbsp;SnakeDeInit
</UL>

<P><STRONG><a name="[168]"></a>__aeabi_memclr8</STRONG> (Thumb, 0 bytes, Stack size 0 bytes, memseta.o(.text), UNUSED)

<P><STRONG><a name="[55]"></a>_memset$wrapper</STRONG> (Thumb, 18 bytes, Stack size 8 bytes, memseta.o(.text), UNUSED)
<BR><BR>[Calls]<UL><LI><a href="#[54]">&gt;&gt;</a>&nbsp;&nbsp;&nbsp;__aeabi_memset
</UL>

<P><STRONG><a name="[b9]"></a>strncpy</STRONG> (Thumb, 24 bytes, Stack size 8 bytes, strncpy.o(.text))
<BR><BR>[Stack]<UL><LI>Max Depth = 8<LI>Call Chain = strncpy
</UL>
<BR>[Called By]<UL><LI><a href="#[42]">&gt;&gt;</a>&nbsp;&nbsp;&nbsp;Input_Char
<LI><a href="#[b8]">&gt;&gt;</a>&nbsp;&nbsp;&nbsp;Contact_Init
</UL>

<P><STRONG><a name="[103]"></a>strcmp</STRONG> (Thumb, 28 bytes, Stack size 8 bytes, strcmp.o(.text))
<BR><BR>[Stack]<UL><LI>Max Depth = 8<LI>Call Chain = strcmp
</UL>
<BR>[Called By]<UL><LI><a href="#[fc]">&gt;&gt;</a>&nbsp;&nbsp;&nbsp;OLED_ShowString
</UL>

<P><STRONG><a name="[56]"></a>__aeabi_fadd</STRONG> (Thumb, 164 bytes, Stack size 16 bytes, fadd.o(.text))
<BR><BR>[Stack]<UL><LI>Max Depth = 20<LI>Call Chain = __aeabi_fadd &rArr; _float_epilogue
</UL>
<BR>[Calls]<UL><LI><a href="#[58]">&gt;&gt;</a>&nbsp;&nbsp;&nbsp;_float_round
<LI><a href="#[57]">&gt;&gt;</a>&nbsp;&nbsp;&nbsp;_float_epilogue
</UL>
<BR>[Called By]<UL><LI><a href="#[c0]">&gt;&gt;</a>&nbsp;&nbsp;&nbsp;FanSpeed_Map
<LI><a href="#[89]">&gt;&gt;</a>&nbsp;&nbsp;&nbsp;Angle_Map
<LI><a href="#[59]">&gt;&gt;</a>&nbsp;&nbsp;&nbsp;__aeabi_fsub
<LI><a href="#[5a]">&gt;&gt;</a>&nbsp;&nbsp;&nbsp;__aeabi_frsub
<LI><a href="#[a1]">&gt;&gt;</a>&nbsp;&nbsp;&nbsp;Arm_Remote_Proc
</UL>

<P><STRONG><a name="[59]"></a>__aeabi_fsub</STRONG> (Thumb, 6 bytes, Stack size 0 bytes, fadd.o(.text))
<BR><BR>[Stack]<UL><LI>Max Depth = 20<LI>Call Chain = __aeabi_fsub &rArr; __aeabi_fadd &rArr; _float_epilogue
</UL>
<BR>[Calls]<UL><LI><a href="#[56]">&gt;&gt;</a>&nbsp;&nbsp;&nbsp;__aeabi_fadd
</UL>
<BR>[Called By]<UL><LI><a href="#[c0]">&gt;&gt;</a>&nbsp;&nbsp;&nbsp;FanSpeed_Map
<LI><a href="#[89]">&gt;&gt;</a>&nbsp;&nbsp;&nbsp;Angle_Map
<LI><a href="#[85]">&gt;&gt;</a>&nbsp;&nbsp;&nbsp;Angle_Dead
<LI><a href="#[74]">&gt;&gt;</a>&nbsp;&nbsp;&nbsp;ADC_MapFan
<LI><a href="#[70]">&gt;&gt;</a>&nbsp;&nbsp;&nbsp;ADC_MapAngle
<LI><a href="#[a1]">&gt;&gt;</a>&nbsp;&nbsp;&nbsp;Arm_Remote_Proc
</UL>

<P><STRONG><a name="[5a]"></a>__aeabi_frsub</STRONG> (Thumb, 6 bytes, Stack size 0 bytes, fadd.o(.text))
<BR><BR>[Stack]<UL><LI>Max Depth = 20<LI>Call Chain = __aeabi_frsub &rArr; __aeabi_fadd &rArr; _float_epilogue
</UL>
<BR>[Calls]<UL><LI><a href="#[56]">&gt;&gt;</a>&nbsp;&nbsp;&nbsp;__aeabi_fadd
</UL>
<BR>[Called By]<UL><LI><a href="#[89]">&gt;&gt;</a>&nbsp;&nbsp;&nbsp;Angle_Map
<LI><a href="#[74]">&gt;&gt;</a>&nbsp;&nbsp;&nbsp;ADC_MapFan
<LI><a href="#[70]">&gt;&gt;</a>&nbsp;&nbsp;&nbsp;ADC_MapAngle
</UL>

<P><STRONG><a name="[71]"></a>__aeabi_fmul</STRONG> (Thumb, 100 bytes, Stack size 8 bytes, fmul.o(.text))
<BR><BR>[Stack]<UL><LI>Max Depth = 8<LI>Call Chain = __aeabi_fmul
</UL>
<BR>[Called By]<UL><LI><a href="#[c0]">&gt;&gt;</a>&nbsp;&nbsp;&nbsp;FanSpeed_Map
<LI><a href="#[89]">&gt;&gt;</a>&nbsp;&nbsp;&nbsp;Angle_Map
<LI><a href="#[85]">&gt;&gt;</a>&nbsp;&nbsp;&nbsp;Angle_Dead
<LI><a href="#[74]">&gt;&gt;</a>&nbsp;&nbsp;&nbsp;ADC_MapFan
<LI><a href="#[70]">&gt;&gt;</a>&nbsp;&nbsp;&nbsp;ADC_MapAngle
<LI><a href="#[a1]">&gt;&gt;</a>&nbsp;&nbsp;&nbsp;Arm_Remote_Proc
</UL>

<P><STRONG><a name="[5b]"></a>__aeabi_fdiv</STRONG> (Thumb, 124 bytes, Stack size 8 bytes, fdiv.o(.text))
<BR><BR>[Stack]<UL><LI>Max Depth = 8<LI>Call Chain = __aeabi_fdiv
</UL>
<BR>[Calls]<UL><LI><a href="#[58]">&gt;&gt;</a>&nbsp;&nbsp;&nbsp;_float_round
</UL>
<BR>[Called By]<UL><LI><a href="#[c0]">&gt;&gt;</a>&nbsp;&nbsp;&nbsp;FanSpeed_Map
<LI><a href="#[89]">&gt;&gt;</a>&nbsp;&nbsp;&nbsp;Angle_Map
<LI><a href="#[74]">&gt;&gt;</a>&nbsp;&nbsp;&nbsp;ADC_MapFan
<LI><a href="#[70]">&gt;&gt;</a>&nbsp;&nbsp;&nbsp;ADC_MapAngle
</UL>

<P><STRONG><a name="[5c]"></a>__aeabi_dadd</STRONG> (Thumb, 322 bytes, Stack size 48 bytes, dadd.o(.text))
<BR><BR>[Stack]<UL><LI>Max Depth = 88<LI>Call Chain = __aeabi_dadd &rArr; _double_epilogue &rArr; _double_round
</UL>
<BR>[Calls]<UL><LI><a href="#[5e]">&gt;&gt;</a>&nbsp;&nbsp;&nbsp;__aeabi_lasr
<LI><a href="#[5d]">&gt;&gt;</a>&nbsp;&nbsp;&nbsp;__aeabi_llsl
<LI><a href="#[60]">&gt;&gt;</a>&nbsp;&nbsp;&nbsp;_double_round
<LI><a href="#[5f]">&gt;&gt;</a>&nbsp;&nbsp;&nbsp;_double_epilogue
</UL>
<BR>[Called By]<UL><LI><a href="#[a4]">&gt;&gt;</a>&nbsp;&nbsp;&nbsp;Arm_Update
<LI><a href="#[61]">&gt;&gt;</a>&nbsp;&nbsp;&nbsp;__aeabi_dsub
<LI><a href="#[62]">&gt;&gt;</a>&nbsp;&nbsp;&nbsp;__aeabi_drsub
<LI><a href="#[152]">&gt;&gt;</a>&nbsp;&nbsp;&nbsp;_fp_digits
<LI><a href="#[101]">&gt;&gt;</a>&nbsp;&nbsp;&nbsp;round
</UL>

<P><STRONG><a name="[61]"></a>__aeabi_dsub</STRONG> (Thumb, 6 bytes, Stack size 0 bytes, dadd.o(.text))
<BR><BR>[Stack]<UL><LI>Max Depth = 88<LI>Call Chain = __aeabi_dsub &rArr; __aeabi_dadd &rArr; _double_epilogue &rArr; _double_round
</UL>
<BR>[Calls]<UL><LI><a href="#[5c]">&gt;&gt;</a>&nbsp;&nbsp;&nbsp;__aeabi_dadd
</UL>
<BR>[Called By]<UL><LI><a href="#[101]">&gt;&gt;</a>&nbsp;&nbsp;&nbsp;round
</UL>

<P><STRONG><a name="[62]"></a>__aeabi_drsub</STRONG> (Thumb, 6 bytes, Stack size 0 bytes, dadd.o(.text))
<BR><BR>[Stack]<UL><LI>Max Depth = 88<LI>Call Chain = __aeabi_drsub &rArr; __aeabi_dadd &rArr; _double_epilogue &rArr; _double_round
</UL>
<BR>[Calls]<UL><LI><a href="#[5c]">&gt;&gt;</a>&nbsp;&nbsp;&nbsp;__aeabi_dadd
</UL>
<BR>[Called By]<UL><LI><a href="#[99]">&gt;&gt;</a>&nbsp;&nbsp;&nbsp;OLED_ShowFloatNum
<LI><a href="#[101]">&gt;&gt;</a>&nbsp;&nbsp;&nbsp;round
</UL>

<P><STRONG><a name="[63]"></a>__aeabi_dmul</STRONG> (Thumb, 228 bytes, Stack size 48 bytes, dmul.o(.text))
<BR><BR>[Stack]<UL><LI>Max Depth = 88<LI>Call Chain = __aeabi_dmul &rArr; _double_epilogue &rArr; _double_round
</UL>
<BR>[Calls]<UL><LI><a href="#[5f]">&gt;&gt;</a>&nbsp;&nbsp;&nbsp;_double_epilogue
</UL>
<BR>[Called By]<UL><LI><a href="#[a4]">&gt;&gt;</a>&nbsp;&nbsp;&nbsp;Arm_Update
<LI><a href="#[99]">&gt;&gt;</a>&nbsp;&nbsp;&nbsp;OLED_ShowFloatNum
<LI><a href="#[152]">&gt;&gt;</a>&nbsp;&nbsp;&nbsp;_fp_digits
</UL>

<P><STRONG><a name="[64]"></a>__aeabi_ddiv</STRONG> (Thumb, 222 bytes, Stack size 32 bytes, ddiv.o(.text), UNUSED)
<BR><BR>[Calls]<UL><LI><a href="#[60]">&gt;&gt;</a>&nbsp;&nbsp;&nbsp;_double_round
</UL>
<BR>[Called By]<UL><LI><a href="#[152]">&gt;&gt;</a>&nbsp;&nbsp;&nbsp;_fp_digits
</UL>

<P><STRONG><a name="[65]"></a>__aeabi_i2f</STRONG> (Thumb, 18 bytes, Stack size 0 bytes, fflti.o(.text))
<BR><BR>[Stack]<UL><LI>Max Depth = 4<LI>Call Chain = __aeabi_i2f &rArr; _float_epilogue
</UL>
<BR>[Calls]<UL><LI><a href="#[57]">&gt;&gt;</a>&nbsp;&nbsp;&nbsp;_float_epilogue
</UL>
<BR>[Called By]<UL><LI><a href="#[74]">&gt;&gt;</a>&nbsp;&nbsp;&nbsp;ADC_MapFan
<LI><a href="#[70]">&gt;&gt;</a>&nbsp;&nbsp;&nbsp;ADC_MapAngle
<LI><a href="#[b1]">&gt;&gt;</a>&nbsp;&nbsp;&nbsp;Cmd_ArmControl
</UL>

<P><STRONG><a name="[66]"></a>__aeabi_ui2f</STRONG> (Thumb, 10 bytes, Stack size 0 bytes, ffltui.o(.text))
<BR><BR>[Stack]<UL><LI>Max Depth = 4<LI>Call Chain = __aeabi_ui2f &rArr; _float_epilogue
</UL>
<BR>[Calls]<UL><LI><a href="#[57]">&gt;&gt;</a>&nbsp;&nbsp;&nbsp;_float_epilogue
</UL>
<BR>[Called By]<UL><LI><a href="#[74]">&gt;&gt;</a>&nbsp;&nbsp;&nbsp;ADC_MapFan
<LI><a href="#[70]">&gt;&gt;</a>&nbsp;&nbsp;&nbsp;ADC_MapAngle
<LI><a href="#[a1]">&gt;&gt;</a>&nbsp;&nbsp;&nbsp;Arm_Remote_Proc
</UL>

<P><STRONG><a name="[67]"></a>__aeabi_ui2d</STRONG> (Thumb, 26 bytes, Stack size 16 bytes, dfltui.o(.text))
<BR><BR>[Stack]<UL><LI>Max Depth = 56<LI>Call Chain = __aeabi_ui2d &rArr; _double_epilogue &rArr; _double_round
</UL>
<BR>[Calls]<UL><LI><a href="#[5f]">&gt;&gt;</a>&nbsp;&nbsp;&nbsp;_double_epilogue
</UL>
<BR>[Called By]<UL><LI><a href="#[99]">&gt;&gt;</a>&nbsp;&nbsp;&nbsp;OLED_ShowFloatNum
</UL>

<P><STRONG><a name="[8a]"></a>__aeabi_f2uiz</STRONG> (Thumb, 40 bytes, Stack size 0 bytes, ffixui.o(.text))
<BR><BR>[Called By]<UL><LI><a href="#[c0]">&gt;&gt;</a>&nbsp;&nbsp;&nbsp;FanSpeed_Map
<LI><a href="#[89]">&gt;&gt;</a>&nbsp;&nbsp;&nbsp;Angle_Map
</UL>

<P><STRONG><a name="[68]"></a>__aeabi_d2uiz</STRONG> (Thumb, 50 bytes, Stack size 8 bytes, dfixui.o(.text))
<BR><BR>[Stack]<UL><LI>Max Depth = 8<LI>Call Chain = __aeabi_d2uiz
</UL>
<BR>[Calls]<UL><LI><a href="#[69]">&gt;&gt;</a>&nbsp;&nbsp;&nbsp;__aeabi_llsr
</UL>
<BR>[Called By]<UL><LI><a href="#[99]">&gt;&gt;</a>&nbsp;&nbsp;&nbsp;OLED_ShowFloatNum
</UL>

<P><STRONG><a name="[87]"></a>__aeabi_f2d</STRONG> (Thumb, 38 bytes, Stack size 0 bytes, f2d.o(.text))
<BR><BR>[Called By]<UL><LI><a href="#[a4]">&gt;&gt;</a>&nbsp;&nbsp;&nbsp;Arm_Update
<LI><a href="#[c0]">&gt;&gt;</a>&nbsp;&nbsp;&nbsp;FanSpeed_Map
<LI><a href="#[85]">&gt;&gt;</a>&nbsp;&nbsp;&nbsp;Angle_Dead
<LI><a href="#[a0]">&gt;&gt;</a>&nbsp;&nbsp;&nbsp;ArmRemote_Show
<LI><a href="#[96]">&gt;&gt;</a>&nbsp;&nbsp;&nbsp;ArmAuto_Show
</UL>

<P><STRONG><a name="[169]"></a>__aeabi_cdcmpeq</STRONG> (Thumb, 0 bytes, Stack size 0 bytes, cdcmple.o(.text), UNUSED)

<P><STRONG><a name="[15b]"></a>__aeabi_cdcmple</STRONG> (Thumb, 48 bytes, Stack size 0 bytes, cdcmple.o(.text))
<BR><BR>[Called By]<UL><LI><a href="#[101]">&gt;&gt;</a>&nbsp;&nbsp;&nbsp;round
</UL>

<P><STRONG><a name="[88]"></a>__aeabi_cdrcmple</STRONG> (Thumb, 48 bytes, Stack size 0 bytes, cdrcmple.o(.text))
<BR><BR>[Called By]<UL><LI><a href="#[85]">&gt;&gt;</a>&nbsp;&nbsp;&nbsp;Angle_Dead
<LI><a href="#[99]">&gt;&gt;</a>&nbsp;&nbsp;&nbsp;OLED_ShowFloatNum
<LI><a href="#[152]">&gt;&gt;</a>&nbsp;&nbsp;&nbsp;_fp_digits
<LI><a href="#[101]">&gt;&gt;</a>&nbsp;&nbsp;&nbsp;round
</UL>

<P><STRONG><a name="[6a]"></a>__aeabi_d2f</STRONG> (Thumb, 56 bytes, Stack size 8 bytes, d2f.o(.text))
<BR><BR>[Stack]<UL><LI>Max Depth = 8<LI>Call Chain = __aeabi_d2f
</UL>
<BR>[Calls]<UL><LI><a href="#[58]">&gt;&gt;</a>&nbsp;&nbsp;&nbsp;_float_round
</UL>
<BR>[Called By]<UL><LI><a href="#[a4]">&gt;&gt;</a>&nbsp;&nbsp;&nbsp;Arm_Update
<LI><a href="#[c0]">&gt;&gt;</a>&nbsp;&nbsp;&nbsp;FanSpeed_Map
</UL>

<P><STRONG><a name="[16a]"></a>__aeabi_cfcmpeq</STRONG> (Thumb, 0 bytes, Stack size 0 bytes, cfcmple.o(.text), UNUSED)

<P><STRONG><a name="[73]"></a>__aeabi_cfcmple</STRONG> (Thumb, 20 bytes, Stack size 0 bytes, cfcmple.o(.text))
<BR><BR>[Called By]<UL><LI><a href="#[ac]">&gt;&gt;</a>&nbsp;&nbsp;&nbsp;Servo_SetAngle
<LI><a href="#[ab]">&gt;&gt;</a>&nbsp;&nbsp;&nbsp;Moto_correction
<LI><a href="#[76]">&gt;&gt;</a>&nbsp;&nbsp;&nbsp;Arm_MoveTo
<LI><a href="#[74]">&gt;&gt;</a>&nbsp;&nbsp;&nbsp;ADC_MapFan
<LI><a href="#[70]">&gt;&gt;</a>&nbsp;&nbsp;&nbsp;ADC_MapAngle
</UL>

<P><STRONG><a name="[72]"></a>__aeabi_cfrcmple</STRONG> (Thumb, 20 bytes, Stack size 0 bytes, cfrcmple.o(.text))
<BR><BR>[Called By]<UL><LI><a href="#[ac]">&gt;&gt;</a>&nbsp;&nbsp;&nbsp;Servo_SetAngle
<LI><a href="#[ab]">&gt;&gt;</a>&nbsp;&nbsp;&nbsp;Moto_correction
<LI><a href="#[76]">&gt;&gt;</a>&nbsp;&nbsp;&nbsp;Arm_MoveTo
<LI><a href="#[74]">&gt;&gt;</a>&nbsp;&nbsp;&nbsp;ADC_MapFan
<LI><a href="#[70]">&gt;&gt;</a>&nbsp;&nbsp;&nbsp;ADC_MapAngle
<LI><a href="#[a9]">&gt;&gt;</a>&nbsp;&nbsp;&nbsp;Arm_IR_InputJudgment
</UL>

<P><STRONG><a name="[16b]"></a>__aeabi_uidiv</STRONG> (Thumb, 0 bytes, Stack size 12 bytes, uidiv.o(.text), UNUSED)

<P><STRONG><a name="[155]"></a>__aeabi_uidivmod</STRONG> (Thumb, 44 bytes, Stack size 12 bytes, uidiv.o(.text), UNUSED)
<BR><BR>[Called By]<UL><LI><a href="#[151]">&gt;&gt;</a>&nbsp;&nbsp;&nbsp;_printf_core
</UL>

<P><STRONG><a name="[6b]"></a>__aeabi_uldivmod</STRONG> (Thumb, 98 bytes, Stack size 40 bytes, uldiv.o(.text), UNUSED)
<BR><BR>[Calls]<UL><LI><a href="#[69]">&gt;&gt;</a>&nbsp;&nbsp;&nbsp;__aeabi_llsr
<LI><a href="#[5d]">&gt;&gt;</a>&nbsp;&nbsp;&nbsp;__aeabi_llsl
</UL>
<BR>[Called By]<UL><LI><a href="#[151]">&gt;&gt;</a>&nbsp;&nbsp;&nbsp;_printf_core
<LI><a href="#[152]">&gt;&gt;</a>&nbsp;&nbsp;&nbsp;_fp_digits
</UL>

<P><STRONG><a name="[5d]"></a>__aeabi_llsl</STRONG> (Thumb, 30 bytes, Stack size 0 bytes, llshl.o(.text))
<BR><BR>[Called By]<UL><LI><a href="#[5c]">&gt;&gt;</a>&nbsp;&nbsp;&nbsp;__aeabi_dadd
<LI><a href="#[6b]">&gt;&gt;</a>&nbsp;&nbsp;&nbsp;__aeabi_uldivmod
<LI><a href="#[5f]">&gt;&gt;</a>&nbsp;&nbsp;&nbsp;_double_epilogue
<LI><a href="#[6e]">&gt;&gt;</a>&nbsp;&nbsp;&nbsp;__aeabi_d2ulz
<LI><a href="#[6d]">&gt;&gt;</a>&nbsp;&nbsp;&nbsp;_drnd
</UL>

<P><STRONG><a name="[16c]"></a>_ll_shift_l</STRONG> (Thumb, 0 bytes, Stack size 0 bytes, llshl.o(.text), UNUSED)

<P><STRONG><a name="[69]"></a>__aeabi_llsr</STRONG> (Thumb, 32 bytes, Stack size 0 bytes, llushr.o(.text))
<BR><BR>[Called By]<UL><LI><a href="#[68]">&gt;&gt;</a>&nbsp;&nbsp;&nbsp;__aeabi_d2uiz
<LI><a href="#[6b]">&gt;&gt;</a>&nbsp;&nbsp;&nbsp;__aeabi_uldivmod
<LI><a href="#[5f]">&gt;&gt;</a>&nbsp;&nbsp;&nbsp;_double_epilogue
<LI><a href="#[6e]">&gt;&gt;</a>&nbsp;&nbsp;&nbsp;__aeabi_d2ulz
<LI><a href="#[6d]">&gt;&gt;</a>&nbsp;&nbsp;&nbsp;_drnd
</UL>

<P><STRONG><a name="[16d]"></a>_ll_ushift_r</STRONG> (Thumb, 0 bytes, Stack size 0 bytes, llushr.o(.text), UNUSED)

<P><STRONG><a name="[5e]"></a>__aeabi_lasr</STRONG> (Thumb, 36 bytes, Stack size 0 bytes, llsshr.o(.text))
<BR><BR>[Called By]<UL><LI><a href="#[5c]">&gt;&gt;</a>&nbsp;&nbsp;&nbsp;__aeabi_dadd
</UL>

<P><STRONG><a name="[16e]"></a>_ll_sshift_r</STRONG> (Thumb, 0 bytes, Stack size 0 bytes, llsshr.o(.text), UNUSED)

<P><STRONG><a name="[6c]"></a>localtime</STRONG> (Thumb, 6 bytes, Stack size 0 bytes, localtime_w.o(.text))
<BR><BR>[Stack]<UL><LI>Max Depth = 8<LI>Call Chain = localtime &rArr; _localtime
</UL>
<BR>[Calls]<UL><LI><a href="#[52]">&gt;&gt;</a>&nbsp;&nbsp;&nbsp;_localtime
</UL>
<BR>[Called By]<UL><LI><a href="#[7b]">&gt;&gt;</a>&nbsp;&nbsp;&nbsp;RTC_ReadTime
</UL>

<P><STRONG><a name="[52]"></a>_localtime</STRONG> (Thumb, 134 bytes, Stack size 8 bytes, localtime_i.o(.text))
<BR><BR>[Stack]<UL><LI>Max Depth = 8<LI>Call Chain = _localtime
</UL>
<BR>[Called By]<UL><LI><a href="#[6c]">&gt;&gt;</a>&nbsp;&nbsp;&nbsp;localtime
<LI><a href="#[51]">&gt;&gt;</a>&nbsp;&nbsp;&nbsp;mktime
</UL>

<P><STRONG><a name="[16f]"></a>__I$use$fp</STRONG> (Thumb, 0 bytes, Stack size 0 bytes, iusefp.o(.text), UNUSED)

<P><STRONG><a name="[58]"></a>_float_round</STRONG> (Thumb, 18 bytes, Stack size 0 bytes, fepilogue.o(.text))
<BR><BR>[Called By]<UL><LI><a href="#[56]">&gt;&gt;</a>&nbsp;&nbsp;&nbsp;__aeabi_fadd
<LI><a href="#[6a]">&gt;&gt;</a>&nbsp;&nbsp;&nbsp;__aeabi_d2f
<LI><a href="#[5b]">&gt;&gt;</a>&nbsp;&nbsp;&nbsp;__aeabi_fdiv
</UL>

<P><STRONG><a name="[57]"></a>_float_epilogue</STRONG> (Thumb, 92 bytes, Stack size 4 bytes, fepilogue.o(.text))
<BR><BR>[Stack]<UL><LI>Max Depth = 4<LI>Call Chain = _float_epilogue
</UL>
<BR>[Called By]<UL><LI><a href="#[56]">&gt;&gt;</a>&nbsp;&nbsp;&nbsp;__aeabi_fadd
<LI><a href="#[66]">&gt;&gt;</a>&nbsp;&nbsp;&nbsp;__aeabi_ui2f
<LI><a href="#[65]">&gt;&gt;</a>&nbsp;&nbsp;&nbsp;__aeabi_i2f
</UL>

<P><STRONG><a name="[60]"></a>_double_round</STRONG> (Thumb, 30 bytes, Stack size 8 bytes, depilogue.o(.text))
<BR><BR>[Stack]<UL><LI>Max Depth = 8<LI>Call Chain = _double_round
</UL>
<BR>[Called By]<UL><LI><a href="#[5c]">&gt;&gt;</a>&nbsp;&nbsp;&nbsp;__aeabi_dadd
<LI><a href="#[64]">&gt;&gt;</a>&nbsp;&nbsp;&nbsp;__aeabi_ddiv
<LI><a href="#[5f]">&gt;&gt;</a>&nbsp;&nbsp;&nbsp;_double_epilogue
<LI><a href="#[6d]">&gt;&gt;</a>&nbsp;&nbsp;&nbsp;_drnd
</UL>

<P><STRONG><a name="[5f]"></a>_double_epilogue</STRONG> (Thumb, 156 bytes, Stack size 32 bytes, depilogue.o(.text))
<BR><BR>[Stack]<UL><LI>Max Depth = 40<LI>Call Chain = _double_epilogue &rArr; _double_round
</UL>
<BR>[Calls]<UL><LI><a href="#[69]">&gt;&gt;</a>&nbsp;&nbsp;&nbsp;__aeabi_llsr
<LI><a href="#[5d]">&gt;&gt;</a>&nbsp;&nbsp;&nbsp;__aeabi_llsl
<LI><a href="#[60]">&gt;&gt;</a>&nbsp;&nbsp;&nbsp;_double_round
</UL>
<BR>[Called By]<UL><LI><a href="#[63]">&gt;&gt;</a>&nbsp;&nbsp;&nbsp;__aeabi_dmul
<LI><a href="#[5c]">&gt;&gt;</a>&nbsp;&nbsp;&nbsp;__aeabi_dadd
<LI><a href="#[67]">&gt;&gt;</a>&nbsp;&nbsp;&nbsp;__aeabi_ui2d
</UL>

<P><STRONG><a name="[6d]"></a>_drnd</STRONG> (Thumb, 132 bytes, Stack size 24 bytes, drnd.o(.text))
<BR><BR>[Stack]<UL><LI>Max Depth = 32<LI>Call Chain = _drnd &rArr; _double_round
</UL>
<BR>[Calls]<UL><LI><a href="#[69]">&gt;&gt;</a>&nbsp;&nbsp;&nbsp;__aeabi_llsr
<LI><a href="#[5d]">&gt;&gt;</a>&nbsp;&nbsp;&nbsp;__aeabi_llsl
<LI><a href="#[60]">&gt;&gt;</a>&nbsp;&nbsp;&nbsp;_double_round
</UL>
<BR>[Called By]<UL><LI><a href="#[101]">&gt;&gt;</a>&nbsp;&nbsp;&nbsp;round
</UL>

<P><STRONG><a name="[6e]"></a>__aeabi_d2ulz</STRONG> (Thumb, 48 bytes, Stack size 0 bytes, dfixul.o(.text), UNUSED)
<BR><BR>[Calls]<UL><LI><a href="#[69]">&gt;&gt;</a>&nbsp;&nbsp;&nbsp;__aeabi_llsr
<LI><a href="#[5d]">&gt;&gt;</a>&nbsp;&nbsp;&nbsp;__aeabi_llsl
</UL>
<BR>[Called By]<UL><LI><a href="#[152]">&gt;&gt;</a>&nbsp;&nbsp;&nbsp;_fp_digits
</UL>

<P><STRONG><a name="[50]"></a>__scatterload</STRONG> (Thumb, 28 bytes, Stack size 0 bytes, init.o(.text))
<BR><BR>[Calls]<UL><LI><a href="#[6f]">&gt;&gt;</a>&nbsp;&nbsp;&nbsp;__main_after_scatterload
</UL>
<BR>[Called By]<UL><LI><a href="#[4f]">&gt;&gt;</a>&nbsp;&nbsp;&nbsp;_main_scatterload
</UL>

<P><STRONG><a name="[170]"></a>__scatterload_rt2</STRONG> (Thumb, 0 bytes, Stack size 0 bytes, init.o(.text), UNUSED)

<P><STRONG><a name="[10c]"></a>ADC_Cmd</STRONG> (Thumb, 22 bytes, Stack size 0 bytes, stm32f10x_adc.o(i.ADC_Cmd))
<BR><BR>[Called By]<UL><LI><a href="#[d6]">&gt;&gt;</a>&nbsp;&nbsp;&nbsp;PS2_ADCInit
</UL>

<P><STRONG><a name="[10b]"></a>ADC_DMACmd</STRONG> (Thumb, 22 bytes, Stack size 0 bytes, stm32f10x_adc.o(i.ADC_DMACmd))
<BR><BR>[Called By]<UL><LI><a href="#[d6]">&gt;&gt;</a>&nbsp;&nbsp;&nbsp;PS2_ADCInit
</UL>

<P><STRONG><a name="[110]"></a>ADC_GetCalibrationStatus</STRONG> (Thumb, 20 bytes, Stack size 0 bytes, stm32f10x_adc.o(i.ADC_GetCalibrationStatus))
<BR><BR>[Called By]<UL><LI><a href="#[d6]">&gt;&gt;</a>&nbsp;&nbsp;&nbsp;PS2_ADCInit
</UL>

<P><STRONG><a name="[10e]"></a>ADC_GetResetCalibrationStatus</STRONG> (Thumb, 20 bytes, Stack size 0 bytes, stm32f10x_adc.o(i.ADC_GetResetCalibrationStatus))
<BR><BR>[Called By]<UL><LI><a href="#[d6]">&gt;&gt;</a>&nbsp;&nbsp;&nbsp;PS2_ADCInit
</UL>

<P><STRONG><a name="[108]"></a>ADC_Init</STRONG> (Thumb, 70 bytes, Stack size 12 bytes, stm32f10x_adc.o(i.ADC_Init))
<BR><BR>[Stack]<UL><LI>Max Depth = 12<LI>Call Chain = ADC_Init
</UL>
<BR>[Called By]<UL><LI><a href="#[d6]">&gt;&gt;</a>&nbsp;&nbsp;&nbsp;PS2_ADCInit
</UL>

<P><STRONG><a name="[107]"></a>ADC_RegularChannelConfig</STRONG> (Thumb, 184 bytes, Stack size 20 bytes, stm32f10x_adc.o(i.ADC_RegularChannelConfig))
<BR><BR>[Stack]<UL><LI>Max Depth = 20<LI>Call Chain = ADC_RegularChannelConfig
</UL>
<BR>[Called By]<UL><LI><a href="#[d6]">&gt;&gt;</a>&nbsp;&nbsp;&nbsp;PS2_ADCInit
</UL>

<P><STRONG><a name="[10d]"></a>ADC_ResetCalibration</STRONG> (Thumb, 10 bytes, Stack size 0 bytes, stm32f10x_adc.o(i.ADC_ResetCalibration))
<BR><BR>[Called By]<UL><LI><a href="#[d6]">&gt;&gt;</a>&nbsp;&nbsp;&nbsp;PS2_ADCInit
</UL>

<P><STRONG><a name="[111]"></a>ADC_SoftwareStartConvCmd</STRONG> (Thumb, 22 bytes, Stack size 0 bytes, stm32f10x_adc.o(i.ADC_SoftwareStartConvCmd))
<BR><BR>[Called By]<UL><LI><a href="#[d6]">&gt;&gt;</a>&nbsp;&nbsp;&nbsp;PS2_ADCInit
</UL>

<P><STRONG><a name="[10f]"></a>ADC_StartCalibration</STRONG> (Thumb, 10 bytes, Stack size 0 bytes, stm32f10x_adc.o(i.ADC_StartCalibration))
<BR><BR>[Called By]<UL><LI><a href="#[d6]">&gt;&gt;</a>&nbsp;&nbsp;&nbsp;PS2_ADCInit
</UL>

<P><STRONG><a name="[3d]"></a>Alarm_Check</STRONG> (Thumb, 120 bytes, Stack size 16 bytes, alarm_clock.o(i.Alarm_Check))
<BR><BR>[Stack]<UL><LI>Max Depth = 80<LI>Call Chain = Alarm_Check &rArr; RTC_ReadTime &rArr; localtime &rArr; _localtime
</UL>
<BR>[Calls]<UL><LI><a href="#[7a]">&gt;&gt;</a>&nbsp;&nbsp;&nbsp;Buzzer_SetMode
<LI><a href="#[7b]">&gt;&gt;</a>&nbsp;&nbsp;&nbsp;RTC_ReadTime
<LI><a href="#[79]">&gt;&gt;</a>&nbsp;&nbsp;&nbsp;IR_GetKey
<LI><a href="#[75]">&gt;&gt;</a>&nbsp;&nbsp;&nbsp;vTask_Delete
</UL>
<BR>[Address Reference Count : 2]<UL><LI> alarm_clock.o(i.Alarm_Check)
<LI> alarm_clock.o(i.Alarm_Set)
</UL>
<P><STRONG><a name="[3c]"></a>Alarm_Clock_Proc</STRONG> (Thumb, 134 bytes, Stack size 8 bytes, alarm_clock.o(i.Alarm_Clock_Proc))
<BR><BR>[Stack]<UL><LI>Max Depth = 488<LI>Call Chain = Alarm_Clock_Proc &rArr; Alarm_Show &rArr; OLED_Printf &rArr; OLED_ShowString &rArr; OLED_ShowChar &rArr; OLED_ShowImage &rArr; OLED_ClearArea
</UL>
<BR>[Calls]<UL><LI><a href="#[7e]">&gt;&gt;</a>&nbsp;&nbsp;&nbsp;menu_selector
<LI><a href="#[7c]">&gt;&gt;</a>&nbsp;&nbsp;&nbsp;Alarm_Show
<LI><a href="#[79]">&gt;&gt;</a>&nbsp;&nbsp;&nbsp;IR_GetKey
<LI><a href="#[75]">&gt;&gt;</a>&nbsp;&nbsp;&nbsp;vTask_Delete
<LI><a href="#[7d]">&gt;&gt;</a>&nbsp;&nbsp;&nbsp;Scheduler_AddTask
</UL>
<BR>[Address Reference Count : 6]<UL><LI> menu.o(.data)
<LI> alarm_clock.o(i.Alarm_Clock_Proc)
<LI> alarm_clock.o(i.Alarm_Set)
<LI> alarm_clock.o(i.Buzzer_SetParam)
<LI> alarm_clock.o(i.Time_Set)
<LI> alarm_clock.o(i.menu_selector)
</UL>
<P><STRONG><a name="[7f]"></a>Alarm_Init</STRONG> (Thumb, 108 bytes, Stack size 8 bytes, alarm_clock.o(i.Alarm_Init))
<BR><BR>[Stack]<UL><LI>Max Depth = 72<LI>Call Chain = Alarm_Init &rArr; RTC_ReadTime &rArr; localtime &rArr; _localtime
</UL>
<BR>[Calls]<UL><LI><a href="#[80]">&gt;&gt;</a>&nbsp;&nbsp;&nbsp;Rtc_Init
<LI><a href="#[81]">&gt;&gt;</a>&nbsp;&nbsp;&nbsp;Buzzer_Init
<LI><a href="#[7b]">&gt;&gt;</a>&nbsp;&nbsp;&nbsp;RTC_ReadTime
<LI><a href="#[7d]">&gt;&gt;</a>&nbsp;&nbsp;&nbsp;Scheduler_AddTask
</UL>
<BR>[Called By]<UL><LI><a href="#[35]">&gt;&gt;</a>&nbsp;&nbsp;&nbsp;main
</UL>

<P><STRONG><a name="[128]"></a>App_Timer_GetTick</STRONG> (Thumb, 8 bytes, Stack size 0 bytes, app_timer.o(i.App_Timer_GetTick))
<BR><BR>[Called By]<UL><LI><a href="#[77]">&gt;&gt;</a>&nbsp;&nbsp;&nbsp;vTask_Delay
<LI><a href="#[12b]">&gt;&gt;</a>&nbsp;&nbsp;&nbsp;Task_Update
<LI><a href="#[12a]">&gt;&gt;</a>&nbsp;&nbsp;&nbsp;Scheduler_Run
<LI><a href="#[7d]">&gt;&gt;</a>&nbsp;&nbsp;&nbsp;Scheduler_AddTask
</UL>

<P><STRONG><a name="[8b]"></a>App_Timer_Init</STRONG> (Thumb, 118 bytes, Stack size 24 bytes, app_timer.o(i.App_Timer_Init))
<BR><BR>[Stack]<UL><LI>Max Depth = 40<LI>Call Chain = App_Timer_Init &rArr; NVIC_Init
</UL>
<BR>[Calls]<UL><LI><a href="#[8f]">&gt;&gt;</a>&nbsp;&nbsp;&nbsp;TIM_TimeBaseInit
<LI><a href="#[91]">&gt;&gt;</a>&nbsp;&nbsp;&nbsp;TIM_ITConfig
<LI><a href="#[90]">&gt;&gt;</a>&nbsp;&nbsp;&nbsp;TIM_GenerateEvent
<LI><a href="#[93]">&gt;&gt;</a>&nbsp;&nbsp;&nbsp;TIM_Cmd
<LI><a href="#[8e]">&gt;&gt;</a>&nbsp;&nbsp;&nbsp;TIM_ARRPreloadConfig
<LI><a href="#[8c]">&gt;&gt;</a>&nbsp;&nbsp;&nbsp;RCC_APB1PeriphResetCmd
<LI><a href="#[8d]">&gt;&gt;</a>&nbsp;&nbsp;&nbsp;RCC_APB1PeriphClockCmd
<LI><a href="#[92]">&gt;&gt;</a>&nbsp;&nbsp;&nbsp;NVIC_Init
</UL>
<BR>[Called By]<UL><LI><a href="#[129]">&gt;&gt;</a>&nbsp;&nbsp;&nbsp;Scheduler_Init
</UL>

<P><STRONG><a name="[94]"></a>ArmAction_Show</STRONG> (Thumb, 64 bytes, Stack size 24 bytes, arm_menu.o(i.ArmAction_Show))
<BR><BR>[Stack]<UL><LI>Max Depth = 472<LI>Call Chain = ArmAction_Show &rArr; OLED_Printf &rArr; OLED_ShowString &rArr; OLED_ShowChar &rArr; OLED_ShowImage &rArr; OLED_ClearArea
</UL>
<BR>[Calls]<UL><LI><a href="#[84]">&gt;&gt;</a>&nbsp;&nbsp;&nbsp;OLED_ReverseArea
<LI><a href="#[83]">&gt;&gt;</a>&nbsp;&nbsp;&nbsp;OLED_Printf
<LI><a href="#[82]">&gt;&gt;</a>&nbsp;&nbsp;&nbsp;OLED_Clear
</UL>
<BR>[Called By]<UL><LI><a href="#[9e]">&gt;&gt;</a>&nbsp;&nbsp;&nbsp;ArmMode_Details
</UL>

<P><STRONG><a name="[9a]"></a>ArmMenu_Home</STRONG> (Thumb, 198 bytes, Stack size 16 bytes, arm_menu.o(i.ArmMenu_Home))
<BR><BR>[Stack]<UL><LI>Max Depth = 40<LI>Call Chain = ArmMenu_Home &rArr; Scheduler_AddTask
</UL>
<BR>[Calls]<UL><LI><a href="#[79]">&gt;&gt;</a>&nbsp;&nbsp;&nbsp;IR_GetKey
<LI><a href="#[75]">&gt;&gt;</a>&nbsp;&nbsp;&nbsp;vTask_Delete
<LI><a href="#[7d]">&gt;&gt;</a>&nbsp;&nbsp;&nbsp;Scheduler_AddTask
</UL>
<BR>[Called By]<UL><LI><a href="#[9e]">&gt;&gt;</a>&nbsp;&nbsp;&nbsp;ArmMode_Details
</UL>

<P><STRONG><a name="[9b]"></a>ArmMenu_Init</STRONG> (Thumb, 42 bytes, Stack size 8 bytes, arm_menu.o(i.ArmMenu_Init))
<BR><BR>[Stack]<UL><LI>Max Depth = 112<LI>Call Chain = ArmMenu_Init &rArr; JOY_Control_Init &rArr; PS2_ADCInit &rArr; GPIO_Init
</UL>
<BR>[Calls]<UL><LI><a href="#[9c]">&gt;&gt;</a>&nbsp;&nbsp;&nbsp;Arm_Init
<LI><a href="#[9d]">&gt;&gt;</a>&nbsp;&nbsp;&nbsp;JOY_Control_Init
<LI><a href="#[7d]">&gt;&gt;</a>&nbsp;&nbsp;&nbsp;Scheduler_AddTask
</UL>
<BR>[Called By]<UL><LI><a href="#[35]">&gt;&gt;</a>&nbsp;&nbsp;&nbsp;main
</UL>

<P><STRONG><a name="[3e]"></a>ArmMenu_Proc</STRONG> (Thumb, 10 bytes, Stack size 8 bytes, arm_menu.o(i.ArmMenu_Proc))
<BR><BR>[Stack]<UL><LI>Max Depth = 504<LI>Call Chain = ArmMenu_Proc &rArr; ArmMode_Details &rArr; ArmRemote_Show &rArr; OLED_Printf &rArr; OLED_ShowString &rArr; OLED_ShowChar &rArr; OLED_ShowImage &rArr; OLED_ClearArea
</UL>
<BR>[Calls]<UL><LI><a href="#[9e]">&gt;&gt;</a>&nbsp;&nbsp;&nbsp;ArmMode_Details
</UL>
<BR>[Address Reference Count : 2]<UL><LI> menu.o(.data)
<LI> arm_menu.o(i.ArmMenu_Home)
</UL>
<P><STRONG><a name="[9e]"></a>ArmMode_Details</STRONG> (Thumb, 114 bytes, Stack size 8 bytes, arm_menu.o(i.ArmMode_Details))
<BR><BR>[Stack]<UL><LI>Max Depth = 496<LI>Call Chain = ArmMode_Details &rArr; ArmRemote_Show &rArr; OLED_Printf &rArr; OLED_ShowString &rArr; OLED_ShowChar &rArr; OLED_ShowImage &rArr; OLED_ClearArea
</UL>
<BR>[Calls]<UL><LI><a href="#[9a]">&gt;&gt;</a>&nbsp;&nbsp;&nbsp;ArmMenu_Home
<LI><a href="#[94]">&gt;&gt;</a>&nbsp;&nbsp;&nbsp;ArmAction_Show
<LI><a href="#[a1]">&gt;&gt;</a>&nbsp;&nbsp;&nbsp;Arm_Remote_Proc
<LI><a href="#[a3]">&gt;&gt;</a>&nbsp;&nbsp;&nbsp;Arm_ActionSecondary
<LI><a href="#[a2]">&gt;&gt;</a>&nbsp;&nbsp;&nbsp;Arm_Action
<LI><a href="#[a0]">&gt;&gt;</a>&nbsp;&nbsp;&nbsp;ArmRemote_Show
<LI><a href="#[9f]">&gt;&gt;</a>&nbsp;&nbsp;&nbsp;ArmMenu_Show
<LI><a href="#[96]">&gt;&gt;</a>&nbsp;&nbsp;&nbsp;ArmAuto_Show
<LI><a href="#[95]">&gt;&gt;</a>&nbsp;&nbsp;&nbsp;ArmAuro_Proc
</UL>
<BR>[Called By]<UL><LI><a href="#[3e]">&gt;&gt;</a>&nbsp;&nbsp;&nbsp;ArmMenu_Proc
</UL>

<P><STRONG><a name="[3f]"></a>ArmMode_Task</STRONG> (Thumb, 62 bytes, Stack size 8 bytes, arm_menu.o(i.ArmMode_Task))
<BR><BR>[Stack]<UL><LI>Max Depth = 148<LI>Call Chain = ArmMode_Task &rArr; Arm_Update &rArr; Servo_SetAngle &rArr; FanSpeed_Map &rArr; __aeabi_fadd &rArr; _float_epilogue
</UL>
<BR>[Calls]<UL><LI><a href="#[a4]">&gt;&gt;</a>&nbsp;&nbsp;&nbsp;Arm_Update
<LI><a href="#[a5]">&gt;&gt;</a>&nbsp;&nbsp;&nbsp;PS2_Uptada
<LI><a href="#[a6]">&gt;&gt;</a>&nbsp;&nbsp;&nbsp;USART_FrameHandler_Task
<LI><a href="#[a7]">&gt;&gt;</a>&nbsp;&nbsp;&nbsp;Change_Action
</UL>
<BR>[Address Reference Count : 1]<UL><LI> arm_menu.o(i.ArmMenu_Init)
</UL>
<P><STRONG><a name="[97]"></a>Arm_GetCurrent_Angle</STRONG> (Thumb, 4 bytes, Stack size 0 bytes, arm_control.o(i.Arm_GetCurrent_Angle))
<BR><BR>[Called By]<UL><LI><a href="#[a0]">&gt;&gt;</a>&nbsp;&nbsp;&nbsp;ArmRemote_Show
<LI><a href="#[96]">&gt;&gt;</a>&nbsp;&nbsp;&nbsp;ArmAuto_Show
</UL>

<P><STRONG><a name="[98]"></a>Arm_GetTarget_Angle</STRONG> (Thumb, 4 bytes, Stack size 0 bytes, arm_control.o(i.Arm_GetTarget_Angle))
<BR><BR>[Called By]<UL><LI><a href="#[a0]">&gt;&gt;</a>&nbsp;&nbsp;&nbsp;ArmRemote_Show
<LI><a href="#[96]">&gt;&gt;</a>&nbsp;&nbsp;&nbsp;ArmAuto_Show
</UL>

<P><STRONG><a name="[a9]"></a>Arm_IR_InputJudgment</STRONG> (Thumb, 26 bytes, Stack size 16 bytes, arm_menu.o(i.Arm_IR_InputJudgment))
<BR><BR>[Stack]<UL><LI>Max Depth = 16<LI>Call Chain = Arm_IR_InputJudgment
</UL>
<BR>[Calls]<UL><LI><a href="#[72]">&gt;&gt;</a>&nbsp;&nbsp;&nbsp;__aeabi_cfrcmple
</UL>
<BR>[Called By]<UL><LI><a href="#[a1]">&gt;&gt;</a>&nbsp;&nbsp;&nbsp;Arm_Remote_Proc
</UL>

<P><STRONG><a name="[9c]"></a>Arm_Init</STRONG> (Thumb, 8 bytes, Stack size 8 bytes, arm_control.o(i.Arm_Init))
<BR><BR>[Stack]<UL><LI>Max Depth = 80<LI>Call Chain = Arm_Init &rArr; motor_Init &rArr; GPIO_Init
</UL>
<BR>[Calls]<UL><LI><a href="#[aa]">&gt;&gt;</a>&nbsp;&nbsp;&nbsp;motor_Init
</UL>
<BR>[Called By]<UL><LI><a href="#[9b]">&gt;&gt;</a>&nbsp;&nbsp;&nbsp;ArmMenu_Init
</UL>

<P><STRONG><a name="[76]"></a>Arm_MoveTo</STRONG> (Thumb, 152 bytes, Stack size 24 bytes, arm_control.o(i.Arm_MoveTo))
<BR><BR>[Stack]<UL><LI>Max Depth = 24<LI>Call Chain = Arm_MoveTo
</UL>
<BR>[Calls]<UL><LI><a href="#[72]">&gt;&gt;</a>&nbsp;&nbsp;&nbsp;__aeabi_cfrcmple
<LI><a href="#[73]">&gt;&gt;</a>&nbsp;&nbsp;&nbsp;__aeabi_cfcmple
</UL>
<BR>[Called By]<UL><LI><a href="#[a5]">&gt;&gt;</a>&nbsp;&nbsp;&nbsp;PS2_Uptada
<LI><a href="#[b1]">&gt;&gt;</a>&nbsp;&nbsp;&nbsp;Cmd_ArmControl
<LI><a href="#[a1]">&gt;&gt;</a>&nbsp;&nbsp;&nbsp;Arm_Remote_Proc
<LI><a href="#[38]">&gt;&gt;</a>&nbsp;&nbsp;&nbsp;ActionRum
</UL>

<P><STRONG><a name="[a4]"></a>Arm_Update</STRONG> (Thumb, 266 bytes, Stack size 40 bytes, arm_control.o(i.Arm_Update))
<BR><BR>[Stack]<UL><LI>Max Depth = 140<LI>Call Chain = Arm_Update &rArr; Servo_SetAngle &rArr; FanSpeed_Map &rArr; __aeabi_fadd &rArr; _float_epilogue
</UL>
<BR>[Calls]<UL><LI><a href="#[63]">&gt;&gt;</a>&nbsp;&nbsp;&nbsp;__aeabi_dmul
<LI><a href="#[5c]">&gt;&gt;</a>&nbsp;&nbsp;&nbsp;__aeabi_dadd
<LI><a href="#[6a]">&gt;&gt;</a>&nbsp;&nbsp;&nbsp;__aeabi_d2f
<LI><a href="#[ac]">&gt;&gt;</a>&nbsp;&nbsp;&nbsp;Servo_SetAngle
<LI><a href="#[ab]">&gt;&gt;</a>&nbsp;&nbsp;&nbsp;Moto_correction
<LI><a href="#[87]">&gt;&gt;</a>&nbsp;&nbsp;&nbsp;__aeabi_f2d
</UL>
<BR>[Called By]<UL><LI><a href="#[3f]">&gt;&gt;</a>&nbsp;&nbsp;&nbsp;ArmMode_Task
</UL>

<P><STRONG><a name="[121]"></a>BKP_ReadBackupRegister</STRONG> (Thumb, 24 bytes, Stack size 8 bytes, stm32f10x_bkp.o(i.BKP_ReadBackupRegister))
<BR><BR>[Stack]<UL><LI>Max Depth = 8<LI>Call Chain = BKP_ReadBackupRegister
</UL>
<BR>[Called By]<UL><LI><a href="#[80]">&gt;&gt;</a>&nbsp;&nbsp;&nbsp;Rtc_Init
</UL>

<P><STRONG><a name="[127]"></a>BKP_WriteBackupRegister</STRONG> (Thumb, 22 bytes, Stack size 8 bytes, stm32f10x_bkp.o(i.BKP_WriteBackupRegister))
<BR><BR>[Stack]<UL><LI>Max Depth = 8<LI>Call Chain = BKP_WriteBackupRegister
</UL>
<BR>[Called By]<UL><LI><a href="#[80]">&gt;&gt;</a>&nbsp;&nbsp;&nbsp;Rtc_Init
</UL>

<P><STRONG><a name="[4]"></a>BusFault_Handler</STRONG> (Thumb, 4 bytes, Stack size 0 bytes, stm32f10x_it.o(i.BusFault_Handler))
<BR>[Address Reference Count : 1]<UL><LI> startup_stm32f10x_md.o(RESET)
</UL>
<P><STRONG><a name="[81]"></a>Buzzer_Init</STRONG> (Thumb, 88 bytes, Stack size 16 bytes, active_buzzer.o(i.Buzzer_Init))
<BR><BR>[Stack]<UL><LI>Max Depth = 40<LI>Call Chain = Buzzer_Init &rArr; GPIO_Init
</UL>
<BR>[Calls]<UL><LI><a href="#[ad]">&gt;&gt;</a>&nbsp;&nbsp;&nbsp;RCC_APB2PeriphClockCmd
<LI><a href="#[ae]">&gt;&gt;</a>&nbsp;&nbsp;&nbsp;GPIO_Init
<LI><a href="#[af]">&gt;&gt;</a>&nbsp;&nbsp;&nbsp;Buzzer_SetState
</UL>
<BR>[Called By]<UL><LI><a href="#[7f]">&gt;&gt;</a>&nbsp;&nbsp;&nbsp;Alarm_Init
</UL>

<P><STRONG><a name="[3a]"></a>Buzzer_Proc</STRONG> (Thumb, 134 bytes, Stack size 16 bytes, active_buzzer.o(i.Buzzer_Proc))
<BR><BR>[Stack]<UL><LI>Max Depth = 32<LI>Call Chain = Buzzer_Proc &rArr; Buzzer_SetState
</UL>
<BR>[Calls]<UL><LI><a href="#[af]">&gt;&gt;</a>&nbsp;&nbsp;&nbsp;Buzzer_SetState
</UL>
<BR>[Address Reference Count : 1]<UL><LI> alarm_clock.o(i.Alarm_Init)
</UL>
<P><STRONG><a name="[7a]"></a>Buzzer_SetMode</STRONG> (Thumb, 78 bytes, Stack size 24 bytes, active_buzzer.o(i.Buzzer_SetMode))
<BR><BR>[Stack]<UL><LI>Max Depth = 40<LI>Call Chain = Buzzer_SetMode &rArr; Buzzer_SetState
</UL>
<BR>[Calls]<UL><LI><a href="#[af]">&gt;&gt;</a>&nbsp;&nbsp;&nbsp;Buzzer_SetState
</UL>
<BR>[Called By]<UL><LI><a href="#[3d]">&gt;&gt;</a>&nbsp;&nbsp;&nbsp;Alarm_Check
<LI><a href="#[40]">&gt;&gt;</a>&nbsp;&nbsp;&nbsp;Buzzer_SetParam
<LI><a href="#[3b]">&gt;&gt;</a>&nbsp;&nbsp;&nbsp;Alarm_Set
<LI><a href="#[b3]">&gt;&gt;</a>&nbsp;&nbsp;&nbsp;Cmd_BuzzerOFF
<LI><a href="#[b2]">&gt;&gt;</a>&nbsp;&nbsp;&nbsp;Cmd_BuzzerControl
</UL>

<P><STRONG><a name="[af]"></a>Buzzer_SetState</STRONG> (Thumb, 88 bytes, Stack size 16 bytes, active_buzzer.o(i.Buzzer_SetState))
<BR><BR>[Stack]<UL><LI>Max Depth = 16<LI>Call Chain = Buzzer_SetState
</UL>
<BR>[Calls]<UL><LI><a href="#[b0]">&gt;&gt;</a>&nbsp;&nbsp;&nbsp;GPIO_WriteBit
</UL>
<BR>[Called By]<UL><LI><a href="#[7a]">&gt;&gt;</a>&nbsp;&nbsp;&nbsp;Buzzer_SetMode
<LI><a href="#[3a]">&gt;&gt;</a>&nbsp;&nbsp;&nbsp;Buzzer_Proc
<LI><a href="#[81]">&gt;&gt;</a>&nbsp;&nbsp;&nbsp;Buzzer_Init
</UL>

<P><STRONG><a name="[b8]"></a>Contact_Init</STRONG> (Thumb, 352 bytes, Stack size 40 bytes, contact.o(i.Contact_Init))
<BR><BR>[Stack]<UL><LI>Max Depth = 48<LI>Call Chain = Contact_Init &rArr; strncpy
</UL>
<BR>[Calls]<UL><LI><a href="#[b9]">&gt;&gt;</a>&nbsp;&nbsp;&nbsp;strncpy
<LI><a href="#[53]">&gt;&gt;</a>&nbsp;&nbsp;&nbsp;__aeabi_memclr
<LI><a href="#[b6]">&gt;&gt;</a>&nbsp;&nbsp;&nbsp;__aeabi_memcpy
</UL>
<BR>[Called By]<UL><LI><a href="#[35]">&gt;&gt;</a>&nbsp;&nbsp;&nbsp;main
</UL>

<P><STRONG><a name="[48]"></a>Contact_Proc</STRONG> (Thumb, 128 bytes, Stack size 8 bytes, contact.o(i.Contact_Proc))
<BR><BR>[Stack]<UL><LI>Max Depth = 472<LI>Call Chain = Contact_Proc &rArr; Contact_HomeShow &rArr; OLED_Printf &rArr; OLED_ShowString &rArr; OLED_ShowChar &rArr; OLED_ShowImage &rArr; OLED_ClearArea
</UL>
<BR>[Calls]<UL><LI><a href="#[bd]">&gt;&gt;</a>&nbsp;&nbsp;&nbsp;Tail_insertion
<LI><a href="#[ba]">&gt;&gt;</a>&nbsp;&nbsp;&nbsp;Option_up
<LI><a href="#[bb]">&gt;&gt;</a>&nbsp;&nbsp;&nbsp;Option_down
<LI><a href="#[bc]">&gt;&gt;</a>&nbsp;&nbsp;&nbsp;Head_insertion
<LI><a href="#[b5]">&gt;&gt;</a>&nbsp;&nbsp;&nbsp;Current_option
<LI><a href="#[b7]">&gt;&gt;</a>&nbsp;&nbsp;&nbsp;Contact_HomeShow
<LI><a href="#[b4]">&gt;&gt;</a>&nbsp;&nbsp;&nbsp;Contact_Delete
<LI><a href="#[79]">&gt;&gt;</a>&nbsp;&nbsp;&nbsp;IR_GetKey
<LI><a href="#[75]">&gt;&gt;</a>&nbsp;&nbsp;&nbsp;vTask_Delete
<LI><a href="#[7d]">&gt;&gt;</a>&nbsp;&nbsp;&nbsp;Scheduler_AddTask
</UL>
<BR>[Address Reference Count : 3]<UL><LI> menu.o(.data)
<LI> contact.o(i.Contact_Proc)
<LI> contact.o(i.Name_HomeShow)
</UL>
<P><STRONG><a name="[be]"></a>CreateMap</STRONG> (Thumb, 68 bytes, Stack size 8 bytes, greedysnake.o(i.CreateMap))
<BR><BR>[Stack]<UL><LI>Max Depth = 56<LI>Call Chain = CreateMap &rArr; OLED_DrawRectangle &rArr; OLED_DrawPoint
</UL>
<BR>[Calls]<UL><LI><a href="#[bf]">&gt;&gt;</a>&nbsp;&nbsp;&nbsp;OLED_DrawRectangle
</UL>
<BR>[Called By]<UL><LI><a href="#[4c]">&gt;&gt;</a>&nbsp;&nbsp;&nbsp;GreedySnake_Proc
</UL>

<P><STRONG><a name="[10a]"></a>DMA_Cmd</STRONG> (Thumb, 24 bytes, Stack size 0 bytes, stm32f10x_dma.o(i.DMA_Cmd))
<BR><BR>[Called By]<UL><LI><a href="#[d6]">&gt;&gt;</a>&nbsp;&nbsp;&nbsp;PS2_ADCInit
</UL>

<P><STRONG><a name="[109]"></a>DMA_Init</STRONG> (Thumb, 60 bytes, Stack size 8 bytes, stm32f10x_dma.o(i.DMA_Init))
<BR><BR>[Stack]<UL><LI>Max Depth = 8<LI>Call Chain = DMA_Init
</UL>
<BR>[Called By]<UL><LI><a href="#[d6]">&gt;&gt;</a>&nbsp;&nbsp;&nbsp;PS2_ADCInit
</UL>

<P><STRONG><a name="[7]"></a>DebugMon_Handler</STRONG> (Thumb, 2 bytes, Stack size 0 bytes, stm32f10x_it.o(i.DebugMon_Handler))
<BR>[Address Reference Count : 1]<UL><LI> startup_stm32f10x_md.o(RESET)
</UL>
<P><STRONG><a name="[ae]"></a>GPIO_Init</STRONG> (Thumb, 278 bytes, Stack size 24 bytes, stm32f10x_gpio.o(i.GPIO_Init))
<BR><BR>[Stack]<UL><LI>Max Depth = 24<LI>Call Chain = GPIO_Init
</UL>
<BR>[Called By]<UL><LI><a href="#[81]">&gt;&gt;</a>&nbsp;&nbsp;&nbsp;Buzzer_Init
<LI><a href="#[d7]">&gt;&gt;</a>&nbsp;&nbsp;&nbsp;LED_Init
<LI><a href="#[aa]">&gt;&gt;</a>&nbsp;&nbsp;&nbsp;motor_Init
<LI><a href="#[d6]">&gt;&gt;</a>&nbsp;&nbsp;&nbsp;PS2_ADCInit
<LI><a href="#[ea]">&gt;&gt;</a>&nbsp;&nbsp;&nbsp;NEC_Init
<LI><a href="#[14c]">&gt;&gt;</a>&nbsp;&nbsp;&nbsp;usart_slave_Init
<LI><a href="#[f2]">&gt;&gt;</a>&nbsp;&nbsp;&nbsp;OLED_GPIO_Init
</UL>

<P><STRONG><a name="[138]"></a>GPIO_ReadInputDataBit</STRONG> (Thumb, 18 bytes, Stack size 0 bytes, stm32f10x_gpio.o(i.GPIO_ReadInputDataBit))
<BR><BR>[Called By]<UL><LI><a href="#[23]">&gt;&gt;</a>&nbsp;&nbsp;&nbsp;TIM1_UP_IRQHandler
</UL>

<P><STRONG><a name="[b0]"></a>GPIO_WriteBit</STRONG> (Thumb, 10 bytes, Stack size 0 bytes, stm32f10x_gpio.o(i.GPIO_WriteBit))
<BR><BR>[Called By]<UL><LI><a href="#[e3]">&gt;&gt;</a>&nbsp;&nbsp;&nbsp;Moto_SetState
<LI><a href="#[d8]">&gt;&gt;</a>&nbsp;&nbsp;&nbsp;LED_SetState
<LI><a href="#[af]">&gt;&gt;</a>&nbsp;&nbsp;&nbsp;Buzzer_SetState
<LI><a href="#[f4]">&gt;&gt;</a>&nbsp;&nbsp;&nbsp;OLED_W_SDA
<LI><a href="#[f3]">&gt;&gt;</a>&nbsp;&nbsp;&nbsp;OLED_W_SCL
</UL>

<P><STRONG><a name="[c1]"></a>GetRandom</STRONG> (Thumb, 30 bytes, Stack size 16 bytes, app_timer.o(i.GetRandom))
<BR><BR>[Stack]<UL><LI>Max Depth = 16<LI>Call Chain = GetRandom
</UL>
<BR>[Calls]<UL><LI><a href="#[c2]">&gt;&gt;</a>&nbsp;&nbsp;&nbsp;TIM_GetCounter
<LI><a href="#[c3]">&gt;&gt;</a>&nbsp;&nbsp;&nbsp;srand
<LI><a href="#[c4]">&gt;&gt;</a>&nbsp;&nbsp;&nbsp;rand
</UL>
<BR>[Called By]<UL><LI><a href="#[e1]">&gt;&gt;</a>&nbsp;&nbsp;&nbsp;MineBoard_Init
<LI><a href="#[cc]">&gt;&gt;</a>&nbsp;&nbsp;&nbsp;GuessGame_FirstEntry
<LI><a href="#[131]">&gt;&gt;</a>&nbsp;&nbsp;&nbsp;Snake_GenerateFood
</UL>

<P><STRONG><a name="[cf]"></a>Get_CursorToBoard</STRONG> (Thumb, 42 bytes, Stack size 0 bytes, guessmine.o(i.Get_CursorToBoard))
<BR><BR>[Called By]<UL><LI><a href="#[4d]">&gt;&gt;</a>&nbsp;&nbsp;&nbsp;GuessMine_Proc
</UL>

<P><STRONG><a name="[4c]"></a>GreedySnake_Proc</STRONG> (Thumb, 200 bytes, Stack size 856 bytes, greedysnake.o(i.GreedySnake_Proc))
<BR><BR>[Stack]<UL><LI>Max Depth = 1312<LI>Call Chain = GreedySnake_Proc &rArr; Snake_GameVictory &rArr; OLED_Printf &rArr; OLED_ShowString &rArr; OLED_ShowChar &rArr; OLED_ShowImage &rArr; OLED_ClearArea
</UL>
<BR>[Calls]<UL><LI><a href="#[79]">&gt;&gt;</a>&nbsp;&nbsp;&nbsp;IR_GetKey
<LI><a href="#[75]">&gt;&gt;</a>&nbsp;&nbsp;&nbsp;vTask_Delete
<LI><a href="#[77]">&gt;&gt;</a>&nbsp;&nbsp;&nbsp;vTask_Delay
<LI><a href="#[c5]">&gt;&gt;</a>&nbsp;&nbsp;&nbsp;SnakeGame_Init
<LI><a href="#[7d]">&gt;&gt;</a>&nbsp;&nbsp;&nbsp;Scheduler_AddTask
<LI><a href="#[c7]">&gt;&gt;</a>&nbsp;&nbsp;&nbsp;Snake_Move
<LI><a href="#[cb]">&gt;&gt;</a>&nbsp;&nbsp;&nbsp;Snake_GameVictory
<LI><a href="#[ca]">&gt;&gt;</a>&nbsp;&nbsp;&nbsp;Snake_GameOver
<LI><a href="#[c9]">&gt;&gt;</a>&nbsp;&nbsp;&nbsp;Snake_CreateTmp
<LI><a href="#[c6]">&gt;&gt;</a>&nbsp;&nbsp;&nbsp;SnakeDeInit
<LI><a href="#[be]">&gt;&gt;</a>&nbsp;&nbsp;&nbsp;CreateMap
<LI><a href="#[c8]">&gt;&gt;</a>&nbsp;&nbsp;&nbsp;__aeabi_memcpy4
</UL>
<BR>[Address Reference Count : 2]<UL><LI> menu.o(.data)
<LI> greedysnake.o(i.GreedySnake_Proc)
</UL>
<P><STRONG><a name="[cc]"></a>GuessGame_FirstEntry</STRONG> (Thumb, 36 bytes, Stack size 8 bytes, guessnum.o(i.GuessGame_FirstEntry))
<BR><BR>[Stack]<UL><LI>Max Depth = 464<LI>Call Chain = GuessGame_FirstEntry &rArr; Guess_Show &rArr; OLED_Printf &rArr; OLED_ShowString &rArr; OLED_ShowChar &rArr; OLED_ShowImage &rArr; OLED_ClearArea
</UL>
<BR>[Calls]<UL><LI><a href="#[82]">&gt;&gt;</a>&nbsp;&nbsp;&nbsp;OLED_Clear
<LI><a href="#[cd]">&gt;&gt;</a>&nbsp;&nbsp;&nbsp;Guess_Show
<LI><a href="#[c1]">&gt;&gt;</a>&nbsp;&nbsp;&nbsp;GetRandom
</UL>
<BR>[Called By]<UL><LI><a href="#[4e]">&gt;&gt;</a>&nbsp;&nbsp;&nbsp;GuessNum_Proc
</UL>

<P><STRONG><a name="[4d]"></a>GuessMine_Proc</STRONG> (Thumb, 830 bytes, Stack size 16 bytes, guessmine.o(i.GuessMine_Proc))
<BR><BR>[Stack]<UL><LI>Max Depth = 472<LI>Call Chain = GuessMine_Proc &rArr; Mine_Victory &rArr; OLED_Printf &rArr; OLED_ShowString &rArr; OLED_ShowChar &rArr; OLED_ShowImage &rArr; OLED_ClearArea
</UL>
<BR>[Calls]<UL><LI><a href="#[84]">&gt;&gt;</a>&nbsp;&nbsp;&nbsp;OLED_ReverseArea
<LI><a href="#[83]">&gt;&gt;</a>&nbsp;&nbsp;&nbsp;OLED_Printf
<LI><a href="#[82]">&gt;&gt;</a>&nbsp;&nbsp;&nbsp;OLED_Clear
<LI><a href="#[79]">&gt;&gt;</a>&nbsp;&nbsp;&nbsp;IR_GetKey
<LI><a href="#[75]">&gt;&gt;</a>&nbsp;&nbsp;&nbsp;vTask_Delete
<LI><a href="#[7d]">&gt;&gt;</a>&nbsp;&nbsp;&nbsp;Scheduler_AddTask
<LI><a href="#[ce]">&gt;&gt;</a>&nbsp;&nbsp;&nbsp;OLED_DrawLine
<LI><a href="#[d2]">&gt;&gt;</a>&nbsp;&nbsp;&nbsp;Mine_Victory
<LI><a href="#[d1]">&gt;&gt;</a>&nbsp;&nbsp;&nbsp;HasMine
<LI><a href="#[cf]">&gt;&gt;</a>&nbsp;&nbsp;&nbsp;Get_CursorToBoard
<LI><a href="#[bf]">&gt;&gt;</a>&nbsp;&nbsp;&nbsp;OLED_DrawRectangle
<LI><a href="#[d0]">&gt;&gt;</a>&nbsp;&nbsp;&nbsp;OLED_ClearArea
<LI><a href="#[53]">&gt;&gt;</a>&nbsp;&nbsp;&nbsp;__aeabi_memclr
</UL>
<BR>[Address Reference Count : 2]<UL><LI> menu.o(.data)
<LI> guessmine.o(i.GuessMine_Proc)
</UL>
<P><STRONG><a name="[4e]"></a>GuessNum_Proc</STRONG> (Thumb, 126 bytes, Stack size 8 bytes, guessnum.o(i.GuessNum_Proc))
<BR><BR>[Stack]<UL><LI>Max Depth = 472<LI>Call Chain = GuessNum_Proc &rArr; GuessGame_FirstEntry &rArr; Guess_Show &rArr; OLED_Printf &rArr; OLED_ShowString &rArr; OLED_ShowChar &rArr; OLED_ShowImage &rArr; OLED_ClearArea
</UL>
<BR>[Calls]<UL><LI><a href="#[79]">&gt;&gt;</a>&nbsp;&nbsp;&nbsp;IR_GetKey
<LI><a href="#[75]">&gt;&gt;</a>&nbsp;&nbsp;&nbsp;vTask_Delete
<LI><a href="#[7d]">&gt;&gt;</a>&nbsp;&nbsp;&nbsp;Scheduler_AddTask
<LI><a href="#[d3]">&gt;&gt;</a>&nbsp;&nbsp;&nbsp;Size_Judgment
<LI><a href="#[cd]">&gt;&gt;</a>&nbsp;&nbsp;&nbsp;Guess_Show
<LI><a href="#[cc]">&gt;&gt;</a>&nbsp;&nbsp;&nbsp;GuessGame_FirstEntry
</UL>
<BR>[Address Reference Count : 2]<UL><LI> menu.o(.data)
<LI> guessnum.o(i.GuessNum_Proc)
</UL>
<P><STRONG><a name="[cd]"></a>Guess_Show</STRONG> (Thumb, 52 bytes, Stack size 8 bytes, guessnum.o(i.Guess_Show))
<BR><BR>[Stack]<UL><LI>Max Depth = 456<LI>Call Chain = Guess_Show &rArr; OLED_Printf &rArr; OLED_ShowString &rArr; OLED_ShowChar &rArr; OLED_ShowImage &rArr; OLED_ClearArea
</UL>
<BR>[Calls]<UL><LI><a href="#[83]">&gt;&gt;</a>&nbsp;&nbsp;&nbsp;OLED_Printf
<LI><a href="#[d0]">&gt;&gt;</a>&nbsp;&nbsp;&nbsp;OLED_ClearArea
</UL>
<BR>[Called By]<UL><LI><a href="#[4e]">&gt;&gt;</a>&nbsp;&nbsp;&nbsp;GuessNum_Proc
<LI><a href="#[cc]">&gt;&gt;</a>&nbsp;&nbsp;&nbsp;GuessGame_FirstEntry
</UL>

<P><STRONG><a name="[2]"></a>HardFault_Handler</STRONG> (Thumb, 4 bytes, Stack size 0 bytes, stm32f10x_it.o(i.HardFault_Handler))
<BR>[Address Reference Count : 1]<UL><LI> startup_stm32f10x_md.o(RESET)
</UL>
<P><STRONG><a name="[d1]"></a>HasMine</STRONG> (Thumb, 126 bytes, Stack size 12 bytes, guessmine.o(i.HasMine))
<BR><BR>[Stack]<UL><LI>Max Depth = 12<LI>Call Chain = HasMine
</UL>
<BR>[Called By]<UL><LI><a href="#[4d]">&gt;&gt;</a>&nbsp;&nbsp;&nbsp;GuessMine_Proc
</UL>

<P><STRONG><a name="[79]"></a>IR_GetKey</STRONG> (Thumb, 70 bytes, Stack size 0 bytes, nec_driver.o(i.IR_GetKey))
<BR><BR>[Called By]<UL><LI><a href="#[41]">&gt;&gt;</a>&nbsp;&nbsp;&nbsp;Name_HomeShow
<LI><a href="#[42]">&gt;&gt;</a>&nbsp;&nbsp;&nbsp;Input_Char
<LI><a href="#[3d]">&gt;&gt;</a>&nbsp;&nbsp;&nbsp;Alarm_Check
<LI><a href="#[49]">&gt;&gt;</a>&nbsp;&nbsp;&nbsp;Time_Set
<LI><a href="#[40]">&gt;&gt;</a>&nbsp;&nbsp;&nbsp;Buzzer_SetParam
<LI><a href="#[3b]">&gt;&gt;</a>&nbsp;&nbsp;&nbsp;Alarm_Set
<LI><a href="#[46]">&gt;&gt;</a>&nbsp;&nbsp;&nbsp;LedSet_Proc_Stm
<LI><a href="#[45]">&gt;&gt;</a>&nbsp;&nbsp;&nbsp;LedSet_Proc_Esp
<LI><a href="#[43]">&gt;&gt;</a>&nbsp;&nbsp;&nbsp;LedSet_Proc_Cam
<LI><a href="#[44]">&gt;&gt;</a>&nbsp;&nbsp;&nbsp;LedSet_Menu_Proc
<LI><a href="#[4e]">&gt;&gt;</a>&nbsp;&nbsp;&nbsp;GuessNum_Proc
<LI><a href="#[4d]">&gt;&gt;</a>&nbsp;&nbsp;&nbsp;GuessMine_Proc
<LI><a href="#[4c]">&gt;&gt;</a>&nbsp;&nbsp;&nbsp;GreedySnake_Proc
<LI><a href="#[48]">&gt;&gt;</a>&nbsp;&nbsp;&nbsp;Contact_Proc
<LI><a href="#[3c]">&gt;&gt;</a>&nbsp;&nbsp;&nbsp;Alarm_Clock_Proc
<LI><a href="#[39]">&gt;&gt;</a>&nbsp;&nbsp;&nbsp;Menu_Proc
<LI><a href="#[9a]">&gt;&gt;</a>&nbsp;&nbsp;&nbsp;ArmMenu_Home
<LI><a href="#[a1]">&gt;&gt;</a>&nbsp;&nbsp;&nbsp;Arm_Remote_Proc
<LI><a href="#[a3]">&gt;&gt;</a>&nbsp;&nbsp;&nbsp;Arm_ActionSecondary
<LI><a href="#[a2]">&gt;&gt;</a>&nbsp;&nbsp;&nbsp;Arm_Action
<LI><a href="#[95]">&gt;&gt;</a>&nbsp;&nbsp;&nbsp;ArmAuro_Proc
</UL>

<P><STRONG><a name="[9d]"></a>JOY_Control_Init</STRONG> (Thumb, 62 bytes, Stack size 8 bytes, ps2_control_arm.o(i.JOY_Control_Init))
<BR><BR>[Stack]<UL><LI>Max Depth = 104<LI>Call Chain = JOY_Control_Init &rArr; PS2_ADCInit &rArr; GPIO_Init
</UL>
<BR>[Calls]<UL><LI><a href="#[d6]">&gt;&gt;</a>&nbsp;&nbsp;&nbsp;PS2_ADCInit
</UL>
<BR>[Called By]<UL><LI><a href="#[9b]">&gt;&gt;</a>&nbsp;&nbsp;&nbsp;ArmMenu_Init
</UL>

<P><STRONG><a name="[d7]"></a>LED_Init</STRONG> (Thumb, 88 bytes, Stack size 16 bytes, led_blink.o(i.LED_Init))
<BR><BR>[Stack]<UL><LI>Max Depth = 40<LI>Call Chain = LED_Init &rArr; GPIO_Init
</UL>
<BR>[Calls]<UL><LI><a href="#[d8]">&gt;&gt;</a>&nbsp;&nbsp;&nbsp;LED_SetState
<LI><a href="#[ad]">&gt;&gt;</a>&nbsp;&nbsp;&nbsp;RCC_APB2PeriphClockCmd
<LI><a href="#[ae]">&gt;&gt;</a>&nbsp;&nbsp;&nbsp;GPIO_Init
</UL>
<BR>[Called By]<UL><LI><a href="#[dc]">&gt;&gt;</a>&nbsp;&nbsp;&nbsp;Led_BlinkInit
</UL>

<P><STRONG><a name="[47]"></a>LED_Proc</STRONG> (Thumb, 136 bytes, Stack size 16 bytes, led_blink.o(i.LED_Proc))
<BR><BR>[Stack]<UL><LI>Max Depth = 32<LI>Call Chain = LED_Proc &rArr; LED_SetState
</UL>
<BR>[Calls]<UL><LI><a href="#[d8]">&gt;&gt;</a>&nbsp;&nbsp;&nbsp;LED_SetState
</UL>
<BR>[Address Reference Count : 1]<UL><LI> led_frequency.o(i.Led_BlinkInit)
</UL>
<P><STRONG><a name="[d9]"></a>LED_SetMode</STRONG> (Thumb, 78 bytes, Stack size 24 bytes, led_blink.o(i.LED_SetMode))
<BR><BR>[Stack]<UL><LI>Max Depth = 40<LI>Call Chain = LED_SetMode &rArr; LED_SetState
</UL>
<BR>[Calls]<UL><LI><a href="#[d8]">&gt;&gt;</a>&nbsp;&nbsp;&nbsp;LED_SetState
</UL>
<BR>[Called By]<UL><LI><a href="#[46]">&gt;&gt;</a>&nbsp;&nbsp;&nbsp;LedSet_Proc_Stm
<LI><a href="#[dc]">&gt;&gt;</a>&nbsp;&nbsp;&nbsp;Led_BlinkInit
</UL>

<P><STRONG><a name="[d8]"></a>LED_SetState</STRONG> (Thumb, 88 bytes, Stack size 16 bytes, led_blink.o(i.LED_SetState))
<BR><BR>[Stack]<UL><LI>Max Depth = 16<LI>Call Chain = LED_SetState
</UL>
<BR>[Calls]<UL><LI><a href="#[b0]">&gt;&gt;</a>&nbsp;&nbsp;&nbsp;GPIO_WriteBit
</UL>
<BR>[Called By]<UL><LI><a href="#[d9]">&gt;&gt;</a>&nbsp;&nbsp;&nbsp;LED_SetMode
<LI><a href="#[47]">&gt;&gt;</a>&nbsp;&nbsp;&nbsp;LED_Proc
<LI><a href="#[d7]">&gt;&gt;</a>&nbsp;&nbsp;&nbsp;LED_Init
</UL>

<P><STRONG><a name="[44]"></a>LedSet_Menu_Proc</STRONG> (Thumb, 294 bytes, Stack size 8 bytes, led_frequency.o(i.LedSet_Menu_Proc))
<BR><BR>[Stack]<UL><LI>Max Depth = 456<LI>Call Chain = LedSet_Menu_Proc &rArr; OLED_Printf &rArr; OLED_ShowString &rArr; OLED_ShowChar &rArr; OLED_ShowImage &rArr; OLED_ClearArea
</UL>
<BR>[Calls]<UL><LI><a href="#[da]">&gt;&gt;</a>&nbsp;&nbsp;&nbsp;menu_selector
<LI><a href="#[84]">&gt;&gt;</a>&nbsp;&nbsp;&nbsp;OLED_ReverseArea
<LI><a href="#[83]">&gt;&gt;</a>&nbsp;&nbsp;&nbsp;OLED_Printf
<LI><a href="#[82]">&gt;&gt;</a>&nbsp;&nbsp;&nbsp;OLED_Clear
<LI><a href="#[79]">&gt;&gt;</a>&nbsp;&nbsp;&nbsp;IR_GetKey
<LI><a href="#[75]">&gt;&gt;</a>&nbsp;&nbsp;&nbsp;vTask_Delete
<LI><a href="#[7d]">&gt;&gt;</a>&nbsp;&nbsp;&nbsp;Scheduler_AddTask
</UL>
<BR>[Address Reference Count : 6]<UL><LI> menu.o(.data)
<LI> led_frequency.o(i.LedSet_Proc_Esp)
<LI> led_frequency.o(i.LedSet_Proc_Stm)
<LI> led_frequency.o(i.menu_selector)
<LI> led_frequency.o(i.LedSet_Menu_Proc)
<LI> led_frequency.o(i.LedSet_Proc_Cam)
</UL>
<P><STRONG><a name="[dc]"></a>Led_BlinkInit</STRONG> (Thumb, 52 bytes, Stack size 8 bytes, led_frequency.o(i.Led_BlinkInit))
<BR><BR>[Stack]<UL><LI>Max Depth = 48<LI>Call Chain = Led_BlinkInit &rArr; LED_SetMode &rArr; LED_SetState
</UL>
<BR>[Calls]<UL><LI><a href="#[d9]">&gt;&gt;</a>&nbsp;&nbsp;&nbsp;LED_SetMode
<LI><a href="#[d7]">&gt;&gt;</a>&nbsp;&nbsp;&nbsp;LED_Init
<LI><a href="#[7d]">&gt;&gt;</a>&nbsp;&nbsp;&nbsp;Scheduler_AddTask
</UL>
<BR>[Called By]<UL><LI><a href="#[35]">&gt;&gt;</a>&nbsp;&nbsp;&nbsp;main
</UL>

<P><STRONG><a name="[3]"></a>MemManage_Handler</STRONG> (Thumb, 4 bytes, Stack size 0 bytes, stm32f10x_it.o(i.MemManage_Handler))
<BR>[Address Reference Count : 1]<UL><LI> startup_stm32f10x_md.o(RESET)
</UL>
<P><STRONG><a name="[39]"></a>Menu_Proc</STRONG> (Thumb, 60 bytes, Stack size 8 bytes, menu.o(i.Menu_Proc))
<BR><BR>[Stack]<UL><LI>Max Depth = 480<LI>Call Chain = Menu_Proc &rArr; Menu_HomeShow &rArr; OLED_Printf &rArr; OLED_ShowString &rArr; OLED_ShowChar &rArr; OLED_ShowImage &rArr; OLED_ClearArea
</UL>
<BR>[Calls]<UL><LI><a href="#[79]">&gt;&gt;</a>&nbsp;&nbsp;&nbsp;IR_GetKey
<LI><a href="#[e0]">&gt;&gt;</a>&nbsp;&nbsp;&nbsp;Task_creation
<LI><a href="#[de]">&gt;&gt;</a>&nbsp;&nbsp;&nbsp;Option_up
<LI><a href="#[df]">&gt;&gt;</a>&nbsp;&nbsp;&nbsp;Option_down
<LI><a href="#[dd]">&gt;&gt;</a>&nbsp;&nbsp;&nbsp;Menu_HomeShow
</UL>
<BR>[Address Reference Count : 9]<UL><LI> menu.o(i.Task_creation)
<LI> main.o(i.main)
<LI> alarm_clock.o(i.Alarm_Clock_Proc)
<LI> contact.o(i.Contact_Proc)
<LI> guessnum.o(i.GuessNum_Proc)
<LI> arm_menu.o(i.ArmMenu_Home)
<LI> led_frequency.o(i.LedSet_Menu_Proc)
<LI> greedysnake.o(i.GreedySnake_Proc)
<LI> guessmine.o(i.GuessMine_Proc)
</UL>
<P><STRONG><a name="[e1]"></a>MineBoard_Init</STRONG> (Thumb, 62 bytes, Stack size 16 bytes, guessmine.o(i.MineBoard_Init))
<BR><BR>[Stack]<UL><LI>Max Depth = 32<LI>Call Chain = MineBoard_Init &rArr; GetRandom
</UL>
<BR>[Calls]<UL><LI><a href="#[c1]">&gt;&gt;</a>&nbsp;&nbsp;&nbsp;GetRandom
</UL>
<BR>[Called By]<UL><LI><a href="#[35]">&gt;&gt;</a>&nbsp;&nbsp;&nbsp;main
</UL>

<P><STRONG><a name="[d2]"></a>Mine_Victory</STRONG> (Thumb, 32 bytes, Stack size 8 bytes, guessmine.o(i.Mine_Victory))
<BR><BR>[Stack]<UL><LI>Max Depth = 456<LI>Call Chain = Mine_Victory &rArr; OLED_Printf &rArr; OLED_ShowString &rArr; OLED_ShowChar &rArr; OLED_ShowImage &rArr; OLED_ClearArea
</UL>
<BR>[Calls]<UL><LI><a href="#[83]">&gt;&gt;</a>&nbsp;&nbsp;&nbsp;OLED_Printf
<LI><a href="#[82]">&gt;&gt;</a>&nbsp;&nbsp;&nbsp;OLED_Clear
<LI><a href="#[e2]">&gt;&gt;</a>&nbsp;&nbsp;&nbsp;OLED_UpdateArea
</UL>
<BR>[Called By]<UL><LI><a href="#[4d]">&gt;&gt;</a>&nbsp;&nbsp;&nbsp;GuessMine_Proc
</UL>

<P><STRONG><a name="[e3]"></a>Moto_SetState</STRONG> (Thumb, 120 bytes, Stack size 8 bytes, motor_driver.o(i.Moto_SetState))
<BR><BR>[Stack]<UL><LI>Max Depth = 8<LI>Call Chain = Moto_SetState
</UL>
<BR>[Calls]<UL><LI><a href="#[b0]">&gt;&gt;</a>&nbsp;&nbsp;&nbsp;GPIO_WriteBit
</UL>
<BR>[Called By]<UL><LI><a href="#[aa]">&gt;&gt;</a>&nbsp;&nbsp;&nbsp;motor_Init
<LI><a href="#[ab]">&gt;&gt;</a>&nbsp;&nbsp;&nbsp;Moto_correction
</UL>

<P><STRONG><a name="[ea]"></a>NEC_Init</STRONG> (Thumb, 262 bytes, Stack size 40 bytes, nec_driver.o(i.NEC_Init))
<BR><BR>[Stack]<UL><LI>Max Depth = 76<LI>Call Chain = NEC_Init &rArr; TIM_ICInit &rArr; TI4_Config
</UL>
<BR>[Calls]<UL><LI><a href="#[8f]">&gt;&gt;</a>&nbsp;&nbsp;&nbsp;TIM_TimeBaseInit
<LI><a href="#[91]">&gt;&gt;</a>&nbsp;&nbsp;&nbsp;TIM_ITConfig
<LI><a href="#[90]">&gt;&gt;</a>&nbsp;&nbsp;&nbsp;TIM_GenerateEvent
<LI><a href="#[93]">&gt;&gt;</a>&nbsp;&nbsp;&nbsp;TIM_Cmd
<LI><a href="#[f0]">&gt;&gt;</a>&nbsp;&nbsp;&nbsp;TIM_ClearFlag
<LI><a href="#[8e]">&gt;&gt;</a>&nbsp;&nbsp;&nbsp;TIM_ARRPreloadConfig
<LI><a href="#[92]">&gt;&gt;</a>&nbsp;&nbsp;&nbsp;NVIC_Init
<LI><a href="#[ad]">&gt;&gt;</a>&nbsp;&nbsp;&nbsp;RCC_APB2PeriphClockCmd
<LI><a href="#[ae]">&gt;&gt;</a>&nbsp;&nbsp;&nbsp;GPIO_Init
<LI><a href="#[ed]">&gt;&gt;</a>&nbsp;&nbsp;&nbsp;TIM_SetClockDivision
<LI><a href="#[ec]">&gt;&gt;</a>&nbsp;&nbsp;&nbsp;TIM_SelectHallSensor
<LI><a href="#[ee]">&gt;&gt;</a>&nbsp;&nbsp;&nbsp;TIM_ICInit
<LI><a href="#[ef]">&gt;&gt;</a>&nbsp;&nbsp;&nbsp;TIM_CCxCmd
<LI><a href="#[eb]">&gt;&gt;</a>&nbsp;&nbsp;&nbsp;RCC_APB2PeriphResetCmd
</UL>
<BR>[Called By]<UL><LI><a href="#[35]">&gt;&gt;</a>&nbsp;&nbsp;&nbsp;main
</UL>

<P><STRONG><a name="[1]"></a>NMI_Handler</STRONG> (Thumb, 2 bytes, Stack size 0 bytes, stm32f10x_it.o(i.NMI_Handler))
<BR>[Address Reference Count : 1]<UL><LI> startup_stm32f10x_md.o(RESET)
</UL>
<P><STRONG><a name="[92]"></a>NVIC_Init</STRONG> (Thumb, 100 bytes, Stack size 16 bytes, misc.o(i.NVIC_Init))
<BR><BR>[Stack]<UL><LI>Max Depth = 16<LI>Call Chain = NVIC_Init
</UL>
<BR>[Called By]<UL><LI><a href="#[8b]">&gt;&gt;</a>&nbsp;&nbsp;&nbsp;App_Timer_Init
<LI><a href="#[ea]">&gt;&gt;</a>&nbsp;&nbsp;&nbsp;NEC_Init
<LI><a href="#[14c]">&gt;&gt;</a>&nbsp;&nbsp;&nbsp;usart_slave_Init
</UL>

<P><STRONG><a name="[135]"></a>NVIC_PriorityGroupConfig</STRONG> (Thumb, 10 bytes, Stack size 0 bytes, misc.o(i.NVIC_PriorityGroupConfig))
<BR><BR>[Called By]<UL><LI><a href="#[36]">&gt;&gt;</a>&nbsp;&nbsp;&nbsp;SystemInit
</UL>

<P><STRONG><a name="[82]"></a>OLED_Clear</STRONG> (Thumb, 36 bytes, Stack size 0 bytes, oled.o(i.OLED_Clear))
<BR><BR>[Called By]<UL><LI><a href="#[41]">&gt;&gt;</a>&nbsp;&nbsp;&nbsp;Name_HomeShow
<LI><a href="#[42]">&gt;&gt;</a>&nbsp;&nbsp;&nbsp;Input_Char
<LI><a href="#[bc]">&gt;&gt;</a>&nbsp;&nbsp;&nbsp;Head_insertion
[...]
</UL>
<BR>[Calls]<UL><LI><a href="#[7b]">&gt;&gt;</a>&nbsp;&nbsp;&nbsp;RTC_ReadTime
<LI><a href="#[84]">&gt;&gt;</a>&nbsp;&nbsp;&nbsp;OLED_ReverseArea
<LI><a href="#[83]">&gt;&gt;</a>&nbsp;&nbsp;&nbsp;OLED_Printf
<LI><a href="#[82]">&gt;&gt;</a>&nbsp;&nbsp;&nbsp;OLED_Clear
</UL>
<BR>[Called By]<UL><LI><a href="#[3c]">&gt;&gt;</a>&nbsp;&nbsp;&nbsp;Alarm_Clock_Proc
</UL>

<P><STRONG><a name="[40]"></a>Buzzer_SetParam</STRONG> (Thumb, 356 bytes, Stack size 16 bytes, alarm_clock.o(i.Buzzer_SetParam))
<BR><BR>[Stack]<UL><LI>Max Depth = 464<LI>Call Chain = Buzzer_SetParam &rArr; OLED_Printf &rArr; OLED_ShowString &rArr; OLED_ShowChar &rArr; OLED_ShowImage &rArr; OLED_ClearArea
</UL>
<BR>[Calls]<UL><LI><a href="#[7a]">&gt;&gt;</a>&nbsp;&nbsp;&nbsp;Buzzer_SetMode
<LI><a href="#[84]">&gt;&gt;</a>&nbsp;&nbsp;&nbsp;OLED_ReverseArea
<LI><a href="#[83]">&gt;&gt;</a>&nbsp;&nbsp;&nbsp;OLED_Printf
<LI><a href="#[82]">&gt;&gt;</a>&nbsp;&nbsp;&nbsp;OLED_Clear
<LI><a href="#[79]">&gt;&gt;</a>&nbsp;&nbsp;&nbsp;IR_GetKey
<LI><a href="#[75]">&gt;&gt;</a>&nbsp;&nbsp;&nbsp;vTask_Delete
<LI><a href="#[7d]">&gt;&gt;</a>&nbsp;&nbsp;&nbsp;Scheduler_AddTask
</UL>
<BR>[Address Reference Count : 2]<UL><LI> alarm_clock.o(i.Buzzer_SetParam)
<LI> alarm_clock.o(i.menu_selector)
</UL>
<P><STRONG><a name="[49]"></a>Time_Set</STRONG> (Thumb, 306 bytes, Stack size 40 bytes, alarm_clock.o(i.Time_Set))
<BR><BR>[Stack]<UL><LI>Max Depth = 488<LI>Call Chain = Time_Set &rArr; OLED_Printf &rArr; OLED_ShowString &rArr; OLED_ShowChar &rArr; OLED_ShowImage &rArr; OLED_ClearArea
</UL>
<BR>[Calls]<UL><LI><a href="#[11e]">&gt;&gt;</a>&nbsp;&nbsp;&nbsp;RTC_SetTime
<LI><a href="#[83]">&gt;&gt;</a>&nbsp;&nbsp;&nbsp;OLED_Printf
<LI><a href="#[82]">&gt;&gt;</a>&nbsp;&nbsp;&nbsp;OLED_Clear
<LI><a href="#[79]">&gt;&gt;</a>&nbsp;&nbsp;&nbsp;IR_GetKey
<LI><a href="#[75]">&gt;&gt;</a>&nbsp;&nbsp;&nbsp;vTask_Delete
<LI><a href="#[7d]">&gt;&gt;</a>&nbsp;&nbsp;&nbsp;Scheduler_AddTask
</UL>
<BR>[Address Reference Count : 2]<UL><LI> alarm_clock.o(i.Time_Set)
<LI> alarm_clock.o(i.menu_selector)
</UL>
<P><STRONG><a name="[7e]"></a>menu_selector</STRONG> (Thumb, 74 bytes, Stack size 8 bytes, alarm_clock.o(i.menu_selector))
<BR><BR>[Stack]<UL><LI>Max Depth = 32<LI>Call Chain = menu_selector &rArr; Scheduler_AddTask
</UL>
<BR>[Calls]<UL><LI><a href="#[75]">&gt;&gt;</a>&nbsp;&nbsp;&nbsp;vTask_Delete
<LI><a href="#[7d]">&gt;&gt;</a>&nbsp;&nbsp;&nbsp;Scheduler_AddTask
</UL>
<BR>[Called By]<UL><LI><a href="#[3c]">&gt;&gt;</a>&nbsp;&nbsp;&nbsp;Alarm_Clock_Proc
</UL>

<P><STRONG><a name="[b4]"></a>Contact_Delete</STRONG> (Thumb, 150 bytes, Stack size 8 bytes, contact.o(i.Contact_Delete))
<BR><BR>[Stack]<UL><LI>Max Depth = 8<LI>Call Chain = Contact_Delete
</UL>
<BR>[Calls]<UL><LI><a href="#[b5]">&gt;&gt;</a>&nbsp;&nbsp;&nbsp;Current_option
<LI><a href="#[53]">&gt;&gt;</a>&nbsp;&nbsp;&nbsp;__aeabi_memclr
<LI><a href="#[b6]">&gt;&gt;</a>&nbsp;&nbsp;&nbsp;__aeabi_memcpy
</UL>
<BR>[Called By]<UL><LI><a href="#[48]">&gt;&gt;</a>&nbsp;&nbsp;&nbsp;Contact_Proc
</UL>

<P><STRONG><a name="[b7]"></a>Contact_HomeShow</STRONG> (Thumb, 100 bytes, Stack size 16 bytes, contact.o(i.Contact_HomeShow))
<BR><BR>[Stack]<UL><LI>Max Depth = 464<LI>Call Chain = Contact_HomeShow &rArr; OLED_Printf &rArr; OLED_ShowString &rArr; OLED_ShowChar &rArr; OLED_ShowImage &rArr; OLED_ClearArea
</UL>
<BR>[Calls]<UL><LI><a href="#[84]">&gt;&gt;</a>&nbsp;&nbsp;&nbsp;OLED_ReverseArea
<LI><a href="#[83]">&gt;&gt;</a>&nbsp;&nbsp;&nbsp;OLED_Printf
<LI><a href="#[82]">&gt;&gt;</a>&nbsp;&nbsp;&nbsp;OLED_Clear
</UL>
<BR>[Called By]<UL><LI><a href="#[48]">&gt;&gt;</a>&nbsp;&nbsp;&nbsp;Contact_Proc
</UL>

<P><STRONG><a name="[b5]"></a>Current_option</STRONG> (Thumb, 30 bytes, Stack size 0 bytes, contact.o(i.Current_option))
<BR><BR>[Called By]<UL><LI><a href="#[b4]">&gt;&gt;</a>&nbsp;&nbsp;&nbsp;Contact_Delete
<LI><a href="#[48]">&gt;&gt;</a>&nbsp;&nbsp;&nbsp;Contact_Proc
</UL>

<P><STRONG><a name="[bc]"></a>Head_insertion</STRONG> (Thumb, 104 bytes, Stack size 8 bytes, contact.o(i.Head_insertion))
<BR><BR>[Stack]<UL><LI>Max Depth = 8<LI>Call Chain = Head_insertion
</UL>
<BR>[Calls]<UL><LI><a href="#[82]">&gt;&gt;</a>&nbsp;&nbsp;&nbsp;OLED_Clear
<LI><a href="#[53]">&gt;&gt;</a>&nbsp;&nbsp;&nbsp;__aeabi_memclr
<LI><a href="#[b6]">&gt;&gt;</a>&nbsp;&nbsp;&nbsp;__aeabi_memcpy
</UL>
<BR>[Called By]<UL><LI><a href="#[48]">&gt;&gt;</a>&nbsp;&nbsp;&nbsp;Contact_Proc
</UL>

<P><STRONG><a name="[42]"></a>Input_Char</STRONG> (Thumb, 470 bytes, Stack size 16 bytes, contact.o(i.Input_Char))
<BR><BR>[Stack]<UL><LI>Max Depth = 464<LI>Call Chain = Input_Char &rArr; OLED_Printf &rArr; OLED_ShowString &rArr; OLED_ShowChar &rArr; OLED_ShowImage &rArr; OLED_ClearArea
</UL>
<BR>[Calls]<UL><LI><a href="#[83]">&gt;&gt;</a>&nbsp;&nbsp;&nbsp;OLED_Printf
<LI><a href="#[82]">&gt;&gt;</a>&nbsp;&nbsp;&nbsp;OLED_Clear
<LI><a href="#[79]">&gt;&gt;</a>&nbsp;&nbsp;&nbsp;IR_GetKey
<LI><a href="#[75]">&gt;&gt;</a>&nbsp;&nbsp;&nbsp;vTask_Delete
<LI><a href="#[7d]">&gt;&gt;</a>&nbsp;&nbsp;&nbsp;Scheduler_AddTask
<LI><a href="#[b9]">&gt;&gt;</a>&nbsp;&nbsp;&nbsp;strncpy
</UL>
<BR>[Address Reference Count : 2]<UL><LI> contact.o(i.Input_Char)
<LI> contact.o(i.Name_HomeShow)
</UL>
<P><STRONG><a name="[41]"></a>Name_HomeShow</STRONG> (Thumb, 276 bytes, Stack size 16 bytes, contact.o(i.Name_HomeShow))
<BR><BR>[Stack]<UL><LI>Max Depth = 464<LI>Call Chain = Name_HomeShow &rArr; OLED_Printf &rArr; OLED_ShowString &rArr; OLED_ShowChar &rArr; OLED_ShowImage &rArr; OLED_ClearArea
</UL>
<BR>[Calls]<UL><LI><a href="#[84]">&gt;&gt;</a>&nbsp;&nbsp;&nbsp;OLED_ReverseArea
<LI><a href="#[83]">&gt;&gt;</a>&nbsp;&nbsp;&nbsp;OLED_Printf
<LI><a href="#[82]">&gt;&gt;</a>&nbsp;&nbsp;&nbsp;OLED_Clear
<LI><a href="#[79]">&gt;&gt;</a>&nbsp;&nbsp;&nbsp;IR_GetKey
<LI><a href="#[75]">&gt;&gt;</a>&nbsp;&nbsp;&nbsp;vTask_Delete
<LI><a href="#[7d]">&gt;&gt;</a>&nbsp;&nbsp;&nbsp;Scheduler_AddTask
</UL>
<BR>[Address Reference Count : 3]<UL><LI> contact.o(i.Contact_Proc)
<LI> contact.o(i.Input_Char)
<LI> contact.o(i.Name_HomeShow)
</UL>
<P><STRONG><a name="[bb]"></a>Option_down</STRONG> (Thumb, 42 bytes, Stack size 0 bytes, contact.o(i.Option_down))
<BR><BR>[Called By]<UL><LI><a href="#[48]">&gt;&gt;</a>&nbsp;&nbsp;&nbsp;Contact_Proc
</UL>

<P><STRONG><a name="[ba]"></a>Option_up</STRONG> (Thumb, 42 bytes, Stack size 0 bytes, contact.o(i.Option_up))
<BR><BR>[Called By]<UL><LI><a href="#[48]">&gt;&gt;</a>&nbsp;&nbsp;&nbsp;Contact_Proc
</UL>

<P><STRONG><a name="[bd]"></a>Tail_insertion</STRONG> (Thumb, 30 bytes, Stack size 0 bytes, contact.o(i.Tail_insertion))
<BR><BR>[Called By]<UL><LI><a href="#[48]">&gt;&gt;</a>&nbsp;&nbsp;&nbsp;Contact_Proc
</UL>

<P><STRONG><a name="[38]"></a>ActionRum</STRONG> (Thumb, 150 bytes, Stack size 32 bytes, arm_menu.o(i.ActionRum))
<BR><BR>[Stack]<UL><LI>Max Depth = 56<LI>Call Chain = ActionRum &rArr; Arm_MoveTo
</UL>
<BR>[Calls]<UL><LI><a href="#[76]">&gt;&gt;</a>&nbsp;&nbsp;&nbsp;Arm_MoveTo
<LI><a href="#[75]">&gt;&gt;</a>&nbsp;&nbsp;&nbsp;vTask_Delete
<LI><a href="#[77]">&gt;&gt;</a>&nbsp;&nbsp;&nbsp;vTask_Delay
</UL>
<BR>[Address Reference Count : 3]<UL><LI> arm_menu.o(i.ActionRum)
<LI> arm_menu.o(i.ActionStop)
<LI> arm_menu.o(i.Change_Action)
</UL>
<P><STRONG><a name="[a8]"></a>ActionStart</STRONG> (Thumb, 14 bytes, Stack size 0 bytes, arm_menu.o(i.ActionStart))
<BR><BR>[Called By]<UL><LI><a href="#[a2]">&gt;&gt;</a>&nbsp;&nbsp;&nbsp;Arm_Action
</UL>

<P><STRONG><a name="[78]"></a>ActionStop</STRONG> (Thumb, 28 bytes, Stack size 8 bytes, arm_menu.o(i.ActionStop))
<BR><BR>[Stack]<UL><LI>Max Depth = 20<LI>Call Chain = ActionStop &rArr; vTask_Delete
</UL>
<BR>[Calls]<UL><LI><a href="#[75]">&gt;&gt;</a>&nbsp;&nbsp;&nbsp;vTask_Delete
</UL>
<BR>[Called By]<UL><LI><a href="#[a3]">&gt;&gt;</a>&nbsp;&nbsp;&nbsp;Arm_ActionSecondary
</UL>

<P><STRONG><a name="[95]"></a>ArmAuro_Proc</STRONG> (Thumb, 36 bytes, Stack size 16 bytes, arm_menu.o(i.ArmAuro_Proc))
<BR><BR>[Stack]<UL><LI>Max Depth = 16<LI>Call Chain = ArmAuro_Proc
</UL>
<BR>[Calls]<UL><LI><a href="#[79]">&gt;&gt;</a>&nbsp;&nbsp;&nbsp;IR_GetKey
</UL>
<BR>[Called By]<UL><LI><a href="#[9e]">&gt;&gt;</a>&nbsp;&nbsp;&nbsp;ArmMode_Details
</UL>

<P><STRONG><a name="[96]"></a>ArmAuto_Show</STRONG> (Thumb, 202 bytes, Stack size 40 bytes, arm_menu.o(i.ArmAuto_Show))
<BR><BR>[Stack]<UL><LI>Max Depth = 488<LI>Call Chain = ArmAuto_Show &rArr; OLED_Printf &rArr; OLED_ShowString &rArr; OLED_ShowChar &rArr; OLED_ShowImage &rArr; OLED_ClearArea
</UL>
<BR>[Calls]<UL><LI><a href="#[98]">&gt;&gt;</a>&nbsp;&nbsp;&nbsp;Arm_GetTarget_Angle
<LI><a href="#[97]">&gt;&gt;</a>&nbsp;&nbsp;&nbsp;Arm_GetCurrent_Angle
<LI><a href="#[87]">&gt;&gt;</a>&nbsp;&nbsp;&nbsp;__aeabi_f2d
<LI><a href="#[83]">&gt;&gt;</a>&nbsp;&nbsp;&nbsp;OLED_Printf
<LI><a href="#[82]">&gt;&gt;</a>&nbsp;&nbsp;&nbsp;OLED_Clear
<LI><a href="#[99]">&gt;&gt;</a>&nbsp;&nbsp;&nbsp;OLED_ShowFloatNum
</UL>
<BR>[Called By]<UL><LI><a href="#[9e]">&gt;&gt;</a>&nbsp;&nbsp;&nbsp;ArmMode_Details
</UL>

<P><STRONG><a name="[9f]"></a>ArmMenu_Show</STRONG> (Thumb, 60 bytes, Stack size 16 bytes, arm_menu.o(i.ArmMenu_Show))
<BR><BR>[Stack]<UL><LI>Max Depth = 464<LI>Call Chain = ArmMenu_Show &rArr; OLED_Printf &rArr; OLED_ShowString &rArr; OLED_ShowChar &rArr; OLED_ShowImage &rArr; OLED_ClearArea
</UL>
<BR>[Calls]<UL><LI><a href="#[84]">&gt;&gt;</a>&nbsp;&nbsp;&nbsp;OLED_ReverseArea
<LI><a href="#[83]">&gt;&gt;</a>&nbsp;&nbsp;&nbsp;OLED_Printf
<LI><a href="#[82]">&gt;&gt;</a>&nbsp;&nbsp;&nbsp;OLED_Clear
</UL>
<BR>[Called By]<UL><LI><a href="#[9e]">&gt;&gt;</a>&nbsp;&nbsp;&nbsp;ArmMode_Details
</UL>

<P><STRONG><a name="[a0]"></a>ArmRemote_Show</STRONG> (Thumb, 472 bytes, Stack size 40 bytes, arm_menu.o(i.ArmRemote_Show))
<BR><BR>[Stack]<UL><LI>Max Depth = 488<LI>Call Chain = ArmRemote_Show &rArr; OLED_Printf &rArr; OLED_ShowString &rArr; OLED_ShowChar &rArr; OLED_ShowImage &rArr; OLED_ClearArea
</UL>
<BR>[Calls]<UL><LI><a href="#[98]">&gt;&gt;</a>&nbsp;&nbsp;&nbsp;Arm_GetTarget_Angle
<LI><a href="#[97]">&gt;&gt;</a>&nbsp;&nbsp;&nbsp;Arm_GetCurrent_Angle
<LI><a href="#[87]">&gt;&gt;</a>&nbsp;&nbsp;&nbsp;__aeabi_f2d
<LI><a href="#[84]">&gt;&gt;</a>&nbsp;&nbsp;&nbsp;OLED_ReverseArea
<LI><a href="#[83]">&gt;&gt;</a>&nbsp;&nbsp;&nbsp;OLED_Printf
<LI><a href="#[82]">&gt;&gt;</a>&nbsp;&nbsp;&nbsp;OLED_Clear
<LI><a href="#[99]">&gt;&gt;</a>&nbsp;&nbsp;&nbsp;OLED_ShowFloatNum
</UL>
<BR>[Called By]<UL><LI><a href="#[9e]">&gt;&gt;</a>&nbsp;&nbsp;&nbsp;ArmMode_Details
</UL>

<P><STRONG><a name="[a2]"></a>Arm_Action</STRONG> (Thumb, 96 bytes, Stack size 16 bytes, arm_menu.o(i.Arm_Action))
<BR><BR>[Stack]<UL><LI>Max Depth = 16<LI>Call Chain = Arm_Action
</UL>
<BR>[Calls]<UL><LI><a href="#[79]">&gt;&gt;</a>&nbsp;&nbsp;&nbsp;IR_GetKey
<LI><a href="#[a8]">&gt;&gt;</a>&nbsp;&nbsp;&nbsp;ActionStart
</UL>
<BR>[Called By]<UL><LI><a href="#[9e]">&gt;&gt;</a>&nbsp;&nbsp;&nbsp;ArmMode_Details
</UL>

<P><STRONG><a name="[a3]"></a>Arm_ActionSecondary</STRONG> (Thumb, 36 bytes, Stack size 16 bytes, arm_menu.o(i.Arm_ActionSecondary))
<BR><BR>[Stack]<UL><LI>Max Depth = 36<LI>Call Chain = Arm_ActionSecondary &rArr; ActionStop &rArr; vTask_Delete
</UL>
<BR>[Calls]<UL><LI><a href="#[79]">&gt;&gt;</a>&nbsp;&nbsp;&nbsp;IR_GetKey
<LI><a href="#[78]">&gt;&gt;</a>&nbsp;&nbsp;&nbsp;ActionStop
</UL>
<BR>[Called By]<UL><LI><a href="#[9e]">&gt;&gt;</a>&nbsp;&nbsp;&nbsp;ArmMode_Details
</UL>

<P><STRONG><a name="[a1]"></a>Arm_Remote_Proc</STRONG> (Thumb, 480 bytes, Stack size 24 bytes, arm_menu.o(i.Arm_Remote_Proc))
<BR><BR>[Stack]<UL><LI>Max Depth = 48<LI>Call Chain = Arm_Remote_Proc &rArr; Arm_MoveTo
</UL>
<BR>[Calls]<UL><LI><a href="#[56]">&gt;&gt;</a>&nbsp;&nbsp;&nbsp;__aeabi_fadd
<LI><a href="#[66]">&gt;&gt;</a>&nbsp;&nbsp;&nbsp;__aeabi_ui2f
<LI><a href="#[59]">&gt;&gt;</a>&nbsp;&nbsp;&nbsp;__aeabi_fsub
<LI><a href="#[71]">&gt;&gt;</a>&nbsp;&nbsp;&nbsp;__aeabi_fmul
<LI><a href="#[76]">&gt;&gt;</a>&nbsp;&nbsp;&nbsp;Arm_MoveTo
<LI><a href="#[79]">&gt;&gt;</a>&nbsp;&nbsp;&nbsp;IR_GetKey
<LI><a href="#[a9]">&gt;&gt;</a>&nbsp;&nbsp;&nbsp;Arm_IR_InputJudgment
</UL>
<BR>[Called By]<UL><LI><a href="#[9e]">&gt;&gt;</a>&nbsp;&nbsp;&nbsp;ArmMode_Details
</UL>

<P><STRONG><a name="[a7]"></a>Change_Action</STRONG> (Thumb, 54 bytes, Stack size 8 bytes, arm_menu.o(i.Change_Action))
<BR><BR>[Stack]<UL><LI>Max Depth = 32<LI>Call Chain = Change_Action &rArr; Scheduler_AddTask
</UL>
<BR>[Calls]<UL><LI><a href="#[7d]">&gt;&gt;</a>&nbsp;&nbsp;&nbsp;Scheduler_AddTask
</UL>
<BR>[Called By]<UL><LI><a href="#[3f]">&gt;&gt;</a>&nbsp;&nbsp;&nbsp;ArmMode_Task
</UL>

<P><STRONG><a name="[b1]"></a>Cmd_ArmControl</STRONG> (Thumb, 68 bytes, Stack size 24 bytes, usart_framehandler.o(i.Cmd_ArmControl))
<BR><BR>[Stack]<UL><LI>Max Depth = 48<LI>Call Chain = Cmd_ArmControl &rArr; Arm_MoveTo
</UL>
<BR>[Calls]<UL><LI><a href="#[65]">&gt;&gt;</a>&nbsp;&nbsp;&nbsp;__aeabi_i2f
<LI><a href="#[76]">&gt;&gt;</a>&nbsp;&nbsp;&nbsp;Arm_MoveTo
</UL>
<BR>[Called By]<UL><LI><a href="#[a6]">&gt;&gt;</a>&nbsp;&nbsp;&nbsp;USART_FrameHandler_Task
</UL>

<P><STRONG><a name="[b2]"></a>Cmd_BuzzerControl</STRONG> (Thumb, 34 bytes, Stack size 16 bytes, usart_framehandler.o(i.Cmd_BuzzerControl))
<BR><BR>[Stack]<UL><LI>Max Depth = 56<LI>Call Chain = Cmd_BuzzerControl &rArr; Buzzer_SetMode &rArr; Buzzer_SetState
</UL>
<BR>[Calls]<UL><LI><a href="#[7a]">&gt;&gt;</a>&nbsp;&nbsp;&nbsp;Buzzer_SetMode
</UL>
<BR>[Called By]<UL><LI><a href="#[a6]">&gt;&gt;</a>&nbsp;&nbsp;&nbsp;USART_FrameHandler_Task
</UL>

<P><STRONG><a name="[b3]"></a>Cmd_BuzzerOFF</STRONG> (Thumb, 18 bytes, Stack size 8 bytes, usart_framehandler.o(i.Cmd_BuzzerOFF))
<BR><BR>[Stack]<UL><LI>Max Depth = 48<LI>Call Chain = Cmd_BuzzerOFF &rArr; Buzzer_SetMode &rArr; Buzzer_SetState
</UL>
<BR>[Calls]<UL><LI><a href="#[7a]">&gt;&gt;</a>&nbsp;&nbsp;&nbsp;Buzzer_SetMode
</UL>
<BR>[Called By]<UL><LI><a href="#[a6]">&gt;&gt;</a>&nbsp;&nbsp;&nbsp;USART_FrameHandler_Task
</UL>

<P><STRONG><a name="[d4]"></a>IR_CalcPulseWidth</STRONG> (Thumb, 60 bytes, Stack size 8 bytes, nec_driver.o(i.IR_CalcPulseWidth))
<BR><BR>[Stack]<UL><LI>Max Depth = 8<LI>Call Chain = IR_CalcPulseWidth
</UL>
<BR>[Calls]<UL><LI><a href="#[d5]">&gt;&gt;</a>&nbsp;&nbsp;&nbsp;TIM_GetCapture1
</UL>
<BR>[Called By]<UL><LI><a href="#[e4]">&gt;&gt;</a>&nbsp;&nbsp;&nbsp;NEC_CaptureEdge
</UL>

<P><STRONG><a name="[e4]"></a>NEC_CaptureEdge</STRONG> (Thumb, 52 bytes, Stack size 8 bytes, nec_driver.o(i.NEC_CaptureEdge))
<BR><BR>[Stack]<UL><LI>Max Depth = 40<LI>Call Chain = NEC_CaptureEdge &rArr; NEC_State_Receive &rArr; NEC_CheckCode
</UL>
<BR>[Calls]<UL><LI><a href="#[e7]">&gt;&gt;</a>&nbsp;&nbsp;&nbsp;NEC_State_Repeat
<LI><a href="#[e6]">&gt;&gt;</a>&nbsp;&nbsp;&nbsp;NEC_State_Receive
<LI><a href="#[e5]">&gt;&gt;</a>&nbsp;&nbsp;&nbsp;NEC_State_IDLE
<LI><a href="#[d4]">&gt;&gt;</a>&nbsp;&nbsp;&nbsp;IR_CalcPulseWidth
</UL>
<BR>[Called By]<UL><LI><a href="#[25]">&gt;&gt;</a>&nbsp;&nbsp;&nbsp;TIM1_CC_IRQHandler
</UL>

<P><STRONG><a name="[e8]"></a>NEC_CheckCode</STRONG> (Thumb, 62 bytes, Stack size 16 bytes, nec_driver.o(i.NEC_CheckCode))
<BR><BR>[Stack]<UL><LI>Max Depth = 16<LI>Call Chain = NEC_CheckCode
</UL>
<BR>[Calls]<UL><LI><a href="#[e9]">&gt;&gt;</a>&nbsp;&nbsp;&nbsp;NEC_ClearError
</UL>
<BR>[Called By]<UL><LI><a href="#[e6]">&gt;&gt;</a>&nbsp;&nbsp;&nbsp;NEC_State_Receive
</UL>

<P><STRONG><a name="[e9]"></a>NEC_ClearError</STRONG> (Thumb, 12 bytes, Stack size 0 bytes, nec_driver.o(i.NEC_ClearError))
<BR><BR>[Called By]<UL><LI><a href="#[e6]">&gt;&gt;</a>&nbsp;&nbsp;&nbsp;NEC_State_Receive
<LI><a href="#[e5]">&gt;&gt;</a>&nbsp;&nbsp;&nbsp;NEC_State_IDLE
<LI><a href="#[e8]">&gt;&gt;</a>&nbsp;&nbsp;&nbsp;NEC_CheckCode
<LI><a href="#[23]">&gt;&gt;</a>&nbsp;&nbsp;&nbsp;TIM1_UP_IRQHandler
</UL>

<P><STRONG><a name="[e5]"></a>NEC_State_IDLE</STRONG> (Thumb, 40 bytes, Stack size 16 bytes, nec_driver.o(i.NEC_State_IDLE))
<BR><BR>[Stack]<UL><LI>Max Depth = 16<LI>Call Chain = NEC_State_IDLE
</UL>
<BR>[Calls]<UL><LI><a href="#[e9]">&gt;&gt;</a>&nbsp;&nbsp;&nbsp;NEC_ClearError
</UL>
<BR>[Called By]<UL><LI><a href="#[e4]">&gt;&gt;</a>&nbsp;&nbsp;&nbsp;NEC_CaptureEdge
</UL>

<P><STRONG><a name="[e6]"></a>NEC_State_Receive</STRONG> (Thumb, 78 bytes, Stack size 16 bytes, nec_driver.o(i.NEC_State_Receive))
<BR><BR>[Stack]<UL><LI>Max Depth = 32<LI>Call Chain = NEC_State_Receive &rArr; NEC_CheckCode
</UL>
<BR>[Calls]<UL><LI><a href="#[e9]">&gt;&gt;</a>&nbsp;&nbsp;&nbsp;NEC_ClearError
<LI><a href="#[e8]">&gt;&gt;</a>&nbsp;&nbsp;&nbsp;NEC_CheckCode
</UL>
<BR>[Called By]<UL><LI><a href="#[e4]">&gt;&gt;</a>&nbsp;&nbsp;&nbsp;NEC_CaptureEdge
</UL>

<P><STRONG><a name="[e7]"></a>NEC_State_Repeat</STRONG> (Thumb, 42 bytes, Stack size 0 bytes, nec_driver.o(i.NEC_State_Repeat))
<BR><BR>[Called By]<UL><LI><a href="#[e4]">&gt;&gt;</a>&nbsp;&nbsp;&nbsp;NEC_CaptureEdge
</UL>

<P><STRONG><a name="[13a]"></a>TI1_Config</STRONG> (Thumb, 108 bytes, Stack size 20 bytes, stm32f10x_tim.o(i.TI1_Config))
<BR><BR>[Stack]<UL><LI>Max Depth = 20<LI>Call Chain = TI1_Config
</UL>
<BR>[Called By]<UL><LI><a href="#[ee]">&gt;&gt;</a>&nbsp;&nbsp;&nbsp;TIM_ICInit
</UL>

<P><STRONG><a name="[13c]"></a>TI2_Config</STRONG> (Thumb, 130 bytes, Stack size 20 bytes, stm32f10x_tim.o(i.TI2_Config))
<BR><BR>[Stack]<UL><LI>Max Depth = 20<LI>Call Chain = TI2_Config
</UL>
<BR>[Called By]<UL><LI><a href="#[ee]">&gt;&gt;</a>&nbsp;&nbsp;&nbsp;TIM_ICInit
</UL>

<P><STRONG><a name="[13e]"></a>TI3_Config</STRONG> (Thumb, 122 bytes, Stack size 20 bytes, stm32f10x_tim.o(i.TI3_Config))
<BR><BR>[Stack]<UL><LI>Max Depth = 20<LI>Call Chain = TI3_Config
</UL>
<BR>[Called By]<UL><LI><a href="#[ee]">&gt;&gt;</a>&nbsp;&nbsp;&nbsp;TIM_ICInit
</UL>

<P><STRONG><a name="[140]"></a>TI4_Config</STRONG> (Thumb, 130 bytes, Stack size 20 bytes, stm32f10x_tim.o(i.TI4_Config))
<BR><BR>[Stack]<UL><LI>Max Depth = 20<LI>Call Chain = TI4_Config
</UL>
<BR>[Called By]<UL><LI><a href="#[ee]">&gt;&gt;</a>&nbsp;&nbsp;&nbsp;TIM_ICInit
</UL>

<P><STRONG><a name="[152]"></a>_fp_digits</STRONG> (Thumb, 366 bytes, Stack size 64 bytes, printfa.o(i._fp_digits), UNUSED)
<BR><BR>[Calls]<UL><LI><a href="#[63]">&gt;&gt;</a>&nbsp;&nbsp;&nbsp;__aeabi_dmul
<LI><a href="#[5c]">&gt;&gt;</a>&nbsp;&nbsp;&nbsp;__aeabi_dadd
<LI><a href="#[88]">&gt;&gt;</a>&nbsp;&nbsp;&nbsp;__aeabi_cdrcmple
<LI><a href="#[64]">&gt;&gt;</a>&nbsp;&nbsp;&nbsp;__aeabi_ddiv
<LI><a href="#[6b]">&gt;&gt;</a>&nbsp;&nbsp;&nbsp;__aeabi_uldivmod
<LI><a href="#[6e]">&gt;&gt;</a>&nbsp;&nbsp;&nbsp;__aeabi_d2ulz
</UL>
<BR>[Called By]<UL><LI><a href="#[151]">&gt;&gt;</a>&nbsp;&nbsp;&nbsp;_printf_core
</UL>

<P><STRONG><a name="[151]"></a>_printf_core</STRONG> (Thumb, 1704 bytes, Stack size 136 bytes, printfa.o(i._printf_core), UNUSED)
<BR><BR>[Calls]<UL><LI><a href="#[6b]">&gt;&gt;</a>&nbsp;&nbsp;&nbsp;__aeabi_uldivmod
<LI><a href="#[155]">&gt;&gt;</a>&nbsp;&nbsp;&nbsp;__aeabi_uidivmod
<LI><a href="#[153]">&gt;&gt;</a>&nbsp;&nbsp;&nbsp;_printf_pre_padding
<LI><a href="#[154]">&gt;&gt;</a>&nbsp;&nbsp;&nbsp;_printf_post_padding
<LI><a href="#[152]">&gt;&gt;</a>&nbsp;&nbsp;&nbsp;_fp_digits
</UL>
<BR>[Called By]<UL><LI><a href="#[150]">&gt;&gt;</a>&nbsp;&nbsp;&nbsp;__0vsprintf
</UL>

<P><STRONG><a name="[154]"></a>_printf_post_padding</STRONG> (Thumb, 36 bytes, Stack size 24 bytes, printfa.o(i._printf_post_padding), UNUSED)
<BR><BR>[Called By]<UL><LI><a href="#[151]">&gt;&gt;</a>&nbsp;&nbsp;&nbsp;_printf_core
</UL>

<P><STRONG><a name="[153]"></a>_printf_pre_padding</STRONG> (Thumb, 46 bytes, Stack size 24 bytes, printfa.o(i._printf_pre_padding), UNUSED)
<BR><BR>[Called By]<UL><LI><a href="#[151]">&gt;&gt;</a>&nbsp;&nbsp;&nbsp;_printf_core
</UL>

<P><STRONG><a name="[4a]"></a>_sputc</STRONG> (Thumb, 10 bytes, Stack size 0 bytes, printfa.o(i._sputc))
<BR><BR>[Called By]<UL><LI><a href="#[150]">&gt;&gt;</a>&nbsp;&nbsp;&nbsp;__0vsprintf
</UL>
<BR>[Address Reference Count : 1]<UL><LI> printfa.o(i.__0vsprintf)
</UL><P>
<H3>
Undefined Global Symbols
</H3><HR></body></html>
